Archive member included to satisfy reference by file (symbol)

C:/ST/STM32CubeIDE_1.14.1/STM32CubeIDE/plugins/com.st.stm32cube.ide.mcu.externaltools.gnu-tools-for-stm32.12.3.rel1.win32_1.0.100.202403111256/tools/bin/../lib/gcc/arm-none-eabi/12.3.1/../../../../arm-none-eabi/lib/thumb/v7e-m+fp/hard\libc_nano.a(libc_a-exit.o)
                              C:/ST/STM32CubeIDE_1.14.1/STM32CubeIDE/plugins/com.st.stm32cube.ide.mcu.externaltools.gnu-tools-for-stm32.12.3.rel1.win32_1.0.100.202403111256/tools/bin/../lib/gcc/arm-none-eabi/12.3.1/../../../../arm-none-eabi/lib/thumb/v7e-m+fp/hard/crt0.o (exit)
C:/ST/STM32CubeIDE_1.14.1/STM32CubeIDE/plugins/com.st.stm32cube.ide.mcu.externaltools.gnu-tools-for-stm32.12.3.rel1.win32_1.0.100.202403111256/tools/bin/../lib/gcc/arm-none-eabi/12.3.1/../../../../arm-none-eabi/lib/thumb/v7e-m+fp/hard\libc_nano.a(libc_a-findfp.o)
                              C:/ST/STM32CubeIDE_1.14.1/STM32CubeIDE/plugins/com.st.stm32cube.ide.mcu.externaltools.gnu-tools-for-stm32.12.3.rel1.win32_1.0.100.202403111256/tools/bin/../lib/gcc/arm-none-eabi/12.3.1/../../../../arm-none-eabi/lib/thumb/v7e-m+fp/hard\libc_nano.a(libc_a-exit.o) (__stdio_exit_handler)
C:/ST/STM32CubeIDE_1.14.1/STM32CubeIDE/plugins/com.st.stm32cube.ide.mcu.externaltools.gnu-tools-for-stm32.12.3.rel1.win32_1.0.100.202403111256/tools/bin/../lib/gcc/arm-none-eabi/12.3.1/../../../../arm-none-eabi/lib/thumb/v7e-m+fp/hard\libc_nano.a(libc_a-fwalk.o)
                              C:/ST/STM32CubeIDE_1.14.1/STM32CubeIDE/plugins/com.st.stm32cube.ide.mcu.externaltools.gnu-tools-for-stm32.12.3.rel1.win32_1.0.100.202403111256/tools/bin/../lib/gcc/arm-none-eabi/12.3.1/../../../../arm-none-eabi/lib/thumb/v7e-m+fp/hard\libc_nano.a(libc_a-findfp.o) (_fwalk_sglue)
C:/ST/STM32CubeIDE_1.14.1/STM32CubeIDE/plugins/com.st.stm32cube.ide.mcu.externaltools.gnu-tools-for-stm32.12.3.rel1.win32_1.0.100.202403111256/tools/bin/../lib/gcc/arm-none-eabi/12.3.1/../../../../arm-none-eabi/lib/thumb/v7e-m+fp/hard\libc_nano.a(libc_a-sprintf.o)
                              ./Core/Src/main.o (sprintf)
C:/ST/STM32CubeIDE_1.14.1/STM32CubeIDE/plugins/com.st.stm32cube.ide.mcu.externaltools.gnu-tools-for-stm32.12.3.rel1.win32_1.0.100.202403111256/tools/bin/../lib/gcc/arm-none-eabi/12.3.1/../../../../arm-none-eabi/lib/thumb/v7e-m+fp/hard\libc_nano.a(libc_a-stdio.o)
                              C:/ST/STM32CubeIDE_1.14.1/STM32CubeIDE/plugins/com.st.stm32cube.ide.mcu.externaltools.gnu-tools-for-stm32.12.3.rel1.win32_1.0.100.202403111256/tools/bin/../lib/gcc/arm-none-eabi/12.3.1/../../../../arm-none-eabi/lib/thumb/v7e-m+fp/hard\libc_nano.a(libc_a-findfp.o) (__sread)
C:/ST/STM32CubeIDE_1.14.1/STM32CubeIDE/plugins/com.st.stm32cube.ide.mcu.externaltools.gnu-tools-for-stm32.12.3.rel1.win32_1.0.100.202403111256/tools/bin/../lib/gcc/arm-none-eabi/12.3.1/../../../../arm-none-eabi/lib/thumb/v7e-m+fp/hard\libc_nano.a(libc_a-memset.o)
                              C:/ST/STM32CubeIDE_1.14.1/STM32CubeIDE/plugins/com.st.stm32cube.ide.mcu.externaltools.gnu-tools-for-stm32.12.3.rel1.win32_1.0.100.202403111256/tools/bin/../lib/gcc/arm-none-eabi/12.3.1/../../../../arm-none-eabi/lib/thumb/v7e-m+fp/hard/crt0.o (memset)
C:/ST/STM32CubeIDE_1.14.1/STM32CubeIDE/plugins/com.st.stm32cube.ide.mcu.externaltools.gnu-tools-for-stm32.12.3.rel1.win32_1.0.100.202403111256/tools/bin/../lib/gcc/arm-none-eabi/12.3.1/../../../../arm-none-eabi/lib/thumb/v7e-m+fp/hard\libc_nano.a(libc_a-closer.o)
                              C:/ST/STM32CubeIDE_1.14.1/STM32CubeIDE/plugins/com.st.stm32cube.ide.mcu.externaltools.gnu-tools-for-stm32.12.3.rel1.win32_1.0.100.202403111256/tools/bin/../lib/gcc/arm-none-eabi/12.3.1/../../../../arm-none-eabi/lib/thumb/v7e-m+fp/hard\libc_nano.a(libc_a-stdio.o) (_close_r)
C:/ST/STM32CubeIDE_1.14.1/STM32CubeIDE/plugins/com.st.stm32cube.ide.mcu.externaltools.gnu-tools-for-stm32.12.3.rel1.win32_1.0.100.202403111256/tools/bin/../lib/gcc/arm-none-eabi/12.3.1/../../../../arm-none-eabi/lib/thumb/v7e-m+fp/hard\libc_nano.a(libc_a-reent.o)
                              C:/ST/STM32CubeIDE_1.14.1/STM32CubeIDE/plugins/com.st.stm32cube.ide.mcu.externaltools.gnu-tools-for-stm32.12.3.rel1.win32_1.0.100.202403111256/tools/bin/../lib/gcc/arm-none-eabi/12.3.1/../../../../arm-none-eabi/lib/thumb/v7e-m+fp/hard\libc_nano.a(libc_a-closer.o) (errno)
C:/ST/STM32CubeIDE_1.14.1/STM32CubeIDE/plugins/com.st.stm32cube.ide.mcu.externaltools.gnu-tools-for-stm32.12.3.rel1.win32_1.0.100.202403111256/tools/bin/../lib/gcc/arm-none-eabi/12.3.1/../../../../arm-none-eabi/lib/thumb/v7e-m+fp/hard\libc_nano.a(libc_a-impure.o)
                              C:/ST/STM32CubeIDE_1.14.1/STM32CubeIDE/plugins/com.st.stm32cube.ide.mcu.externaltools.gnu-tools-for-stm32.12.3.rel1.win32_1.0.100.202403111256/tools/bin/../lib/gcc/arm-none-eabi/12.3.1/../../../../arm-none-eabi/lib/thumb/v7e-m+fp/hard\libc_nano.a(libc_a-sprintf.o) (_impure_ptr)
[...]
Memory Configuration

Name             Origin             Length             Attributes
RAM              0x20000000         0x00020000         xrw
FLASH            0x08000000         0x00080000         xr
*default*        0x00000000         0xffffffff

Linker script and memory map

LOAD C:/ST/STM32CubeIDE_1.14.1/STM32CubeIDE/plugins/com.st.stm32cube.ide.mcu.externaltools.gnu-tools-for-stm32.12.3.rel1.win32_1.0.100.202403111256/tools/bin/../lib/gcc/arm-none-eabi/12.3.1/thumb/v7e-m+fp/hard/crti.o
LOAD C:/ST/STM32CubeIDE_1.14.1/STM32CubeIDE/plugins/com.st.stm32cube.ide.mcu.externaltools.gnu-tools-for-stm32.12.3.rel1.win32_1.0.100.202403111256/tools/bin/../lib/gcc/arm-none-eabi/12.3.1/thumb/v7e-m+fp/hard/crtbegin.o
LOAD C:/ST/STM32CubeIDE_1.14.1/STM32CubeIDE/plugins/com.st.stm32cube.ide.mcu.externaltools.gnu-tools-for-stm32.12.3.rel1.win32_1.0.100.202403111256/tools/bin/../lib/gcc/arm-none-eabi/12.3.1/../../../../arm-none-eabi/lib/thumb/v7e-m+fp/hard/crt0.o
LOAD ./Core/Src/LoRa.o
LOAD ./Core/Src/gpio.o
LOAD ./Core/Src/main.o
LOAD ./Core/Src/spi.o
LOAD ./Core/Src/stm32g4xx_hal_msp.o
LOAD ./Core/Src/stm32g4xx_it.o
LOAD ./Core/Src/syscalls.o
LOAD ./Core/Src/sysmem.o
LOAD ./Core/Src/system_stm32g4xx.o
LOAD ./Core/Src/usart.o
LOAD ./Core/Src/usb.o
LOAD ./Core/Startup/startup_stm32g474cetx.o
LOAD ./Drivers/STM32G4xx_HAL_Driver/Src/stm32g4xx_hal.o
LOAD ./Drivers/STM32G4xx_HAL_Driver/Src/stm32g4xx_hal_cortex.o
LOAD ./Drivers/STM32G4xx_HAL_Driver/Src/stm32g4xx_hal_dma.o
LOAD ./Drivers/STM32G4xx_HAL_Driver/Src/stm32g4xx_hal_dma_ex.o
LOAD ./Drivers/STM32G4xx_HAL_Driver/Src/stm32g4xx_hal_exti.o
LOAD ./Drivers/STM32G4xx_HAL_Driver/Src/stm32g4xx_hal_flash.o
LOAD ./Drivers/STM32G4xx_HAL_Driver/Src/stm32g4xx_hal_flash_ex.o
LOAD ./Drivers/STM32G4xx_HAL_Driver/Src/stm32g4xx_hal_flash_ramfunc.o
LOAD ./Drivers/STM32G4xx_HAL_Driver/Src/stm32g4xx_hal_gpio.o
LOAD ./Drivers/STM32G4xx_HAL_Driver/Src/stm32g4xx_hal_pcd.o
LOAD ./Drivers/STM32G4xx_HAL_Driver/Src/stm32g4xx_hal_pcd_ex.o
LOAD ./Drivers/STM32G4xx_HAL_Driver/Src/stm32g4xx_hal_pwr.o
LOAD ./Drivers/STM32G4xx_HAL_Driver/Src/stm32g4xx_hal_pwr_ex.o
LOAD ./Drivers/STM32G4xx_HAL_Driver/Src/stm32g4xx_hal_rcc.o
LOAD ./Drivers/STM32G4xx_HAL_Driver/Src/stm32g4xx_hal_rcc_ex.o
LOAD ./Drivers/STM32G4xx_HAL_Driver/Src/stm32g4xx_hal_spi.o
LOAD ./Drivers/STM32G4xx_HAL_Driver/Src/stm32g4xx_hal_spi_ex.o
LOAD ./Drivers/STM32G4xx_HAL_Driver/Src/stm32g4xx_hal_tim.o
LOAD ./Drivers/STM32G4xx_HAL_Driver/Src/stm32g4xx_hal_tim_ex.o
LOAD ./Drivers/STM32G4xx_HAL_Driver/Src/stm32g4xx_hal_uart.o
LOAD ./Drivers/STM32G4xx_HAL_Driver/Src/stm32g4xx_hal_uart_ex.o
LOAD ./Drivers/STM32G4xx_HAL_Driver/Src/stm32g4xx_ll_usb.o
START GROUP
LOAD C:/ST/STM32CubeIDE_1.14.1/STM32CubeIDE/plugins/com.st.stm32cube.ide.mcu.externaltools.gnu-tools-for-stm32.12.3.rel1.win32_1.0.100.202403111256/tools/bin/../lib/gcc/arm-none-eabi/12.3.1/../../../../arm-none-eabi/lib/thumb/v7e-m+fp/hard\libc_nano.a
LOAD C:/ST/STM32CubeIDE_1.14.1/STM32CubeIDE/plugins/com.st.stm32cube.ide.mcu.externaltools.gnu-tools-for-stm32.12.3.rel1.win32_1.0.100.202403111256/tools/bin/../lib/gcc/arm-none-eabi/12.3.1/../../../../arm-none-eabi/lib/thumb/v7e-m+fp/hard\libm.a
END GROUP
START GROUP
LOAD C:/ST/STM32CubeIDE_1.14.1/STM32CubeIDE/plugins/com.st.stm32cube.ide.mcu.externaltools.gnu-tools-for-stm32.12.3.rel1.win32_1.0.100.202403111256/tools/bin/../lib/gcc/arm-none-eabi/12.3.1/thumb/v7e-m+fp/hard\libgcc.a
LOAD C:/ST/STM32CubeIDE_1.14.1/STM32CubeIDE/plugins/com.st.stm32cube.ide.mcu.externaltools.gnu-tools-for-stm32.12.3.rel1.win32_1.0.100.202403111256/tools/bin/../lib/gcc/arm-none-eabi/12.3.1/../../../../arm-none-eabi/lib/thumb/v7e-m+fp/hard\libc_nano.a
END GROUP
START GROUP
LOAD C:/ST/STM32CubeIDE_1.14.1/STM32CubeIDE/plugins/com.st.stm32cube.ide.mcu.externaltools.gnu-tools-for-stm32.12.3.rel1.win32_1.0.100.202403111256/tools/bin/../lib/gcc/arm-none-eabi/12.3.1/thumb/v7e-m+fp/hard\libgcc.a
LOAD C:/ST/STM32CubeIDE_1.14.1/STM32CubeIDE/plugins/com.st.stm32cube.ide.mcu.externaltools.gnu-tools-for-stm32.12.3.rel1.win32_1.0.100.202403111256/tools/bin/../lib/gcc/arm-none-eabi/12.3.1/../../../../arm-none-eabi/lib/thumb/v7e-m+fp/hard\libc_nano.a
LOAD C:/ST/STM32CubeIDE_1.14.1/STM32CubeIDE/plugins/com.st.stm32cube.ide.mcu.externaltools.gnu-tools-for-stm32.12.3.rel1.win32_1.0.100.202403111256/tools/bin/../lib/gcc/arm-none-eabi/12.3.1/../../../../arm-none-eabi/lib/thumb/v7e-m+fp/hard\libnosys.a
END GROUP
START GROUP
LOAD C:/ST/STM32CubeIDE_1.14.1/STM32CubeIDE/plugins/com.st.stm32cube.ide.mcu.externaltools.gnu-tools-for-stm32.12.3.rel1.win32_1.0.100.202403111256/tools/bin/../lib/gcc/arm-none-eabi/12.3.1/thumb/v7e-m+fp/hard\libgcc.a
LOAD C:/ST/STM32CubeIDE_1.14.1/STM32CubeIDE/plugins/com.st.stm32cube.ide.mcu.externaltools.gnu-tools-for-stm32.12.3.rel1.win32_1.0.100.202403111256/tools/bin/../lib/gcc/arm-none-eabi/12.3.1/../../../../arm-none-eabi/lib/thumb/v7e-m+fp/hard\libc_nano.a
LOAD C:/ST/STM32CubeIDE_1.14.1/STM32CubeIDE/plugins/com.st.stm32cube.ide.mcu.externaltools.gnu-tools-for-stm32.12.3.rel1.win32_1.0.100.202403111256/tools/bin/../lib/gcc/arm-none-eabi/12.3.1/../../../../arm-none-eabi/lib/thumb/v7e-m+fp/hard\libnosys.a
END GROUP
LOAD C:/ST/STM32CubeIDE_1.14.1/STM32CubeIDE/plugins/com.st.stm32cube.ide.mcu.externaltools.gnu-tools-for-stm32.12.3.rel1.win32_1.0.100.202403111256/tools/bin/../lib/gcc/arm-none-eabi/12.3.1/thumb/v7e-m+fp/hard/crtend.o
LOAD C:/ST/STM32CubeIDE_1.14.1/STM32CubeIDE/plugins/com.st.stm32cube.ide.mcu.externaltools.gnu-tools-for-stm32.12.3.rel1.win32_1.0.100.202403111256/tools/bin/../lib/gcc/arm-none-eabi/12.3.1/thumb/v7e-m+fp/hard/crtn.o
                0x20020000                        _estack = (ORIGIN (RAM) + LENGTH (RAM))
                0x00000200                        _Min_Heap_Size = 0x200
                0x00000400                        _Min_Stack_Size = 0x400

.isr_vector     0x08000000      0x1d8
                0x08000000                        . = ALIGN (0x4)
 *(.isr_vector)
 .isr_vector    0x08000000      0x1d8 ./Core/Startup/startup_stm32g474cetx.o
                0x08000000                g_pfnVectors
                0x080001d8                        . = ALIGN (0x4)

.text           0x080001d8     0x515c
                0x080001d8                        . = ALIGN (0x4)
 *(.text)
 .text          0x080001d8       0x40 C:/ST/STM32CubeIDE_1.14.1/STM32CubeIDE/plugins/com.st.stm32cube.ide.mcu.externaltools.gnu-tools-for-stm32.12.3.rel1.win32_1.0.100.202403111256/tools/bin/../lib/gcc/arm-none-eabi/12.3.1/thumb/v7e-m+fp/hard/crtbegin.o
 .text          0x08000218      0x378 C:/ST/STM32CubeIDE_1.14.1/STM32CubeIDE/plugins/com.st.stm32cube.ide.mcu.externaltools.gnu-tools-for-stm32.12.3.rel1.win32_1.0.100.202403111256/tools/bin/../lib/gcc/arm-none-eabi/12.3.1/thumb/v7e-m+fp/hard\libgcc.a(_arm_addsubdf3.o)
                0x08000218                __aeabi_drsub
                0x08000220                __aeabi_dsub
                0x08000220                __subdf3
                0x08000224                __aeabi_dadd
                0x08000224                __adddf3
                0x0800049c                __floatunsidf
                0x0800049c                __aeabi_ui2d
                0x080004bc                __floatsidf
                0x080004bc                __aeabi_i2d
                0x080004e0                __aeabi_f2d
                0x080004e0                __extendsfdf2
                0x08000524                __floatundidf
                0x08000524                __aeabi_ul2d
                0x08000534                __floatdidf
                0x08000534                __aeabi_l2d
 .text          0x08000590      0x424 C:/ST/STM32CubeIDE_1.14.1/STM32CubeIDE/plugins/com.st.stm32cube.ide.mcu.externaltools.gnu-tools-for-stm32.12.3.rel1.win32_1.0.100.202403111256/tools/bin/../lib/gcc/arm-none-eabi/12.3.1/thumb/v7e-m+fp/hard\libgcc.a(_arm_muldivdf3.o)
                0x08000590                __aeabi_dmul
                0x08000590                __muldf3
                0x080007e4                __divdf3
                0x080007e4                __aeabi_ddiv
 .text          0x080009b4       0x50 C:/ST/STM32CubeIDE_1.14.1/STM32CubeIDE/plugins/com.st.stm32cube.ide.mcu.externaltools.gnu-tools-for-stm32.12.3.rel1.win32_1.0.100.202403111256/tools/bin/../lib/gcc/arm-none-eabi/12.3.1/thumb/v7e-m+fp/hard\libgcc.a(_arm_fixdfsi.o)
                0x080009b4                __aeabi_d2iz
                0x080009b4                __fixdfsi
 .text          0x08000a04       0x30 C:/ST/STM32CubeIDE_1.14.1/STM32CubeIDE/plugins/com.st.stm32cube.ide.mcu.externaltools.gnu-tools-for-stm32.12.3.rel1.win32_1.0.100.202403111256/tools/bin/../lib/gcc/arm-none-eabi/12.3.1/thumb/v7e-m+fp/hard\libgcc.a(_aeabi_uldivmod.o)
                0x08000a04                __aeabi_uldivmod
 .text          0x08000a34      0x2bc C:/ST/STM32CubeIDE_1.14.1/STM32CubeIDE/plugins/com.st.stm32cube.ide.mcu.externaltools.gnu-tools-for-stm32.12.3.rel1.win32_1.0.100.202403111256/tools/bin/../lib/gcc/arm-none-eabi/12.3.1/thumb/v7e-m+fp/hard\libgcc.a(_udivmoddi4.o)
                0x08000a34                __udivmoddi4
 .text          0x08000cf0        0x4 C:/ST/STM32CubeIDE_1.14.1/STM32CubeIDE/plugins/com.st.stm32cube.ide.mcu.externaltools.gnu-tools-for-stm32.12.3.rel1.win32_1.0.100.202403111256/tools/bin/../lib/gcc/arm-none-eabi/12.3.1/thumb/v7e-m+fp/hard\libgcc.a(_dvmd_tls.o)
                0x08000cf0                __aeabi_idiv0
                0x08000cf0                __aeabi_ldiv0
 *(.text*)
 .text.newLoRa  0x08000cf4       0x52 ./Core/Src/LoRa.o
                0x08000cf4                newLoRa
 .text.LoRa_reset
                0x08000d46       0x3c ./Core/Src/LoRa.o
                0x08000d46                LoRa_reset
 .text.LoRa_gotoMode
                0x08000d82       0xc2 ./Core/Src/LoRa.o
                0x08000d82                LoRa_gotoMode
 .text.LoRa_readReg
                0x08000e44       0x7c ./Core/Src/LoRa.o
                0x08000e44                LoRa_readReg
 .text.LoRa_writeReg
                0x08000ec0       0x7c ./Core/Src/LoRa.o
                0x08000ec0                LoRa_writeReg
 .text.LoRa_setLowDaraRateOptimization
                0x08000f3c       0x4a ./Core/Src/LoRa.o
                0x08000f3c                LoRa_setLowDaraRateOptimization
 *fill*         0x08000f86        0x2 
 .text.LoRa_setAutoLDO
                0x08000f88       0x6c ./Core/Src/LoRa.o
                0x08000f88                LoRa_setAutoLDO
 .text.LoRa_setFrequency
                0x08000ff4       0x60 ./Core/Src/LoRa.o
                0x08000ff4                LoRa_setFrequency
 .text.LoRa_setSpreadingFactor
                0x08001054       0x64 ./Core/Src/LoRa.o
                0x08001054                LoRa_setSpreadingFactor
 .text.LoRa_setPower
                0x080010b8       0x26 ./Core/Src/LoRa.o
                0x080010b8                LoRa_setPower
 *fill*         0x080010de        0x2 
 .text.LoRa_setOCP
                0x080010e0       0x7c ./Core/Src/LoRa.o
                0x080010e0                LoRa_setOCP
 .text.LoRa_setTOMsb_setCRCon
                0x0800115c       0x36 ./Core/Src/LoRa.o
                0x0800115c                LoRa_setTOMsb_setCRCon
 .text.LoRa_read
                0x08001192       0x34 ./Core/Src/LoRa.o
                0x08001192                LoRa_read
 .text.LoRa_write
                0x080011c6       0x3a ./Core/Src/LoRa.o
                0x080011c6                LoRa_write
 .text.LoRa_BurstWrite
                0x08001200       0x8e ./Core/Src/LoRa.o
                0x08001200                LoRa_BurstWrite
 .text.LoRa_isvalid
                0x0800128e       0x16 ./Core/Src/LoRa.o
                0x0800128e                LoRa_isvalid
 .text.LoRa_transmit
                0x080012a4       0xb0 ./Core/Src/LoRa.o
                0x080012a4                LoRa_transmit
 .text.LoRa_startReceiving
                0x08001354       0x18 ./Core/Src/LoRa.o
                0x08001354                LoRa_startReceiving
 .text.LoRa_init
                0x0800136c      0x14e ./Core/Src/LoRa.o
                0x0800136c                LoRa_init
 *fill*         0x080014ba        0x2 
 .text.MX_GPIO_Init
                0x080014bc       0xa0 ./Core/Src/gpio.o
                0x080014bc                MX_GPIO_Init
 .text.main     0x0800155c      0x128 ./Core/Src/main.o
                0x0800155c                main
 .text.SystemClock_Config
                0x08001684       0x98 ./Core/Src/main.o
                0x08001684                SystemClock_Config
 .text.Error_Handler
                0x0800171c        0xc ./Core/Src/main.o
                0x0800171c                Error_Handler
 .text.MX_SPI1_Init
                0x08001728       0x7c ./Core/Src/spi.o
                0x08001728                MX_SPI1_Init
 .text.MX_SPI2_Init
                0x080017a4       0x7c ./Core/Src/spi.o
                0x080017a4                MX_SPI2_Init
 .text.HAL_SPI_MspInit
                0x08001820       0xe8 ./Core/Src/spi.o
                0x08001820                HAL_SPI_MspInit
 .text.HAL_MspInit
                0x08001908       0x48 ./Core/Src/stm32g4xx_hal_msp.o
                0x08001908                HAL_MspInit
 .text.NMI_Handler
                0x08001950        0x8 ./Core/Src/stm32g4xx_it.o
                0x08001950                NMI_Handler
 .text.HardFault_Handler
                0x08001958        0x8 ./Core/Src/stm32g4xx_it.o
                0x08001958                HardFault_Handler
 .text.MemManage_Handler
                0x08001960        0x8 ./Core/Src/stm32g4xx_it.o
                0x08001960                MemManage_Handler
 .text.BusFault_Handler
                0x08001968        0x8 ./Core/Src/stm32g4xx_it.o
                0x08001968                BusFault_Handler
 .text.UsageFault_Handler
                0x08001970        0x8 ./Core/Src/stm32g4xx_it.o
                0x08001970                UsageFault_Handler
 .text.SVC_Handler
                0x08001978        0xe ./Core/Src/stm32g4xx_it.o
                0x08001978                SVC_Handler
 .text.DebugMon_Handler
                0x08001986        0xe ./Core/Src/stm32g4xx_it.o
                0x08001986                DebugMon_Handler
 .text.PendSV_Handler
                0x08001994        0xe ./Core/Src/stm32g4xx_it.o
                0x08001994                PendSV_Handler
 .text.SysTick_Handler
                0x080019a2        0xc ./Core/Src/stm32g4xx_it.o
                0x080019a2                SysTick_Handler
 *fill*         0x080019ae        0x2 
 .text.SystemInit
                0x080019b0       0x24 ./Core/Src/system_stm32g4xx.o
                0x080019b0                SystemInit
 .text.MX_USART1_UART_Init
                0x080019d4       0x98 ./Core/Src/usart.o
                0x080019d4                MX_USART1_UART_Init
 .text.MX_USART2_UART_Init
                0x08001a6c       0x9c ./Core/Src/usart.o
                0x08001a6c                MX_USART2_UART_Init
 .text.HAL_UART_MspInit
                0x08001b08      0x130 ./Core/Src/usart.o
                0x08001b08                HAL_UART_MspInit
 .text.MX_USB_PCD_Init
                0x08001c38       0x50 ./Core/Src/usb.o
                0x08001c38                MX_USB_PCD_Init
 .text.HAL_PCD_MspInit
                0x08001c88       0x68 ./Core/Src/usb.o
                0x08001c88                HAL_PCD_MspInit
 .text.Reset_Handler
                0x08001cf0       0x50 ./Core/Startup/startup_stm32g474cetx.o
                0x08001cf0                Reset_Handler
 .text.Default_Handler
                0x08001d40        0x2 ./Core/Startup/startup_stm32g474cetx.o
                0x08001d40                RTC_Alarm_IRQHandler
                0x08001d40                EXTI2_IRQHandler
                0x08001d40                TIM8_TRG_COM_IRQHandler
                0x08001d40                TIM8_CC_IRQHandler
                0x08001d40                HRTIM1_Master_IRQHandler
                0x08001d40                SPI4_IRQHandler
                0x08001d40                FDCAN3_IT0_IRQHandler
                0x08001d40                TIM1_CC_IRQHandler
                0x08001d40                HRTIM1_FLT_IRQHandler
                0x08001d40                HRTIM1_TIMF_IRQHandler
                0x08001d40                USB_HP_IRQHandler
                0x08001d40                CORDIC_IRQHandler
                0x08001d40                HRTIM1_TIMD_IRQHandler
                0x08001d40                DMA2_Channel8_IRQHandler
                0x08001d40                EXTI3_IRQHandler
                0x08001d40                I2C3_ER_IRQHandler
                0x08001d40                EXTI0_IRQHandler
                0x08001d40                I2C2_EV_IRQHandler
                0x08001d40                FPU_IRQHandler
                0x08001d40                FDCAN1_IT1_IRQHandler
                0x08001d40                TIM1_UP_TIM16_IRQHandler
                0x08001d40                ADC1_2_IRQHandler
                0x08001d40                HRTIM1_TIME_IRQHandler
                0x08001d40                SPI1_IRQHandler
                0x08001d40                TIM6_DAC_IRQHandler
                0x08001d40                HRTIM1_TIMC_IRQHandler
                0x08001d40                TIM8_UP_IRQHandler
                0x08001d40                DMA2_Channel2_IRQHandler
                0x08001d40                DMA1_Channel4_IRQHandler
                0x08001d40                TIM20_TRG_COM_IRQHandler
                0x08001d40                USART3_IRQHandler
                0x08001d40                DMA1_Channel7_IRQHandler
                0x08001d40                UART5_IRQHandler
                0x08001d40                ADC3_IRQHandler
                0x08001d40                TIM4_IRQHandler
                0x08001d40                DMA2_Channel1_IRQHandler
                0x08001d40                QUADSPI_IRQHandler
                0x08001d40                I2C1_EV_IRQHandler
                0x08001d40                DMA1_Channel6_IRQHandler
                0x08001d40                UART4_IRQHandler
                0x08001d40                DMA2_Channel4_IRQHandler
                0x08001d40                TIM3_IRQHandler
                0x08001d40                RCC_IRQHandler
                0x08001d40                TIM20_UP_IRQHandler
                0x08001d40                DMA1_Channel1_IRQHandler
                0x08001d40                Default_Handler
                0x08001d40                DMA2_Channel7_IRQHandler
                0x08001d40                RTC_TAMP_LSECSS_IRQHandler
                0x08001d40                FMAC_IRQHandler
                0x08001d40                EXTI15_10_IRQHandler
                0x08001d40                DMA1_Channel8_IRQHandler
                0x08001d40                HRTIM1_TIMA_IRQHandler
                0x08001d40                TIM7_DAC_IRQHandler
                0x08001d40                FDCAN3_IT1_IRQHandler
                0x08001d40                TIM5_IRQHandler
                0x08001d40                UCPD1_IRQHandler
                0x08001d40                I2C3_EV_IRQHandler
                0x08001d40                EXTI9_5_IRQHandler
                0x08001d40                RTC_WKUP_IRQHandler
                0x08001d40                PVD_PVM_IRQHandler
                0x08001d40                SPI2_IRQHandler
                0x08001d40                ADC5_IRQHandler
                0x08001d40                DMA2_Channel5_IRQHandler
                0x08001d40                CRS_IRQHandler
                0x08001d40                DMA1_Channel5_IRQHandler
                0x08001d40                USB_LP_IRQHandler
                0x08001d40                EXTI4_IRQHandler
                0x08001d40                RNG_IRQHandler
                0x08001d40                HRTIM1_TIMB_IRQHandler
                0x08001d40                TIM1_TRG_COM_TIM17_IRQHandler
                0x08001d40                FDCAN2_IT1_IRQHandler
                0x08001d40                DMA1_Channel3_IRQHandler
                0x08001d40                ADC4_IRQHandler
                0x08001d40                WWDG_IRQHandler
                0x08001d40                I2C4_EV_IRQHandler
                0x08001d40                FDCAN2_IT0_IRQHandler
                0x08001d40                LPUART1_IRQHandler
                0x08001d40                DMA2_Channel6_IRQHandler
                0x08001d40                FDCAN1_IT0_IRQHandler
                0x08001d40                TIM2_IRQHandler
                0x08001d40                COMP7_IRQHandler
                0x08001d40                COMP1_2_3_IRQHandler
                0x08001d40                EXTI1_IRQHandler
                0x08001d40                USART2_IRQHandler
                0x08001d40                COMP4_5_6_IRQHandler
                0x08001d40                TIM20_BRK_IRQHandler
                0x08001d40                I2C2_ER_IRQHandler
                0x08001d40                DMA1_Channel2_IRQHandler
                0x08001d40                TIM8_BRK_IRQHandler
                0x08001d40                FLASH_IRQHandler
                0x08001d40                TIM20_CC_IRQHandler
                0x08001d40                USART1_IRQHandler
                0x08001d40                SPI3_IRQHandler
                0x08001d40                I2C1_ER_IRQHandler
                0x08001d40                FMC_IRQHandler
                0x08001d40                LPTIM1_IRQHandler
                0x08001d40                DMAMUX_OVR_IRQHandler
                0x08001d40                I2C4_ER_IRQHandler
                0x08001d40                USBWakeUp_IRQHandler
                0x08001d40                SAI1_IRQHandler
                0x08001d40                DMA2_Channel3_IRQHandler
                0x08001d40                TIM1_BRK_TIM15_IRQHandler
 .text.HAL_Init
                0x08001d42       0x30 ./Drivers/STM32G4xx_HAL_Driver/Src/stm32g4xx_hal.o
                0x08001d42                HAL_Init
 *fill*         0x08001d72        0x2 
 .text.HAL_InitTick
                0x08001d74       0x74 ./Drivers/STM32G4xx_HAL_Driver/Src/stm32g4xx_hal.o
                0x08001d74                HAL_InitTick
 .text.HAL_IncTick
                0x08001de8       0x24 ./Drivers/STM32G4xx_HAL_Driver/Src/stm32g4xx_hal.o
                0x08001de8                HAL_IncTick
 .text.HAL_GetTick
                0x08001e0c       0x18 ./Drivers/STM32G4xx_HAL_Driver/Src/stm32g4xx_hal.o
                0x08001e0c                HAL_GetTick
 .text.HAL_Delay
                0x08001e24       0x44 ./Drivers/STM32G4xx_HAL_Driver/Src/stm32g4xx_hal.o
                0x08001e24                HAL_Delay
 .text.__NVIC_SetPriorityGrouping
                0x08001e68       0x48 ./Drivers/STM32G4xx_HAL_Driver/Src/stm32g4xx_hal_cortex.o
 .text.__NVIC_GetPriorityGrouping
                0x08001eb0       0x1c ./Drivers/STM32G4xx_HAL_Driver/Src/stm32g4xx_hal_cortex.o
 .text.__NVIC_SetPriority
                0x08001ecc       0x54 ./Drivers/STM32G4xx_HAL_Driver/Src/stm32g4xx_hal_cortex.o
 .text.NVIC_EncodePriority
                0x08001f20       0x66 ./Drivers/STM32G4xx_HAL_Driver/Src/stm32g4xx_hal_cortex.o
 *fill*         0x08001f86        0x2 
 .text.SysTick_Config
                0x08001f88       0x44 ./Drivers/STM32G4xx_HAL_Driver/Src/stm32g4xx_hal_cortex.o
 .text.HAL_NVIC_SetPriorityGrouping
                0x08001fcc       0x16 ./Drivers/STM32G4xx_HAL_Driver/Src/stm32g4xx_hal_cortex.o
                0x08001fcc                HAL_NVIC_SetPriorityGrouping
 .text.HAL_NVIC_SetPriority
                0x08001fe2       0x34 ./Drivers/STM32G4xx_HAL_Driver/Src/stm32g4xx_hal_cortex.o
                0x08001fe2                HAL_NVIC_SetPriority
 .text.HAL_SYSTICK_Config
                0x08002016       0x18 ./Drivers/STM32G4xx_HAL_Driver/Src/stm32g4xx_hal_cortex.o
                0x08002016                HAL_SYSTICK_Config
 *fill*         0x0800202e        0x2 
 .text.HAL_GPIO_Init
                0x08002030      0x304 ./Drivers/STM32G4xx_HAL_Driver/Src/stm32g4xx_hal_gpio.o
                0x08002030                HAL_GPIO_Init
 .text.HAL_GPIO_WritePin
                0x08002334       0x30 ./Drivers/STM32G4xx_HAL_Driver/Src/stm32g4xx_hal_gpio.o
                0x08002334                HAL_GPIO_WritePin
 .text.HAL_PCD_Init
                0x08002364      0x19c ./Drivers/STM32G4xx_HAL_Driver/Src/stm32g4xx_hal_pcd.o
                0x08002364                HAL_PCD_Init
 .text.HAL_PCDEx_ActivateLPM
                0x08002500       0x54 ./Drivers/STM32G4xx_HAL_Driver/Src/stm32g4xx_hal_pcd_ex.o
                0x08002500                HAL_PCDEx_ActivateLPM
 .text.HAL_PWREx_ControlVoltageScaling
                0x08002554      0x148 ./Drivers/STM32G4xx_HAL_Driver/Src/stm32g4xx_hal_pwr_ex.o
                0x08002554                HAL_PWREx_ControlVoltageScaling
 .text.HAL_PWREx_DisableUCPDDeadBattery
                0x0800269c       0x20 ./Drivers/STM32G4xx_HAL_Driver/Src/stm32g4xx_hal_pwr_ex.o
                0x0800269c                HAL_PWREx_DisableUCPDDeadBattery
 .text.HAL_RCC_OscConfig
                0x080026bc      0x624 ./Drivers/STM32G4xx_HAL_Driver/Src/stm32g4xx_hal_rcc.o
                0x080026bc                HAL_RCC_OscConfig
 .text.HAL_RCC_ClockConfig
                0x08002ce0      0x278 ./Drivers/STM32G4xx_HAL_Driver/Src/stm32g4xx_hal_rcc.o
                0x08002ce0                HAL_RCC_ClockConfig
 .text.HAL_RCC_GetSysClockFreq
                0x08002f58       0xc4 ./Drivers/STM32G4xx_HAL_Driver/Src/stm32g4xx_hal_rcc.o
                0x08002f58                HAL_RCC_GetSysClockFreq
 .text.HAL_RCC_GetHCLKFreq
                0x0800301c       0x18 ./Drivers/STM32G4xx_HAL_Driver/Src/stm32g4xx_hal_rcc.o
                0x0800301c                HAL_RCC_GetHCLKFreq
 .text.HAL_RCC_GetPCLK1Freq
                0x08003034       0x2c ./Drivers/STM32G4xx_HAL_Driver/Src/stm32g4xx_hal_rcc.o
                0x08003034                HAL_RCC_GetPCLK1Freq
 .text.HAL_RCC_GetPCLK2Freq
                0x08003060       0x2c ./Drivers/STM32G4xx_HAL_Driver/Src/stm32g4xx_hal_rcc.o
                0x08003060                HAL_RCC_GetPCLK2Freq
 .text.RCC_GetSysClockFreqFromPLLSource
                0x0800308c       0x8c ./Drivers/STM32G4xx_HAL_Driver/Src/stm32g4xx_hal_rcc.o
 .text.HAL_RCCEx_PeriphCLKConfig
                0x08003118      0x49c ./Drivers/STM32G4xx_HAL_Driver/Src/stm32g4xx_hal_rcc_ex.o
                0x08003118                HAL_RCCEx_PeriphCLKConfig
 .text.HAL_SPI_Init
                0x080035b4      0x156 ./Drivers/STM32G4xx_HAL_Driver/Src/stm32g4xx_hal_spi.o
                0x080035b4                HAL_SPI_Init
 .text.HAL_SPI_Transmit
                0x0800370a      0x2ea ./Drivers/STM32G4xx_HAL_Driver/Src/stm32g4xx_hal_spi.o
                0x0800370a                HAL_SPI_Transmit
 .text.HAL_SPI_Receive
                0x080039f4      0x26e ./Drivers/STM32G4xx_HAL_Driver/Src/stm32g4xx_hal_spi.o
                0x080039f4                HAL_SPI_Receive
 .text.HAL_SPI_TransmitReceive
                0x08003c62      0x444 ./Drivers/STM32G4xx_HAL_Driver/Src/stm32g4xx_hal_spi.o
                0x08003c62                HAL_SPI_TransmitReceive
 .text.HAL_SPI_GetState
                0x080040a6       0x1c ./Drivers/STM32G4xx_HAL_Driver/Src/stm32g4xx_hal_spi.o
                0x080040a6                HAL_SPI_GetState
 *fill*         0x080040c2        0x2 
 .text.SPI_WaitFlagStateUntilTimeout
                0x080040c4      0x110 ./Drivers/STM32G4xx_HAL_Driver/Src/stm32g4xx_hal_spi.o
 .text.SPI_WaitFifoStateUntilTimeout
                0x080041d4      0x12c ./Drivers/STM32G4xx_HAL_Driver/Src/stm32g4xx_hal_spi.o
 .text.SPI_EndRxTransaction
                0x08004300       0xb0 ./Drivers/STM32G4xx_HAL_Driver/Src/stm32g4xx_hal_spi.o
 .text.SPI_EndRxTxTransaction
                0x080043b0       0x8c ./Drivers/STM32G4xx_HAL_Driver/Src/stm32g4xx_hal_spi.o
 .text.HAL_UART_Init
                0x0800443c       0xa0 ./Drivers/STM32G4xx_HAL_Driver/Src/stm32g4xx_hal_uart.o
                0x0800443c                HAL_UART_Init
 .text.HAL_UART_Transmit
                0x080044dc      0x11c ./Drivers/STM32G4xx_HAL_Driver/Src/stm32g4xx_hal_uart.o
                0x080044dc                HAL_UART_Transmit
 .text.UART_SetConfig
                0x080045f8      0x5f8 ./Drivers/STM32G4xx_HAL_Driver/Src/stm32g4xx_hal_uart.o
                0x080045f8                UART_SetConfig
 .text.UART_AdvFeatureConfig
                0x08004bf0      0x144 ./Drivers/STM32G4xx_HAL_Driver/Src/stm32g4xx_hal_uart.o
                0x08004bf0                UART_AdvFeatureConfig
 .text.UART_CheckIdleState
                0x08004d34      0x154 ./Drivers/STM32G4xx_HAL_Driver/Src/stm32g4xx_hal_uart.o
                0x08004d34                UART_CheckIdleState
 .text.UART_WaitOnFlagUntilTimeout
                0x08004e88       0xda ./Drivers/STM32G4xx_HAL_Driver/Src/stm32g4xx_hal_uart.o
                0x08004e88                UART_WaitOnFlagUntilTimeout
 .text.UART_EndRxTransfer
                0x08004f62       0xcc ./Drivers/STM32G4xx_HAL_Driver/Src/stm32g4xx_hal_uart.o
 .text.HAL_UARTEx_DisableFifoMode
                0x0800502e       0x72 ./Drivers/STM32G4xx_HAL_Driver/Src/stm32g4xx_hal_uart_ex.o
                0x0800502e                HAL_UARTEx_DisableFifoMode
 .text.HAL_UARTEx_SetTxFifoThreshold
                0x080050a0       0x7c ./Drivers/STM32G4xx_HAL_Driver/Src/stm32g4xx_hal_uart_ex.o
                0x080050a0                HAL_UARTEx_SetTxFifoThreshold
 .text.HAL_UARTEx_SetRxFifoThreshold
                0x0800511c       0x7c ./Drivers/STM32G4xx_HAL_Driver/Src/stm32g4xx_hal_uart_ex.o
                0x0800511c                HAL_UARTEx_SetRxFifoThreshold
 .text.UARTEx_SetNbDataToProcess
                0x08005198       0x9c ./Drivers/STM32G4xx_HAL_Driver/Src/stm32g4xx_hal_uart_ex.o
 .text.USB_DisableGlobalInt
                0x08005234       0x36 ./Drivers/STM32G4xx_HAL_Driver/Src/stm32g4xx_ll_usb.o
                0x08005234                USB_DisableGlobalInt
 .text.USB_DevInit
                0x0800526a       0x3c ./Drivers/STM32G4xx_HAL_Driver/Src/stm32g4xx_ll_usb.o
                0x0800526a                USB_DevInit
 .text.memset   0x080052a6       0x10 C:/ST/STM32CubeIDE_1.14.1/STM32CubeIDE/plugins/com.st.stm32cube.ide.mcu.externaltools.gnu-tools-for-stm32.12.3.rel1.win32_1.0.100.202403111256/tools/bin/../lib/gcc/arm-none-eabi/12.3.1/../../../../arm-none-eabi/lib/thumb/v7e-m+fp/hard\libc_nano.a(libc_a-memset.o)
                0x080052a6                memset
 *fill*         0x080052b6        0x2 
 .text.__libc_init_array
                0x080052b8       0x48 C:/ST/STM32CubeIDE_1.14.1/STM32CubeIDE/plugins/com.st.stm32cube.ide.mcu.externaltools.gnu-tools-for-stm32.12.3.rel1.win32_1.0.100.202403111256/tools/bin/../lib/gcc/arm-none-eabi/12.3.1/../../../../arm-none-eabi/lib/thumb/v7e-m+fp/hard\libc_nano.a(libc_a-init.o)
                0x080052b8                __libc_init_array
 .text.memcpy   0x08005300       0x1c C:/ST/STM32CubeIDE_1.14.1/STM32CubeIDE/plugins/com.st.stm32cube.ide.mcu.externaltools.gnu-tools-for-stm32.12.3.rel1.win32_1.0.100.202403111256/tools/bin/../lib/gcc/arm-none-eabi/12.3.1/../../../../arm-none-eabi/lib/thumb/v7e-m+fp/hard\libc_nano.a(libc_a-memcpy-stub.o)
                0x08005300                memcpy
 *(.glue_7)
 .glue_7        0x0800531c        0x0 linker stubs
 *(.glue_7t)
 .glue_7t       0x0800531c        0x0 linker stubs
 *(.eh_frame)
 .eh_frame      0x0800531c        0x0 C:/ST/STM32CubeIDE_1.14.1/STM32CubeIDE/plugins/com.st.stm32cube.ide.mcu.externaltools.gnu-tools-for-stm32.12.3.rel1.win32_1.0.100.202403111256/tools/bin/../lib/gcc/arm-none-eabi/12.3.1/thumb/v7e-m+fp/hard/crtbegin.o
 *(.init)
 .init          0x0800531c        0x4 C:/ST/STM32CubeIDE_1.14.1/STM32CubeIDE/plugins/com.st.stm32cube.ide.mcu.externaltools.gnu-tools-for-stm32.12.3.rel1.win32_1.0.100.202403111256/tools/bin/../lib/gcc/arm-none-eabi/12.3.1/thumb/v7e-m+fp/hard/crti.o
                0x0800531c                _init
 .init          0x08005320        0x8 C:/ST/STM32CubeIDE_1.14.1/STM32CubeIDE/plugins/com.st.stm32cube.ide.mcu.externaltools.gnu-tools-for-stm32.12.3.rel1.win32_1.0.100.202403111256/tools/bin/../lib/gcc/arm-none-eabi/12.3.1/thumb/v7e-m+fp/hard/crtn.o
 *(.fini)
 .fini          0x08005328        0x4 C:/ST/STM32CubeIDE_1.14.1/STM32CubeIDE/plugins/com.st.stm32cube.ide.mcu.externaltools.gnu-tools-for-stm32.12.3.rel1.win32_1.0.100.202403111256/tools/bin/../lib/gcc/arm-none-eabi/12.3.1/thumb/v7e-m+fp/hard/crti.o
                0x08005328                _fini
 .fini          0x0800532c        0x8 C:/ST/STM32CubeIDE_1.14.1/STM32CubeIDE/plugins/com.st.stm32cube.ide.mcu.externaltools.gnu-tools-for-stm32.12.3.rel1.win32_1.0.100.202403111256/tools/bin/../lib/gcc/arm-none-eabi/12.3.1/thumb/v7e-m+fp/hard/crtn.o
                0x08005334                        . = ALIGN (0x4)
                0x08005334                        _etext = .

.vfp11_veneer   0x08005334        0x0
 .vfp11_veneer  0x08005334        0x0 linker stubs

.v4_bx          0x08005334        0x0
 .v4_bx         0x08005334        0x0 linker stubs

.iplt           0x08005334        0x0
 .iplt          0x08005334        0x0 C:/ST/STM32CubeIDE_1.14.1/STM32CubeIDE/plugins/com.st.stm32cube.ide.mcu.externaltools.gnu-tools-for-stm32.12.3.rel1.win32_1.0.100.202403111256/tools/bin/../lib/gcc/arm-none-eabi/12.3.1/thumb/v7e-m+fp/hard/crtbegin.o

.rodata         0x08005338       0xb0
                0x08005338                        . = ALIGN (0x4)
 *(.rodata)
 .rodata        0x08005338       0x50 ./Core/Src/LoRa.o
 .rodata        0x08005388       0x1d ./Core/Src/main.o
 *(.rodata*)
 *fill*         0x080053a5        0x3 
 .rodata.AHBPrescTable
                0x080053a8       0x10 ./Core/Src/system_stm32g4xx.o
                0x080053a8                AHBPrescTable
 .rodata.APBPrescTable
                0x080053b8        0x8 ./Core/Src/system_stm32g4xx.o
                0x080053b8                APBPrescTable
 .rodata.UARTPrescTable
                0x080053c0       0x18 ./Drivers/STM32G4xx_HAL_Driver/Src/stm32g4xx_hal_uart.o
                0x080053c0                UARTPrescTable
 .rodata.numerator.1
                0x080053d8        0x8 ./Drivers/STM32G4xx_HAL_Driver/Src/stm32g4xx_hal_uart_ex.o
 .rodata.denominator.0
                0x080053e0        0x8 ./Drivers/STM32G4xx_HAL_Driver/Src/stm32g4xx_hal_uart_ex.o
                0x080053e8                        . = ALIGN (0x4)

.ARM.extab      0x080053e8        0x0
                0x080053e8                        . = ALIGN (0x4)
 *(.ARM.extab* .gnu.linkonce.armextab.*)
                0x080053e8                        . = ALIGN (0x4)

.ARM            0x080053e8        0x8
                0x080053e8                        . = ALIGN (0x4)
                0x080053e8                        __exidx_start = .
 *(.ARM.exidx*)
 .ARM.exidx     0x080053e8        0x8 C:/ST/STM32CubeIDE_1.14.1/STM32CubeIDE/plugins/com.st.stm32cube.ide.mcu.externaltools.gnu-tools-for-stm32.12.3.rel1.win32_1.0.100.202403111256/tools/bin/../lib/gcc/arm-none-eabi/12.3.1/thumb/v7e-m+fp/hard\libgcc.a(_udivmoddi4.o)
                0x080053f0                        __exidx_end = .
                0x080053f0                        . = ALIGN (0x4)

.preinit_array  0x080053f0        0x0
                0x080053f0                        . = ALIGN (0x4)
                0x080053f0                        PROVIDE (__preinit_array_start = .)
 *(.preinit_array*)
                0x080053f0                        PROVIDE (__preinit_array_end = .)
                0x080053f0                        . = ALIGN (0x4)

.init_array     0x080053f0        0x4
                0x080053f0                        . = ALIGN (0x4)
                0x080053f0                        PROVIDE (__init_array_start = .)
 *(SORT_BY_NAME(.init_array.*))
 *(.init_array*)
 .init_array    0x080053f0        0x4 C:/ST/STM32CubeIDE_1.14.1/STM32CubeIDE/plugins/com.st.stm32cube.ide.mcu.externaltools.gnu-tools-for-stm32.12.3.rel1.win32_1.0.100.202403111256/tools/bin/../lib/gcc/arm-none-eabi/12.3.1/thumb/v7e-m+fp/hard/crtbegin.o
                0x080053f4                        PROVIDE (__init_array_end = .)
                0x080053f4                        . = ALIGN (0x4)

.fini_array     0x080053f4        0x4
                0x080053f4                        . = ALIGN (0x4)
                [!provide]                        PROVIDE (__fini_array_start = .)
 *(SORT_BY_NAME(.fini_array.*))
 *(.fini_array*)
 .fini_array    0x080053f4        0x4 C:/ST/STM32CubeIDE_1.14.1/STM32CubeIDE/plugins/com.st.stm32cube.ide.mcu.externaltools.gnu-tools-for-stm32.12.3.rel1.win32_1.0.100.202403111256/tools/bin/../lib/gcc/arm-none-eabi/12.3.1/thumb/v7e-m+fp/hard/crtbegin.o
                [!provide]                        PROVIDE (__fini_array_end = .)
                0x080053f8                        . = ALIGN (0x4)
                0x080053f8                        _sidata = LOADADDR (.data)

.rel.dyn        0x080053f8        0x0
 .rel.iplt      0x080053f8        0x0 C:/ST/STM32CubeIDE_1.14.1/STM32CubeIDE/plugins/com.st.stm32cube.ide.mcu.externaltools.gnu-tools-for-stm32.12.3.rel1.win32_1.0.100.202403111256/tools/bin/../lib/gcc/arm-none-eabi/12.3.1/thumb/v7e-m+fp/hard/crtbegin.o

.data           0x20000000        0xc load address 0x080053f8
                0x20000000                        . = ALIGN (0x4)
                0x20000000                        _sdata = .
 *(.data)
 *(.data*)
 .data.SystemCoreClock
                0x20000000        0x4 ./Core/Src/system_stm32g4xx.o
                0x20000000                SystemCoreClock
 .data.uwTickPrio
                0x20000004        0x4 ./Drivers/STM32G4xx_HAL_Driver/Src/stm32g4xx_hal.o
                0x20000004                uwTickPrio
 .data.uwTickFreq
                0x20000008        0x4 ./Drivers/STM32G4xx_HAL_Driver/Src/stm32g4xx_hal.o
                0x20000008                uwTickFreq
 *(.RamFunc)
 *(.RamFunc*)
                0x2000000c                        . = ALIGN (0x4)
                0x2000000c                        _edata = .

.igot.plt       0x2000000c        0x0 load address 0x08005404
 .igot.plt      0x2000000c        0x0 C:/ST/STM32CubeIDE_1.14.1/STM32CubeIDE/plugins/com.st.stm32cube.ide.mcu.externaltools.gnu-tools-for-stm32.12.3.rel1.win32_1.0.100.202403111256/tools/bin/../lib/gcc/arm-none-eabi/12.3.1/thumb/v7e-m+fp/hard/crtbegin.o
                0x2000000c                        . = ALIGN (0x4)

.bss            0x2000000c      0x57c load address 0x08005404
                0x2000000c                        _sbss = .
                0x2000000c                        __bss_start__ = _sbss
 *(.bss)
 .bss           0x2000000c       0x1c C:/ST/STM32CubeIDE_1.14.1/STM32CubeIDE/plugins/com.st.stm32cube.ide.mcu.externaltools.gnu-tools-for-stm32.12.3.rel1.win32_1.0.100.202403111256/tools/bin/../lib/gcc/arm-none-eabi/12.3.1/thumb/v7e-m+fp/hard/crtbegin.o
 *(.bss*)
 .bss.myLoRa    0x20000028       0x2c ./Core/Src/main.o
                0x20000028                myLoRa
 .bss.send_data
                0x20000054       0x64 ./Core/Src/main.o
                0x20000054                send_data
 .bss.hspi1     0x200000b8       0x64 ./Core/Src/spi.o
                0x200000b8                hspi1
 .bss.hspi2     0x2000011c       0x64 ./Core/Src/spi.o
                0x2000011c                hspi2
 .bss.huart1    0x20000180       0x94 ./Core/Src/usart.o
                0x20000180                huart1
 .bss.huart2    0x20000214       0x94 ./Core/Src/usart.o
                0x20000214                huart2
 .bss.hpcd_USB_FS
                0x200002a8      0x2dc ./Core/Src/usb.o
                0x200002a8                hpcd_USB_FS
 .bss.uwTick    0x20000584        0x4 ./Drivers/STM32G4xx_HAL_Driver/Src/stm32g4xx_hal.o
                0x20000584                uwTick
 *(COMMON)
                0x20000588                        . = ALIGN (0x4)
                0x20000588                        _ebss = .
                0x20000588                        __bss_end__ = _ebss

._user_heap_stack
                0x20000588      0x600 load address 0x08005404
                0x20000588                        . = ALIGN (0x8)
                [!provide]                        PROVIDE (end = .)
                0x20000588                        PROVIDE (_end = .)
                0x20000788                        . = (. + _Min_Heap_Size)
 *fill*         0x20000588      0x200 
                0x20000b88                        . = (. + _Min_Stack_Size)
 *fill*         0x20000788      0x400 
                0x20000b88                        . = ALIGN (0x8)

/DISCARD/
 libc.a(*)
 libm.a(*)
 libgcc.a(*)

.ARM.attributes
                0x00000000       0x30
 *(.ARM.attributes)
 .ARM.attributes
                0x00000000       0x22 C:/ST/STM32CubeIDE_1.14.1/STM32CubeIDE/plugins/com.st.stm32cube.ide.mcu.externaltools.gnu-tools-for-stm32.12.3.rel1.win32_1.0.100.202403111256/tools/bin/../lib/gcc/arm-none-eabi/12.3.1/thumb/v7e-m+fp/hard/crti.o
 .ARM.attributes
                0x00000022       0x34 C:/ST/STM32CubeIDE_1.14.1/STM32CubeIDE/plugins/com.st.stm32cube.ide.mcu.externaltools.gnu-tools-for-stm32.12.3.rel1.win32_1.0.100.202403111256/tools/bin/../lib/gcc/arm-none-eabi/12.3.1/thumb/v7e-m+fp/hard/crtbegin.o
 .ARM.attributes
                0x00000056       0x34 ./Core/Src/LoRa.o
 .ARM.attributes
                0x0000008a       0x34 ./Core/Src/gpio.o
 .ARM.attributes
                0x000000be       0x34 ./Core/Src/main.o
 .ARM.attributes
                0x000000f2       0x34 ./Core/Src/spi.o
 .ARM.attributes
                0x00000126       0x34 ./Core/Src/stm32g4xx_hal_msp.o
 .ARM.attributes
                0x0000015a       0x34 ./Core/Src/stm32g4xx_it.o
 .ARM.attributes
                0x0000018e       0x34 ./Core/Src/system_stm32g4xx.o
 .ARM.attributes
                0x000001c2       0x34 ./Core/Src/usart.o
 .ARM.attributes
                0x000001f6       0x34 ./Core/Src/usb.o
 .ARM.attributes
                0x0000022a       0x21 ./Core/Startup/startup_stm32g474cetx.o
 .ARM.attributes
                0x0000024b       0x34 ./Drivers/STM32G4xx_HAL_Driver/Src/stm32g4xx_hal.o
 .ARM.attributes
                0x0000027f       0x34 ./Drivers/STM32G4xx_HAL_Driver/Src/stm32g4xx_hal_cortex.o
 .ARM.attributes
                0x000002b3       0x34 ./Drivers/STM32G4xx_HAL_Driver/Src/stm32g4xx_hal_gpio.o
 .ARM.attributes
                0x000002e7       0x34 ./Drivers/STM32G4xx_HAL_Driver/Src/stm32g4xx_hal_pcd.o
 .ARM.attributes
                0x0000031b       0x34 ./Drivers/STM32G4xx_HAL_Driver/Src/stm32g4xx_hal_pcd_ex.o
 .ARM.attributes
                0x0000034f       0x34 ./Drivers/STM32G4xx_HAL_Driver/Src/stm32g4xx_hal_pwr_ex.o
 .ARM.attributes
                0x00000383       0x34 ./Drivers/STM32G4xx_HAL_Driver/Src/stm32g4xx_hal_rcc.o
 .ARM.attributes
                0x000003b7       0x34 ./Drivers/STM32G4xx_HAL_Driver/Src/stm32g4xx_hal_rcc_ex.o
 .ARM.attributes
                0x000003eb       0x34 ./Drivers/STM32G4xx_HAL_Driver/Src/stm32g4xx_hal_spi.o
 .ARM.attributes
                0x0000041f       0x34 ./Drivers/STM32G4xx_HAL_Driver/Src/stm32g4xx_hal_uart.o
 .ARM.attributes
                0x00000453       0x34 ./Drivers/STM32G4xx_HAL_Driver/Src/stm32g4xx_hal_uart_ex.o
 .ARM.attributes
                0x00000487       0x34 ./Drivers/STM32G4xx_HAL_Driver/Src/stm32g4xx_ll_usb.o
 .ARM.attributes
                0x000004bb       0x34 C:/ST/STM32CubeIDE_1.14.1/STM32CubeIDE/plugins/com.st.stm32cube.ide.mcu.externaltools.gnu-tools-for-stm32.12.3.rel1.win32_1.0.100.202403111256/tools/bin/../lib/gcc/arm-none-eabi/12.3.1/../../../../arm-none-eabi/lib/thumb/v7e-m+fp/hard\libc_nano.a(libc_a-memset.o)
 .ARM.attributes
                0x000004ef       0x34 C:/ST/STM32CubeIDE_1.14.1/STM32CubeIDE/plugins/com.st.stm32cube.ide.mcu.externaltools.gnu-tools-for-stm32.12.3.rel1.win32_1.0.100.202403111256/tools/bin/../lib/gcc/arm-none-eabi/12.3.1/../../../../arm-none-eabi/lib/thumb/v7e-m+fp/hard\libc_nano.a(libc_a-init.o)
 .ARM.attributes
                0x00000523       0x34 C:/ST/STM32CubeIDE_1.14.1/STM32CubeIDE/plugins/com.st.stm32cube.ide.mcu.externaltools.gnu-tools-for-stm32.12.3.rel1.win32_1.0.100.202403111256/tools/bin/../lib/gcc/arm-none-eabi/12.3.1/../../../../arm-none-eabi/lib/thumb/v7e-m+fp/hard\libc_nano.a(libc_a-memcpy-stub.o)
 .ARM.attributes
                0x00000557       0x22 C:/ST/STM32CubeIDE_1.14.1/STM32CubeIDE/plugins/com.st.stm32cube.ide.mcu.externaltools.gnu-tools-for-stm32.12.3.rel1.win32_1.0.100.202403111256/tools/bin/../lib/gcc/arm-none-eabi/12.3.1/thumb/v7e-m+fp/hard\libgcc.a(_arm_addsubdf3.o)
 .ARM.attributes
                0x00000579       0x22 C:/ST/STM32CubeIDE_1.14.1/STM32CubeIDE/plugins/com.st.stm32cube.ide.mcu.externaltools.gnu-tools-for-stm32.12.3.rel1.win32_1.0.100.202403111256/tools/bin/../lib/gcc/arm-none-eabi/12.3.1/thumb/v7e-m+fp/hard\libgcc.a(_arm_muldivdf3.o)
 .ARM.attributes
                0x0000059b       0x22 C:/ST/STM32CubeIDE_1.14.1/STM32CubeIDE/plugins/com.st.stm32cube.ide.mcu.externaltools.gnu-tools-for-stm32.12.3.rel1.win32_1.0.100.202403111256/tools/bin/../lib/gcc/arm-none-eabi/12.3.1/thumb/v7e-m+fp/hard\libgcc.a(_arm_fixdfsi.o)
 .ARM.attributes
                0x000005bd       0x22 C:/ST/STM32CubeIDE_1.14.1/STM32CubeIDE/plugins/com.st.stm32cube.ide.mcu.externaltools.gnu-tools-for-stm32.12.3.rel1.win32_1.0.100.202403111256/tools/bin/../lib/gcc/arm-none-eabi/12.3.1/thumb/v7e-m+fp/hard\libgcc.a(_aeabi_uldivmod.o)
 .ARM.attributes
                0x000005df       0x34 C:/ST/STM32CubeIDE_1.14.1/STM32CubeIDE/plugins/com.st.stm32cube.ide.mcu.externaltools.gnu-tools-for-stm32.12.3.rel1.win32_1.0.100.202403111256/tools/bin/../lib/gcc/arm-none-eabi/12.3.1/thumb/v7e-m+fp/hard\libgcc.a(_udivmoddi4.o)
 .ARM.attributes
                0x00000613       0x22 C:/ST/STM32CubeIDE_1.14.1/STM32CubeIDE/plugins/com.st.stm32cube.ide.mcu.externaltools.gnu-tools-for-stm32.12.3.rel1.win32_1.0.100.202403111256/tools/bin/../lib/gcc/arm-none-eabi/12.3.1/thumb/v7e-m+fp/hard\libgcc.a(_dvmd_tls.o)
 .ARM.attributes
                0x00000635       0x22 C:/ST/STM32CubeIDE_1.14.1/STM32CubeIDE/plugins/com.st.stm32cube.ide.mcu.externaltools.gnu-tools-for-stm32.12.3.rel1.win32_1.0.100.202403111256/tools/bin/../lib/gcc/arm-none-eabi/12.3.1/thumb/v7e-m+fp/hard/crtn.o
OUTPUT(yer_istasyonu.elf elf32-littlearm)
LOAD linker stubs
LOAD C:/ST/STM32CubeIDE_1.14.1/STM32CubeIDE/plugins/com.st.stm32cube.ide.mcu.externaltools.gnu-tools-for-stm32.12.3.rel1.win32_1.0.100.202403111256/tools/bin/../lib/gcc/arm-none-eabi/12.3.1/../../../../arm-none-eabi/lib/thumb/v7e-m+fp/hard\libc.a
LOAD C:/ST/STM32CubeIDE_1.14.1/STM32CubeIDE/plugins/com.st.stm32cube.ide.mcu.externaltools.gnu-tools-for-stm32.12.3.rel1.win32_1.0.100.202403111256/tools/bin/../lib/gcc/arm-none-eabi/12.3.1/../../../../arm-none-eabi/lib/thumb/v7e-m+fp/hard\libm.a
LOAD C:/ST/STM32CubeIDE_1.14.1/STM32CubeIDE/plugins/com.st.stm32cube.ide.mcu.externaltools.gnu-tools-for-stm32.12.3.rel1.win32_1.0.100.202403111256/tools/bin/../lib/gcc/arm-none-eabi/12.3.1/thumb/v7e-m+fp/hard\libgcc.a

.debug_info     0x00000000    0x1360e
 .debug_info    0x00000000      0xf78 ./Core/Src/LoRa.o
 .debug_info    0x00000f78      0x447 ./Core/Src/gpio.o
 .debug_info    0x000013bf      0xfe7 ./Core/Src/main.o
 .debug_info    0x000023a6      0xb44 ./Core/Src/spi.o
 .debug_info    0x00002eea      0x2da ./Core/Src/stm32g4xx_hal_msp.o
 .debug_info    0x000031c4      0x113 ./Core/Src/stm32g4xx_it.o
 .debug_info    0x000032d7      0x58e ./Core/Src/system_stm32g4xx.o
 .debug_info    0x00003865      0xdfd ./Core/Src/usart.o
 .debug_info    0x00004662      0x9a0 ./Core/Src/usb.o
 .debug_info    0x00005002       0x30 ./Core/Startup/startup_stm32g474cetx.o
 .debug_info    0x00005032      0xb95 ./Drivers/STM32G4xx_HAL_Driver/Src/stm32g4xx_hal.o
 .debug_info    0x00005bc7      0xdad ./Drivers/STM32G4xx_HAL_Driver/Src/stm32g4xx_hal_cortex.o
 .debug_info    0x00006974      0x763 ./Drivers/STM32G4xx_HAL_Driver/Src/stm32g4xx_hal_gpio.o
 .debug_info    0x000070d7     0x161b ./Drivers/STM32G4xx_HAL_Driver/Src/stm32g4xx_hal_pcd.o
 .debug_info    0x000086f2      0x80a ./Drivers/STM32G4xx_HAL_Driver/Src/stm32g4xx_hal_pcd_ex.o
 .debug_info    0x00008efc      0x93f ./Drivers/STM32G4xx_HAL_Driver/Src/stm32g4xx_hal_pwr_ex.o
 .debug_info    0x0000983b      0xbe0 ./Drivers/STM32G4xx_HAL_Driver/Src/stm32g4xx_hal_rcc.o
 .debug_info    0x0000a41b      0xc45 ./Drivers/STM32G4xx_HAL_Driver/Src/stm32g4xx_hal_rcc_ex.o
 .debug_info    0x0000b060     0x1748 ./Drivers/STM32G4xx_HAL_Driver/Src/stm32g4xx_hal_spi.o
 .debug_info    0x0000c7a8     0x481e ./Drivers/STM32G4xx_HAL_Driver/Src/stm32g4xx_hal_uart.o
 .debug_info    0x00010fc6      0xfdd ./Drivers/STM32G4xx_HAL_Driver/Src/stm32g4xx_hal_uart_ex.o
 .debug_info    0x00011fa3     0x166b ./Drivers/STM32G4xx_HAL_Driver/Src/stm32g4xx_ll_usb.o

.debug_abbrev   0x00000000     0x2d23
 .debug_abbrev  0x00000000      0x26c ./Core/Src/LoRa.o
 .debug_abbrev  0x0000026c      0x152 ./Core/Src/gpio.o
 .debug_abbrev  0x000003be      0x2c4 ./Core/Src/main.o
 .debug_abbrev  0x00000682      0x1f5 ./Core/Src/spi.o
 .debug_abbrev  0x00000877       0xd9 ./Core/Src/stm32g4xx_hal_msp.o
 .debug_abbrev  0x00000950       0x73 ./Core/Src/stm32g4xx_it.o
 .debug_abbrev  0x000009c3      0x11a ./Core/Src/system_stm32g4xx.o
 .debug_abbrev  0x00000add      0x213 ./Core/Src/usart.o
 .debug_abbrev  0x00000cf0      0x205 ./Core/Src/usb.o
 .debug_abbrev  0x00000ef5       0x24 ./Core/Startup/startup_stm32g474cetx.o
 .debug_abbrev  0x00000f19      0x271 ./Drivers/STM32G4xx_HAL_Driver/Src/stm32g4xx_hal.o
 .debug_abbrev  0x0000118a      0x31c ./Drivers/STM32G4xx_HAL_Driver/Src/stm32g4xx_hal_cortex.o
 .debug_abbrev  0x000014a6      0x1cb ./Drivers/STM32G4xx_HAL_Driver/Src/stm32g4xx_hal_gpio.o
 .debug_abbrev  0x00001671      0x2b9 ./Drivers/STM32G4xx_HAL_Driver/Src/stm32g4xx_hal_pcd.o
 .debug_abbrev  0x0000192a      0x228 ./Drivers/STM32G4xx_HAL_Driver/Src/stm32g4xx_hal_pcd_ex.o
 .debug_abbrev  0x00001b52      0x22c ./Drivers/STM32G4xx_HAL_Driver/Src/stm32g4xx_hal_pwr_ex.o
 .debug_abbrev  0x00001d7e      0x2c9 ./Drivers/STM32G4xx_HAL_Driver/Src/stm32g4xx_hal_rcc.o
 .debug_abbrev  0x00002047      0x258 ./Drivers/STM32G4xx_HAL_Driver/Src/stm32g4xx_hal_rcc_ex.o
 .debug_abbrev  0x0000229f      0x267 ./Drivers/STM32G4xx_HAL_Driver/Src/stm32g4xx_hal_spi.o
 .debug_abbrev  0x00002506      0x304 ./Drivers/STM32G4xx_HAL_Driver/Src/stm32g4xx_hal_uart.o
 .debug_abbrev  0x0000280a      0x2d2 ./Drivers/STM32G4xx_HAL_Driver/Src/stm32g4xx_hal_uart_ex.o
 .debug_abbrev  0x00002adc      0x247 ./Drivers/STM32G4xx_HAL_Driver/Src/stm32g4xx_ll_usb.o

.debug_aranges  0x00000000      0xef0
 .debug_aranges
                0x00000000       0xc8 ./Core/Src/LoRa.o
 .debug_aranges
                0x000000c8       0x20 ./Core/Src/gpio.o
 .debug_aranges
                0x000000e8       0x38 ./Core/Src/main.o
 .debug_aranges
                0x00000120       0x38 ./Core/Src/spi.o
 .debug_aranges
                0x00000158       0x20 ./Core/Src/stm32g4xx_hal_msp.o
 .debug_aranges
                0x00000178       0x60 ./Core/Src/stm32g4xx_it.o
 .debug_aranges
                0x000001d8       0x28 ./Core/Src/system_stm32g4xx.o
 .debug_aranges
                0x00000200       0x38 ./Core/Src/usart.o
 .debug_aranges
                0x00000238       0x30 ./Core/Src/usb.o
 .debug_aranges
                0x00000268       0x28 ./Core/Startup/startup_stm32g474cetx.o
 .debug_aranges
                0x00000290      0x148 ./Drivers/STM32G4xx_HAL_Driver/Src/stm32g4xx_hal.o
 .debug_aranges
                0x000003d8      0x118 ./Drivers/STM32G4xx_HAL_Driver/Src/stm32g4xx_hal_cortex.o
 .debug_aranges
                0x000004f0       0x58 ./Drivers/STM32G4xx_HAL_Driver/Src/stm32g4xx_hal_gpio.o
 .debug_aranges
                0x00000548      0x138 ./Drivers/STM32G4xx_HAL_Driver/Src/stm32g4xx_hal_pcd.o
 .debug_aranges
                0x00000680       0x58 ./Drivers/STM32G4xx_HAL_Driver/Src/stm32g4xx_hal_pcd_ex.o
 .debug_aranges
                0x000006d8      0x140 ./Drivers/STM32G4xx_HAL_Driver/Src/stm32g4xx_hal_pwr_ex.o
 .debug_aranges
                0x00000818       0x98 ./Drivers/STM32G4xx_HAL_Driver/Src/stm32g4xx_hal_rcc.o
 .debug_aranges
                0x000008b0       0xb0 ./Drivers/STM32G4xx_HAL_Driver/Src/stm32g4xx_hal_rcc_ex.o
 .debug_aranges
                0x00000960      0x1d8 ./Drivers/STM32G4xx_HAL_Driver/Src/stm32g4xx_hal_spi.o
 .debug_aranges
                0x00000b38      0x248 ./Drivers/STM32G4xx_HAL_Driver/Src/stm32g4xx_hal_uart.o
 .debug_aranges
                0x00000d80       0xa8 ./Drivers/STM32G4xx_HAL_Driver/Src/stm32g4xx_hal_uart_ex.o
 .debug_aranges
                0x00000e28       0xc8 ./Drivers/STM32G4xx_HAL_Driver/Src/stm32g4xx_ll_usb.o

.debug_rnglists
                0x00000000      0xb68
 .debug_rnglists
                0x00000000       0x96 ./Core/Src/LoRa.o
 .debug_rnglists
                0x00000096       0x14 ./Core/Src/gpio.o
 .debug_rnglists
                0x000000aa       0x27 ./Core/Src/main.o
 .debug_rnglists
                0x000000d1       0x26 ./Core/Src/spi.o
 .debug_rnglists
                0x000000f7       0x13 ./Core/Src/stm32g4xx_hal_msp.o
 .debug_rnglists
                0x0000010a       0x43 ./Core/Src/stm32g4xx_it.o
 .debug_rnglists
                0x0000014d       0x1a ./Core/Src/system_stm32g4xx.o
 .debug_rnglists
                0x00000167       0x28 ./Core/Src/usart.o
 .debug_rnglists
                0x0000018f       0x1f ./Core/Src/usb.o
 .debug_rnglists
                0x000001ae       0x19 ./Core/Startup/startup_stm32g474cetx.o
 .debug_rnglists
                0x000001c7       0xf1 ./Drivers/STM32G4xx_HAL_Driver/Src/stm32g4xx_hal.o
 .debug_rnglists
                0x000002b8       0xce ./Drivers/STM32G4xx_HAL_Driver/Src/stm32g4xx_hal_cortex.o
 .debug_rnglists
                0x00000386       0x3f ./Drivers/STM32G4xx_HAL_Driver/Src/stm32g4xx_hal_gpio.o
 .debug_rnglists
                0x000003c5       0xee ./Drivers/STM32G4xx_HAL_Driver/Src/stm32g4xx_hal_pcd.o
 .debug_rnglists
                0x000004b3       0x3f ./Drivers/STM32G4xx_HAL_Driver/Src/stm32g4xx_hal_pcd_ex.o
 .debug_rnglists
                0x000004f2       0xf1 ./Drivers/STM32G4xx_HAL_Driver/Src/stm32g4xx_hal_pwr_ex.o
 .debug_rnglists
                0x000005e3       0x74 ./Drivers/STM32G4xx_HAL_Driver/Src/stm32g4xx_hal_rcc.o
 .debug_rnglists
                0x00000657       0x87 ./Drivers/STM32G4xx_HAL_Driver/Src/stm32g4xx_hal_rcc_ex.o
 .debug_rnglists
                0x000006de      0x178 ./Drivers/STM32G4xx_HAL_Driver/Src/stm32g4xx_hal_spi.o
 .debug_rnglists
                0x00000856      0x1fa ./Drivers/STM32G4xx_HAL_Driver/Src/stm32g4xx_hal_uart.o
 .debug_rnglists
                0x00000a50       0x7f ./Drivers/STM32G4xx_HAL_Driver/Src/stm32g4xx_hal_uart_ex.o
 .debug_rnglists
                0x00000acf       0x99 ./Drivers/STM32G4xx_HAL_Driver/Src/stm32g4xx_ll_usb.o

.debug_macro    0x00000000    0x263a0
 .debug_macro   0x00000000      0x20b ./Core/Src/LoRa.o
 .debug_macro   0x0000020b      0xab4 ./Core/Src/LoRa.o
 .debug_macro   0x00000cbf      0x161 ./Core/Src/LoRa.o
 .debug_macro   0x00000e20       0x2e ./Core/Src/LoRa.o
 .debug_macro   0x00000e4e       0x28 ./Core/Src/LoRa.o
 .debug_macro   0x00000e76       0x22 ./Core/Src/LoRa.o
 .debug_macro   0x00000e98       0x8e ./Core/Src/LoRa.o
 .debug_macro   0x00000f26       0x51 ./Core/Src/LoRa.o
 .debug_macro   0x00000f77      0x103 ./Core/Src/LoRa.o
 .debug_macro   0x0000107a       0x6a ./Core/Src/LoRa.o
 .debug_macro   0x000010e4      0x1df ./Core/Src/LoRa.o
 .debug_macro   0x000012c3       0x1c ./Core/Src/LoRa.o
 .debug_macro   0x000012df       0x22 ./Core/Src/LoRa.o
 .debug_macro   0x00001301       0xfb ./Core/Src/LoRa.o
 .debug_macro   0x000013fc     0x1011 ./Core/Src/LoRa.o
 .debug_macro   0x0000240d      0x11f ./Core/Src/LoRa.o
 .debug_macro   0x0000252c    0x18b45 ./Core/Src/LoRa.o
 .debug_macro   0x0001b071       0x6d ./Core/Src/LoRa.o
 .debug_macro   0x0001b0de     0x354d ./Core/Src/LoRa.o
 .debug_macro   0x0001e62b      0x189 ./Core/Src/LoRa.o
 .debug_macro   0x0001e7b4       0x5c ./Core/Src/LoRa.o
 .debug_macro   0x0001e810     0x171f ./Core/Src/LoRa.o
 .debug_macro   0x0001ff2f      0x600 ./Core/Src/LoRa.o
 .debug_macro   0x0002052f      0x1b6 ./Core/Src/LoRa.o
 .debug_macro   0x000206e5      0x34a ./Core/Src/LoRa.o
 .debug_macro   0x00020a2f      0x53c ./Core/Src/LoRa.o
 .debug_macro   0x00020f6b      0x18b ./Core/Src/LoRa.o
 .debug_macro   0x000210f6       0x43 ./Core/Src/LoRa.o
 .debug_macro   0x00021139      0x23d ./Core/Src/LoRa.o
 .debug_macro   0x00021376      0x211 ./Core/Src/LoRa.o
 .debug_macro   0x00021587      0x45c ./Core/Src/LoRa.o
 .debug_macro   0x000219e3      0x11c ./Core/Src/LoRa.o
 .debug_macro   0x00021aff       0x73 ./Core/Src/LoRa.o
 .debug_macro   0x00021b72      0x22d ./Core/Src/LoRa.o
 .debug_macro   0x00021d9f      0x122 ./Core/Src/LoRa.o
 .debug_macro   0x00021ec1      0x3d1 ./Core/Src/LoRa.o
 .debug_macro   0x00022292      0x2fe ./Core/Src/LoRa.o
 .debug_macro   0x00022590      0x693 ./Core/Src/LoRa.o
 .debug_macro   0x00022c23       0xa6 ./Core/Src/LoRa.o
 .debug_macro   0x00022cc9      0x358 ./Core/Src/LoRa.o
 .debug_macro   0x00023021       0x34 ./Core/Src/LoRa.o
 .debug_macro   0x00023055      0x172 ./Core/Src/LoRa.o
 .debug_macro   0x000231c7      0x20c ./Core/Src/gpio.o
 .debug_macro   0x000233d3      0x303 ./Core/Src/main.o
 .debug_macro   0x000236d6       0x2a ./Core/Src/main.o
 .debug_macro   0x00023700       0x61 ./Core/Src/main.o
 .debug_macro   0x00023761       0x43 ./Core/Src/main.o
 .debug_macro   0x000237a4       0x34 ./Core/Src/main.o
 .debug_macro   0x000237d8       0x16 ./Core/Src/main.o
 .debug_macro   0x000237ee       0x35 ./Core/Src/main.o
 .debug_macro   0x00023823       0x16 ./Core/Src/main.o
 .debug_macro   0x00023839       0x43 ./Core/Src/main.o
 .debug_macro   0x0002387c       0x34 ./Core/Src/main.o
 .debug_macro   0x000238b0       0x10 ./Core/Src/main.o
 .debug_macro   0x000238c0       0x58 ./Core/Src/main.o
 .debug_macro   0x00023918       0x8e ./Core/Src/main.o
 .debug_macro   0x000239a6       0x1c ./Core/Src/main.o
 .debug_macro   0x000239c2      0x177 ./Core/Src/main.o
 .debug_macro   0x00023b39      0x369 ./Core/Src/main.o
 .debug_macro   0x00023ea2       0x16 ./Core/Src/main.o
 .debug_macro   0x00023eb8       0x29 ./Core/Src/main.o
 .debug_macro   0x00023ee1      0x20c ./Core/Src/spi.o
 .debug_macro   0x000240ed      0x202 ./Core/Src/stm32g4xx_hal_msp.o
 .debug_macro   0x000242ef      0x20c ./Core/Src/stm32g4xx_it.o
 .debug_macro   0x000244fb      0x1f3 ./Core/Src/system_stm32g4xx.o
 .debug_macro   0x000246ee      0x20c ./Core/Src/usart.o
 .debug_macro   0x000248fa      0x20c ./Core/Src/usb.o
 .debug_macro   0x00024b06      0x241 ./Drivers/STM32G4xx_HAL_Driver/Src/stm32g4xx_hal.o
 .debug_macro   0x00024d47      0x1f3 ./Drivers/STM32G4xx_HAL_Driver/Src/stm32g4xx_hal_cortex.o
 .debug_macro   0x00024f3a      0x1fa ./Drivers/STM32G4xx_HAL_Driver/Src/stm32g4xx_hal_gpio.o
 .debug_macro   0x00025134      0x1ff ./Drivers/STM32G4xx_HAL_Driver/Src/stm32g4xx_hal_pcd.o
 .debug_macro   0x00025333      0x1f3 ./Drivers/STM32G4xx_HAL_Driver/Src/stm32g4xx_hal_pcd_ex.o
 .debug_macro   0x00025526      0x21d ./Drivers/STM32G4xx_HAL_Driver/Src/stm32g4xx_hal_pwr_ex.o
 .debug_macro   0x00025743      0x235 ./Drivers/STM32G4xx_HAL_Driver/Src/stm32g4xx_hal_rcc.o
 .debug_macro   0x00025978      0x21d ./Drivers/STM32G4xx_HAL_Driver/Src/stm32g4xx_hal_rcc_ex.o
 .debug_macro   0x00025b95      0x1fb ./Drivers/STM32G4xx_HAL_Driver/Src/stm32g4xx_hal_spi.o
 .debug_macro   0x00025d90      0x21e ./Drivers/STM32G4xx_HAL_Driver/Src/stm32g4xx_hal_uart.o
 .debug_macro   0x00025fae      0x1ff ./Drivers/STM32G4xx_HAL_Driver/Src/stm32g4xx_hal_uart_ex.o
 .debug_macro   0x000261ad      0x1f3 ./Drivers/STM32G4xx_HAL_Driver/Src/stm32g4xx_ll_usb.o

.debug_line     0x00000000    0x13dc5
 .debug_line    0x00000000      0xc1c ./Core/Src/LoRa.o
 .debug_line    0x00000c1c      0x7c8 ./Core/Src/gpio.o
 .debug_line    0x000013e4      0xa3e ./Core/Src/main.o
 .debug_line    0x00001e22      0x8a5 ./Core/Src/spi.o
 .debug_line    0x000026c7      0x7b1 ./Core/Src/stm32g4xx_hal_msp.o
 .debug_line    0x00002e78      0x873 ./Core/Src/stm32g4xx_it.o
 .debug_line    0x000036eb      0x81d ./Core/Src/system_stm32g4xx.o
 .debug_line    0x00003f08      0x8e8 ./Core/Src/usart.o
 .debug_line    0x000047f0      0x813 ./Core/Src/usb.o
 .debug_line    0x00005003       0x7b ./Core/Startup/startup_stm32g474cetx.o
 .debug_line    0x0000507e      0xbd9 ./Drivers/STM32G4xx_HAL_Driver/Src/stm32g4xx_hal.o
 .debug_line    0x00005c57      0xd42 ./Drivers/STM32G4xx_HAL_Driver/Src/stm32g4xx_hal_cortex.o
 .debug_line    0x00006999      0xbf2 ./Drivers/STM32G4xx_HAL_Driver/Src/stm32g4xx_hal_gpio.o
 .debug_line    0x0000758b     0x1410 ./Drivers/STM32G4xx_HAL_Driver/Src/stm32g4xx_hal_pcd.o
 .debug_line    0x0000899b      0x94a ./Drivers/STM32G4xx_HAL_Driver/Src/stm32g4xx_hal_pcd_ex.o
 .debug_line    0x000092e5      0xd48 ./Drivers/STM32G4xx_HAL_Driver/Src/stm32g4xx_hal_pwr_ex.o
 .debug_line    0x0000a02d      0xfa4 ./Drivers/STM32G4xx_HAL_Driver/Src/stm32g4xx_hal_rcc.o
 .debug_line    0x0000afd1     0x12b4 ./Drivers/STM32G4xx_HAL_Driver/Src/stm32g4xx_hal_rcc_ex.o
 .debug_line    0x0000c285     0x2059 ./Drivers/STM32G4xx_HAL_Driver/Src/stm32g4xx_hal_spi.o
 .debug_line    0x0000e2de     0x3c4d ./Drivers/STM32G4xx_HAL_Driver/Src/stm32g4xx_hal_uart.o
 .debug_line    0x00011f2b      0xdff ./Drivers/STM32G4xx_HAL_Driver/Src/stm32g4xx_hal_uart_ex.o
 .debug_line    0x00012d2a     0x109b ./Drivers/STM32G4xx_HAL_Driver/Src/stm32g4xx_ll_usb.o

.debug_str      0x00000000    0xee63a
 .debug_str     0x00000000    0xe6ec6 ./Core/Src/LoRa.o
                              0xe721e (size before relaxing)
 .debug_str     0x000e6ec6      0x1c4 ./Core/Src/gpio.o
                              0xe682d (size before relaxing)
 .debug_str     0x000e708a     0x3608 ./Core/Src/main.o
                              0xea66e (size before relaxing)
 .debug_str     0x000ea692       0x61 ./Core/Src/spi.o
                              0xe6d75 (size before relaxing)
 .debug_str     0x000ea6f3       0x4d ./Core/Src/stm32g4xx_hal_msp.o
                              0xe6783 (size before relaxing)
 .debug_str     0x000ea740       0xc9 ./Core/Src/stm32g4xx_it.o
                              0xe6692 (size before relaxing)
 .debug_str     0x000ea809       0xdb ./Core/Src/system_stm32g4xx.o
                              0xe6758 (size before relaxing)
 .debug_str     0x000ea8e4      0x28e ./Core/Src/usart.o
                              0xe7037 (size before relaxing)
 .debug_str     0x000eab72      0x325 ./Core/Src/usb.o
                              0xe6d20 (size before relaxing)
 .debug_str     0x000eae97       0x44 ./Core/Startup/startup_stm32g474cetx.o
                                 0x93 (size before relaxing)
 .debug_str     0x000eaedb      0xc20 ./Drivers/STM32G4xx_HAL_Driver/Src/stm32g4xx_hal.o
                              0xe746a (size before relaxing)
 .debug_str     0x000ebafb      0x344 ./Drivers/STM32G4xx_HAL_Driver/Src/stm32g4xx_hal_cortex.o
                              0xe70ee (size before relaxing)
 .debug_str     0x000ebe3f      0x103 ./Drivers/STM32G4xx_HAL_Driver/Src/stm32g4xx_hal_gpio.o
                              0xe68e3 (size before relaxing)
 .debug_str     0x000ebf42      0x55b ./Drivers/STM32G4xx_HAL_Driver/Src/stm32g4xx_hal_pcd.o
                              0xe6ed4 (size before relaxing)
 .debug_str     0x000ec49d      0x186 ./Drivers/STM32G4xx_HAL_Driver/Src/stm32g4xx_hal_pcd_ex.o
                              0xe6b10 (size before relaxing)
 .debug_str     0x000ec623      0x4a5 ./Drivers/STM32G4xx_HAL_Driver/Src/stm32g4xx_hal_pwr_ex.o
                              0xe6c46 (size before relaxing)
 .debug_str     0x000ecac8      0x506 ./Drivers/STM32G4xx_HAL_Driver/Src/stm32g4xx_hal_rcc.o
                              0xe6e77 (size before relaxing)
 .debug_str     0x000ecfce      0x401 ./Drivers/STM32G4xx_HAL_Driver/Src/stm32g4xx_hal_rcc_ex.o
                              0xe6ea1 (size before relaxing)
 .debug_str     0x000ed3cf      0x584 ./Drivers/STM32G4xx_HAL_Driver/Src/stm32g4xx_hal_spi.o
                              0xe7090 (size before relaxing)
 .debug_str     0x000ed953      0x9a9 ./Drivers/STM32G4xx_HAL_Driver/Src/stm32g4xx_hal_uart.o
                              0xe7713 (size before relaxing)
 .debug_str     0x000ee2fc      0x26b ./Drivers/STM32G4xx_HAL_Driver/Src/stm32g4xx_hal_uart_ex.o
                              0xe6f11 (size before relaxing)
 .debug_str     0x000ee567       0xd3 ./Drivers/STM32G4xx_HAL_Driver/Src/stm32g4xx_ll_usb.o
                              0xe6a11 (size before relaxing)

.comment        0x00000000       0x43
 .comment       0x00000000       0x43 ./Core/Src/LoRa.o
                                 0x44 (size before relaxing)
 .comment       0x00000043       0x44 ./Core/Src/gpio.o
 .comment       0x00000043       0x44 ./Core/Src/main.o
 .comment       0x00000043       0x44 ./Core/Src/spi.o
 .comment       0x00000043       0x44 ./Core/Src/stm32g4xx_hal_msp.o
 .comment       0x00000043       0x44 ./Core/Src/stm32g4xx_it.o
 .comment       0x00000043       0x44 ./Core/Src/system_stm32g4xx.o
 .comment       0x00000043       0x44 ./Core/Src/usart.o
 .comment       0x00000043       0x44 ./Core/Src/usb.o
 .comment       0x00000043       0x44 ./Drivers/STM32G4xx_HAL_Driver/Src/stm32g4xx_hal.o
 .comment       0x00000043       0x44 ./Drivers/STM32G4xx_HAL_Driver/Src/stm32g4xx_hal_cortex.o
 .comment       0x00000043       0x44 ./Drivers/STM32G4xx_HAL_Driver/Src/stm32g4xx_hal_gpio.o
 .comment       0x00000043       0x44 ./Drivers/STM32G4xx_HAL_Driver/Src/stm32g4xx_hal_pcd.o
 .comment       0x00000043       0x44 ./Drivers/STM32G4xx_HAL_Driver/Src/stm32g4xx_hal_pcd_ex.o
 .comment       0x00000043       0x44 ./Drivers/STM32G4xx_HAL_Driver/Src/stm32g4xx_hal_pwr_ex.o
 .comment       0x00000043       0x44 ./Drivers/STM32G4xx_HAL_Driver/Src/stm32g4xx_hal_rcc.o
 .comment       0x00000043       0x44 ./Drivers/STM32G4xx_HAL_Driver/Src/stm32g4xx_hal_rcc_ex.o
 .comment       0x00000043       0x44 ./Drivers/STM32G4xx_HAL_Driver/Src/stm32g4xx_hal_spi.o
 .comment       0x00000043       0x44 ./Drivers/STM32G4xx_HAL_Driver/Src/stm32g4xx_hal_uart.o
 .comment       0x00000043       0x44 ./Drivers/STM32G4xx_HAL_Driver/Src/stm32g4xx_hal_uart_ex.o
 .comment       0x00000043       0x44 ./Drivers/STM32G4xx_HAL_Driver/Src/stm32g4xx_ll_usb.o

.debug_frame    0x00000000     0x3dd4
 .debug_frame   0x00000000      0x338 ./Core/Src/LoRa.o
 .debug_frame   0x00000338       0x34 ./Core/Src/gpio.o
 .debug_frame   0x0000036c       0x94 ./Core/Src/main.o
 .debug_frame   0x00000400       0x90 ./Core/Src/spi.o
 .debug_frame   0x00000490       0x34 ./Core/Src/stm32g4xx_hal_msp.o
 .debug_frame   0x000004c4      0x104 ./Core/Src/stm32g4xx_it.o
 .debug_frame   0x000005c8       0x58 ./Core/Src/system_stm32g4xx.o
 .debug_frame   0x00000620       0x94 ./Core/Src/usart.o
 .debug_frame   0x000006b4       0x78 ./Core/Src/usb.o
 .debug_frame   0x0000072c      0x500 ./Drivers/STM32G4xx_HAL_Driver/Src/stm32g4xx_hal.o
 .debug_frame   0x00000c2c      0x498 ./Drivers/STM32G4xx_HAL_Driver/Src/stm32g4xx_hal_cortex.o
 .debug_frame   0x000010c4      0x14c ./Drivers/STM32G4xx_HAL_Driver/Src/stm32g4xx_hal_gpio.o
 .debug_frame   0x00001210      0x56c ./Drivers/STM32G4xx_HAL_Driver/Src/stm32g4xx_hal_pcd.o
 .debug_frame   0x0000177c      0x14c ./Drivers/STM32G4xx_HAL_Driver/Src/stm32g4xx_hal_pcd_ex.o
 .debug_frame   0x000018c8      0x4fc ./Drivers/STM32G4xx_HAL_Driver/Src/stm32g4xx_hal_pwr_ex.o
 .debug_frame   0x00001dc4      0x23c ./Drivers/STM32G4xx_HAL_Driver/Src/stm32g4xx_hal_rcc.o
 .debug_frame   0x00002000      0x2ac ./Drivers/STM32G4xx_HAL_Driver/Src/stm32g4xx_hal_rcc_ex.o
 .debug_frame   0x000022ac      0x860 ./Drivers/STM32G4xx_HAL_Driver/Src/stm32g4xx_hal_spi.o
 .debug_frame   0x00002b0c      0xa94 ./Drivers/STM32G4xx_HAL_Driver/Src/stm32g4xx_hal_uart.o
 .debug_frame   0x000035a0      0x2c0 ./Drivers/STM32G4xx_HAL_Driver/Src/stm32g4xx_hal_uart_ex.o
 .debug_frame   0x00003860      0x380 ./Drivers/STM32G4xx_HAL_Driver/Src/stm32g4xx_ll_usb.o
 .debug_frame   0x00003be0       0x20 C:/ST/STM32CubeIDE_1.14.1/STM32CubeIDE/plugins/com.st.stm32cube.ide.mcu.externaltools.gnu-tools-for-stm32.12.3.rel1.win32_1.0.100.202403111256/tools/bin/../lib/gcc/arm-none-eabi/12.3.1/../../../../arm-none-eabi/lib/thumb/v7e-m+fp/hard\libc_nano.a(libc_a-memset.o)
 .debug_frame   0x00003c00       0x2c C:/ST/STM32CubeIDE_1.14.1/STM32CubeIDE/plugins/com.st.stm32cube.ide.mcu.externaltools.gnu-tools-for-stm32.12.3.rel1.win32_1.0.100.202403111256/tools/bin/../lib/gcc/arm-none-eabi/12.3.1/../../../../arm-none-eabi/lib/thumb/v7e-m+fp/hard\libc_nano.a(libc_a-init.o)
 .debug_frame   0x00003c2c       0x28 C:/ST/STM32CubeIDE_1.14.1/STM32CubeIDE/plugins/com.st.stm32cube.ide.mcu.externaltools.gnu-tools-for-stm32.12.3.rel1.win32_1.0.100.202403111256/tools/bin/../lib/gcc/arm-none-eabi/12.3.1/../../../../arm-none-eabi/lib/thumb/v7e-m+fp/hard\libc_nano.a(libc_a-memcpy-stub.o)
 .debug_frame   0x00003c54       0xac C:/ST/STM32CubeIDE_1.14.1/STM32CubeIDE/plugins/com.st.stm32cube.ide.mcu.externaltools.gnu-tools-for-stm32.12.3.rel1.win32_1.0.100.202403111256/tools/bin/../lib/gcc/arm-none-eabi/12.3.1/thumb/v7e-m+fp/hard\libgcc.a(_arm_addsubdf3.o)
 .debug_frame   0x00003d00       0x50 C:/ST/STM32CubeIDE_1.14.1/STM32CubeIDE/plugins/com.st.stm32cube.ide.mcu.externaltools.gnu-tools-for-stm32.12.3.rel1.win32_1.0.100.202403111256/tools/bin/../lib/gcc/arm-none-eabi/12.3.1/thumb/v7e-m+fp/hard\libgcc.a(_arm_muldivdf3.o)
 .debug_frame   0x00003d50       0x24 C:/ST/STM32CubeIDE_1.14.1/STM32CubeIDE/plugins/com.st.stm32cube.ide.mcu.externaltools.gnu-tools-for-stm32.12.3.rel1.win32_1.0.100.202403111256/tools/bin/../lib/gcc/arm-none-eabi/12.3.1/thumb/v7e-m+fp/hard\libgcc.a(_arm_fixdfsi.o)
 .debug_frame   0x00003d74       0x2c C:/ST/STM32CubeIDE_1.14.1/STM32CubeIDE/plugins/com.st.stm32cube.ide.mcu.externaltools.gnu-tools-for-stm32.12.3.rel1.win32_1.0.100.202403111256/tools/bin/../lib/gcc/arm-none-eabi/12.3.1/thumb/v7e-m+fp/hard\libgcc.a(_aeabi_uldivmod.o)
 .debug_frame   0x00003da0       0x34 C:/ST/STM32CubeIDE_1.14.1/STM32CubeIDE/plugins/com.st.stm32cube.ide.mcu.externaltools.gnu-tools-for-stm32.12.3.rel1.win32_1.0.100.202403111256/tools/bin/../lib/gcc/arm-none-eabi/12.3.1/thumb/v7e-m+fp/hard\libgcc.a(_udivmoddi4.o)

.debug_line_str
                0x00000000       0x77
 .debug_line_str
                0x00000000       0x77 ./Core/Startup/startup_stm32g474cetx.o
