20:24:13 **** Incremental Build of configuration Debug for project yer_istasyonu ****
make -j16 all 
arm-none-eabi-size  yer_istasyonu.elf 
   text	   data	    bss	    dec	    hex	filename
  28108	    104	   3240	  31452	   7adc	yer_istasyonu.elf
Finished building: default.size.stdout
 
20:25:26 **** Incremental Build of configuration Debug for project yer_istasyonu ****
make -j16 all 
arm-none-eabi-size  yer_istasyonu.elf 
   text	   data	    bss	    dec	    hex	filename
  28108	    104	   3240	  31452	   7adc	yer_istasyonu.elf
Finished building: default.size.stdout
 
