20:06:06 **** Incremental Build of configuration Debug for project yer_istasyonu ****
make -j16 all 
arm-none-eabi-gcc "../Core/Src/LoRa.c" -mcpu=cortex-m4 -std=gnu11 -g3 -DDEBUG -DUSE_HAL_DRIVER -DSTM32G474xx -c -I../Core/Inc -I../Drivers/STM32G4xx_HAL_Driver/Inc -I../Drivers/STM32G4xx_HAL_Driver/Inc/Legacy -I../Drivers/CMSIS/Device/ST/STM32G4xx/Include -I../Drivers/CMSIS/Include -O0 -ffunction-sections -fdata-sections -Wall -fstack-usage -fcyclomatic-complexity -MMD -MP -MF"Core/Src/LoRa.d" -MT"Core/Src/LoRa.o" --specs=nano.specs -mfpu=fpv4-sp-d16 -mfloat-abi=hard -mthumb -o "Core/Src/LoRa.o"
arm-none-eabi-gcc -o "yer_istasyonu.elf" @"objects.list"   -mcpu=cortex-m4 -T"C:\Users\merta\STM32CubeIDE\workspace_1.14.1\yer_istasyonu\yer_istasyonu\STM32G474CETX_FLASH.ld" --specs=nosys.specs -Wl,-Map="yer_istasyonu.map" -Wl,--gc-sections -static --specs=nano.specs -mfpu=fpv4-sp-d16 -mfloat-abi=hard -mthumb -Wl,--start-group -lc -lm -Wl,--end-group
Finished building target: yer_istasyonu.elf
 
arm-none-eabi-size  yer_istasyonu.elf 
arm-none-eabi-objdump -h -S yer_istasyonu.elf  > "yer_istasyonu.list"
   text	   data	    bss	    dec	    hex	filename
  24340	     92	   3476	  27908	   6d04	yer_istasyonu.elf
Finished building: default.size.stdout
 
Finished building: yer_istasyonu.list
 
20:06:12 **** Incremental Build of configuration Debug for project yer_istasyonu ****
make -j16 all 
arm-none-eabi-size  yer_istasyonu.elf 
   text	   data	    bss	    dec	    hex	filename
  24340	     92	   3476	  27908	   6d04	yer_istasyonu.elf
Finished building: default.size.stdout
 
20:07:26 **** Incremental Build of configuration Debug for project yer_istasyonu ****
make -j16 all 
arm-none-eabi-gcc "../Core/Src/spi.c" -mcpu=cortex-m4 -std=gnu11 -g3 -DDEBUG -DUSE_HAL_DRIVER -DSTM32G474xx -c -I../Core/Inc -I../Drivers/STM32G4xx_HAL_Driver/Inc -I../Drivers/STM32G4xx_HAL_Driver/Inc/Legacy -I../Drivers/CMSIS/Device/ST/STM32G4xx/Include -I../Drivers/CMSIS/Include -O0 -ffunction-sections -fdata-sections -Wall -fstack-usage -fcyclomatic-complexity -MMD -MP -MF"Core/Src/spi.d" -MT"Core/Src/spi.o" --specs=nano.specs -mfpu=fpv4-sp-d16 -mfloat-abi=hard -mthumb -o "Core/Src/spi.o"
arm-none-eabi-gcc -o "yer_istasyonu.elf" @"objects.list"   -mcpu=cortex-m4 -T"C:\Users\merta\STM32CubeIDE\workspace_1.14.1\yer_istasyonu\yer_istasyonu\STM32G474CETX_FLASH.ld" --specs=nosys.specs -Wl,-Map="yer_istasyonu.map" -Wl,--gc-sections -static --specs=nano.specs -mfpu=fpv4-sp-d16 -mfloat-abi=hard -mthumb -Wl,--start-group -lc -lm -Wl,--end-group
Finished building target: yer_istasyonu.elf
 
arm-none-eabi-size  yer_istasyonu.elf 
arm-none-eabi-objdump -h -S yer_istasyonu.elf  > "yer_istasyonu.list"
   text	   data	    bss	    dec	    hex	filename
  24340	     92	   3476	  27908	   6d04	yer_istasyonu.elf
Finished building: default.size.stdout
 
Finished building: yer_istasyonu.list
 
20:09:54 **** Incremental Build of configuration Debug for project yer_istasyonu ****
make -j16 all 
arm-none-eabi-gcc "../Core/Src/main.c" -mcpu=cortex-m4 -std=gnu11 -g3 -DDEBUG -DUSE_HAL_DRIVER -DSTM32G474xx -c -I../Core/Inc -I../Drivers/STM32G4xx_HAL_Driver/Inc -I../Drivers/STM32G4xx_HAL_Driver/Inc/Legacy -I../Drivers/CMSIS/Device/ST/STM32G4xx/Include -I../Drivers/CMSIS/Include -O0 -ffunction-sections -fdata-sections -Wall -fstack-usage -fcyclomatic-complexity -MMD -MP -MF"Core/Src/main.d" -MT"Core/Src/main.o" --specs=nano.specs -mfpu=fpv4-sp-d16 -mfloat-abi=hard -mthumb -o "Core/Src/main.o"
../Core/Src/main.c: In function 'main':
../Core/Src/main.c:155:27: warning: assignment to 'uint8_t' {aka 'unsigned char'} from 'char *' makes integer from pointer without a cast [-Wint-conversion]
  155 |                  str[100] = "data :";
      |                           ^
../Core/Src/main.c:157:9: warning: implicit declaration of function 'sprintf' [-Wimplicit-function-declaration]
  157 |         sprintf(str, "%lu\n", read_data);
      |         ^~~~~~~
../Core/Src/main.c:30:1: note: include '<stdio.h>' or provide a declaration of 'sprintf'
   29 | #include "LoRa.h"
  +++ |+#include <stdio.h>
   30 | /* USER CODE END Includes */
../Core/Src/main.c:157:9: warning: incompatible implicit declaration of built-in function 'sprintf' [-Wbuiltin-declaration-mismatch]
  157 |         sprintf(str, "%lu\n", read_data);
      |         ^~~~~~~
../Core/Src/main.c:157:9: note: include '<stdio.h>' or provide a declaration of 'sprintf'
../Core/Src/main.c:157:17: warning: pointer targets in passing argument 1 of 'sprintf' differ in signedness [-Wpointer-sign]
  157 |         sprintf(str, "%lu\n", read_data);
      |                 ^~~
      |                 |
      |                 uint8_t * {aka unsigned char *}
../Core/Src/main.c:157:17: note: expected 'char *' but argument is of type 'uint8_t *' {aka 'unsigned char *'}
../Core/Src/main.c:157:25: warning: format '%lu' expects argument of type 'long unsigned int', but argument 3 has type 'uint8_t *' {aka 'unsigned char *'} [-Wformat=]
  157 |         sprintf(str, "%lu\n", read_data);
      |                       ~~^     ~~~~~~~~~
      |                         |     |
      |                         |     uint8_t * {aka unsigned char *}
      |                         long unsigned int
      |                       %hhn
../Core/Src/main.c:159:41: warning: implicit declaration of function 'strlen' [-Wimplicit-function-declaration]
  159 |         HAL_UART_Transmit(&huart1, str, strlen(str), 100);
      |                                         ^~~~~~
../Core/Src/main.c:30:1: note: include '<string.h>' or provide a declaration of 'strlen'
   29 | #include "LoRa.h"
  +++ |+#include <string.h>
   30 | /* USER CODE END Includes */
../Core/Src/main.c:159:41: warning: incompatible implicit declaration of built-in function 'strlen' [-Wbuiltin-declaration-mismatch]
  159 |         HAL_UART_Transmit(&huart1, str, strlen(str), 100);
      |                                         ^~~~~~
../Core/Src/main.c:159:41: note: include '<string.h>' or provide a declaration of 'strlen'
../Core/Src/main.c:159:48: warning: pointer targets in passing argument 1 of 'strlen' differ in signedness [-Wpointer-sign]
  159 |         HAL_UART_Transmit(&huart1, str, strlen(str), 100);
      |                                                ^~~
      |                                                |
      |                                                uint8_t * {aka unsigned char *}
../Core/Src/main.c:159:48: note: expected 'const char *' but argument is of type 'uint8_t *' {aka 'unsigned char *'}
arm-none-eabi-gcc -o "yer_istasyonu.elf" @"objects.list"   -mcpu=cortex-m4 -T"C:\Users\merta\STM32CubeIDE\workspace_1.14.1\yer_istasyonu\yer_istasyonu\STM32G474CETX_FLASH.ld" --specs=nosys.specs -Wl,-Map="yer_istasyonu.map" -Wl,--gc-sections -static --specs=nano.specs -mfpu=fpv4-sp-d16 -mfloat-abi=hard -mthumb -Wl,--start-group -lc -lm -Wl,--end-group
Finished building target: yer_istasyonu.elf
 
arm-none-eabi-size  yer_istasyonu.elf 
arm-none-eabi-objdump -h -S yer_istasyonu.elf  > "yer_istasyonu.list"
   text	   data	    bss	    dec	    hex	filename
  24340	     92	   3476	  27908	   6d04	yer_istasyonu.elf
Finished building: default.size.stdout
 
Finished building: yer_istasyonu.list
 
20:10:02 **** Incremental Build of configuration Debug for project yer_istasyonu ****
make -j16 all 
arm-none-eabi-size  yer_istasyonu.elf 
   text	   data	    bss	    dec	    hex	filename
  24340	     92	   3476	  27908	   6d04	yer_istasyonu.elf
Finished building: default.size.stdout
 
20:14:18 **** Incremental Build of configuration Debug for project yer_istasyonu ****
make -j16 all 
arm-none-eabi-size  yer_istasyonu.elf 
   text	   data	    bss	    dec	    hex	filename
  24340	     92	   3476	  27908	   6d04	yer_istasyonu.elf
Finished building: default.size.stdout
 
20:14:34 **** Incremental Build of configuration Debug for project yer_istasyonu ****
make -j16 all 
arm-none-eabi-size  yer_istasyonu.elf 
   text	   data	    bss	    dec	    hex	filename
  24340	     92	   3476	  27908	   6d04	yer_istasyonu.elf
Finished building: default.size.stdout
 
20:16:15 **** Incremental Build of configuration Debug for project yer_istasyonu ****
make -j16 all 
arm-none-eabi-gcc "../Core/Src/main.c" -mcpu=cortex-m4 -std=gnu11 -g3 -DDEBUG -DUSE_HAL_DRIVER -DSTM32G474xx -c -I../Core/Inc -I../Drivers/STM32G4xx_HAL_Driver/Inc -I../Drivers/STM32G4xx_HAL_Driver/Inc/Legacy -I../Drivers/CMSIS/Device/ST/STM32G4xx/Include -I../Drivers/CMSIS/Include -O0 -ffunction-sections -fdata-sections -Wall -fstack-usage -fcyclomatic-complexity -MMD -MP -MF"Core/Src/main.d" -MT"Core/Src/main.o" --specs=nano.specs -mfpu=fpv4-sp-d16 -mfloat-abi=hard -mthumb -o "Core/Src/main.o"
../Core/Src/main.c: In function 'main':
../Core/Src/main.c:155:27: warning: assignment to 'uint8_t' {aka 'unsigned char'} from 'char *' makes integer from pointer without a cast [-Wint-conversion]
  155 |                  str[100] = "data :";
      |                           ^
../Core/Src/main.c:157:9: warning: implicit declaration of function 'sprintf' [-Wimplicit-function-declaration]
  157 |         sprintf(str, "%lu\n", read_data);
      |         ^~~~~~~
../Core/Src/main.c:30:1: note: include '<stdio.h>' or provide a declaration of 'sprintf'
   29 | #include "LoRa.h"
  +++ |+#include <stdio.h>
   30 | /* USER CODE END Includes */
../Core/Src/main.c:157:9: warning: incompatible implicit declaration of built-in function 'sprintf' [-Wbuiltin-declaration-mismatch]
  157 |         sprintf(str, "%lu\n", read_data);
      |         ^~~~~~~
../Core/Src/main.c:157:9: note: include '<stdio.h>' or provide a declaration of 'sprintf'
../Core/Src/main.c:157:17: warning: pointer targets in passing argument 1 of 'sprintf' differ in signedness [-Wpointer-sign]
  157 |         sprintf(str, "%lu\n", read_data);
      |                 ^~~
      |                 |
      |                 uint8_t * {aka unsigned char *}
../Core/Src/main.c:157:17: note: expected 'char *' but argument is of type 'uint8_t *' {aka 'unsigned char *'}
../Core/Src/main.c:157:25: warning: format '%lu' expects argument of type 'long unsigned int', but argument 3 has type 'uint8_t *' {aka 'unsigned char *'} [-Wformat=]
  157 |         sprintf(str, "%lu\n", read_data);
      |                       ~~^     ~~~~~~~~~
      |                         |     |
      |                         |     uint8_t * {aka unsigned char *}
      |                         long unsigned int
      |                       %hhn
arm-none-eabi-gcc -o "yer_istasyonu.elf" @"objects.list"   -mcpu=cortex-m4 -T"C:\Users\merta\STM32CubeIDE\workspace_1.14.1\yer_istasyonu\yer_istasyonu\STM32G474CETX_FLASH.ld" --specs=nosys.specs -Wl,-Map="yer_istasyonu.map" -Wl,--gc-sections -static --specs=nano.specs -mfpu=fpv4-sp-d16 -mfloat-abi=hard -mthumb -Wl,--start-group -lc -lm -Wl,--end-group
Finished building target: yer_istasyonu.elf
 
arm-none-eabi-size  yer_istasyonu.elf 
arm-none-eabi-objdump -h -S yer_istasyonu.elf  > "yer_istasyonu.list"
   text	   data	    bss	    dec	    hex	filename
  24304	     92	   3476	  27872	   6ce0	yer_istasyonu.elf
Finished building: default.size.stdout
 
Finished building: yer_istasyonu.list
 
20:22:31 **** Incremental Build of configuration Debug for project yer_istasyonu ****
make -j16 all 
arm-none-eabi-size  yer_istasyonu.elf 
   text	   data	    bss	    dec	    hex	filename
  24304	     92	   3476	  27872	   6ce0	yer_istasyonu.elf
Finished building: default.size.stdout
 
20:25:52 **** Incremental Build of configuration Debug for project yer_istasyonu ****
make -j16 all 
arm-none-eabi-size  yer_istasyonu.elf 
   text	   data	    bss	    dec	    hex	filename
  24304	     92	   3476	  27872	   6ce0	yer_istasyonu.elf
Finished building: default.size.stdout
 
20:27:02 **** Incremental Build of configuration Debug for project yer_istasyonu ****
make -j16 all 
arm-none-eabi-size  yer_istasyonu.elf 
   text	   data	    bss	    dec	    hex	filename
  24304	     92	   3476	  27872	   6ce0	yer_istasyonu.elf
Finished building: default.size.stdout
 
20:29:47 **** Incremental Build of configuration Debug for project yer_istasyonu ****
make -j16 all 
arm-none-eabi-size  yer_istasyonu.elf 
   text	   data	    bss	    dec	    hex	filename
  24304	     92	   3476	  27872	   6ce0	yer_istasyonu.elf
Finished building: default.size.stdout
 
20:30:04 **** Incremental Build of configuration Debug for project yer_istasyonu ****
make -j16 all 
arm-none-eabi-size  yer_istasyonu.elf 
   text	   data	    bss	    dec	    hex	filename
  24304	     92	   3476	  27872	   6ce0	yer_istasyonu.elf
Finished building: default.size.stdout
 
20:30:59 **** Incremental Build of configuration Debug for project yer_istasyonu ****
make -j16 all 
arm-none-eabi-size  yer_istasyonu.elf 
   text	   data	    bss	    dec	    hex	filename
  24304	     92	   3476	  27872	   6ce0	yer_istasyonu.elf
Finished building: default.size.stdout
 
20:35:44 **** Incremental Build of configuration Debug for project yer_istasyonu ****
make -j16 all 
arm-none-eabi-gcc "../Core/Src/main.c" -mcpu=cortex-m4 -std=gnu11 -g3 -DDEBUG -DUSE_HAL_DRIVER -DSTM32G474xx -c -I../Core/Inc -I../Drivers/STM32G4xx_HAL_Driver/Inc -I../Drivers/STM32G4xx_HAL_Driver/Inc/Legacy -I../Drivers/CMSIS/Device/ST/STM32G4xx/Include -I../Drivers/CMSIS/Include -O0 -ffunction-sections -fdata-sections -Wall -fstack-usage -fcyclomatic-complexity -MMD -MP -MF"Core/Src/main.d" -MT"Core/Src/main.o" --specs=nano.specs -mfpu=fpv4-sp-d16 -mfloat-abi=hard -mthumb -o "Core/Src/main.o"
../Core/Src/main.c: In function 'HAL_GPIO_EXTI_Callback':
../Core/Src/main.c:68:27: warning: assignment to 'uint8_t' {aka 'unsigned char'} from 'char *' makes integer from pointer without a cast [-Wint-conversion]
   68 |                  str[100] = "data :";
      |                           ^
../Core/Src/main.c:70:9: warning: implicit declaration of function 'sprintf' [-Wimplicit-function-declaration]
   70 |         sprintf(str, "%lu\n", read_data);
      |         ^~~~~~~
../Core/Src/main.c:30:1: note: include '<stdio.h>' or provide a declaration of 'sprintf'
   29 | #include "LoRa.h"
  +++ |+#include <stdio.h>
   30 | /* USER CODE END Includes */
../Core/Src/main.c:70:9: warning: incompatible implicit declaration of built-in function 'sprintf' [-Wbuiltin-declaration-mismatch]
   70 |         sprintf(str, "%lu\n", read_data);
      |         ^~~~~~~
../Core/Src/main.c:70:9: note: include '<stdio.h>' or provide a declaration of 'sprintf'
../Core/Src/main.c:70:17: warning: pointer targets in passing argument 1 of 'sprintf' differ in signedness [-Wpointer-sign]
   70 |         sprintf(str, "%lu\n", read_data);
      |                 ^~~
      |                 |
      |                 uint8_t * {aka unsigned char *}
../Core/Src/main.c:70:17: note: expected 'char *' but argument is of type 'uint8_t *' {aka 'unsigned char *'}
../Core/Src/main.c:70:25: warning: format '%lu' expects argument of type 'long unsigned int', but argument 3 has type 'uint8_t *' {aka 'unsigned char *'} [-Wformat=]
   70 |         sprintf(str, "%lu\n", read_data);
      |                       ~~^     ~~~~~~~~~
      |                         |     |
      |                         |     uint8_t * {aka unsigned char *}
      |                         long unsigned int
      |                       %hhn
arm-none-eabi-gcc -o "yer_istasyonu.elf" @"objects.list"   -mcpu=cortex-m4 -T"C:\Users\merta\STM32CubeIDE\workspace_1.14.1\yer_istasyonu\yer_istasyonu\STM32G474CETX_FLASH.ld" --specs=nosys.specs -Wl,-Map="yer_istasyonu.map" -Wl,--gc-sections -static --specs=nano.specs -mfpu=fpv4-sp-d16 -mfloat-abi=hard -mthumb -Wl,--start-group -lc -lm -Wl,--end-group
Finished building target: yer_istasyonu.elf
 
arm-none-eabi-size  yer_istasyonu.elf 
arm-none-eabi-objdump -h -S yer_istasyonu.elf  > "yer_istasyonu.list"
   text	   data	    bss	    dec	    hex	filename
  21492	     12	   2940	  24444	   5f7c	yer_istasyonu.elf
Finished building: default.size.stdout
 
Finished building: yer_istasyonu.list
 
15:50:43 **** Incremental Build of configuration Debug for project yer_istasyonu ****
make -j16 all 
arm-none-eabi-gcc "../Core/Src/LoRa.c" -mcpu=cortex-m4 -std=gnu11 -g3 -DDEBUG -DUSE_HAL_DRIVER -DSTM32G474xx -c -I../Core/Inc -I../Drivers/STM32G4xx_HAL_Driver/Inc -I../Drivers/STM32G4xx_HAL_Driver/Inc/Legacy -I../Drivers/CMSIS/Device/ST/STM32G4xx/Include -I../Drivers/CMSIS/Include -O0 -ffunction-sections -fdata-sections -Wall -fstack-usage -fcyclomatic-complexity -MMD -MP -MF"Core/Src/LoRa.d" -MT"Core/Src/LoRa.o" --specs=nano.specs -mfpu=fpv4-sp-d16 -mfloat-abi=hard -mthumb -o "Core/Src/LoRa.o"
arm-none-eabi-gcc "../Core/Src/gpio.c" -mcpu=cortex-m4 -std=gnu11 -g3 -DDEBUG -DUSE_HAL_DRIVER -DSTM32G474xx -c -I../Core/Inc -I../Drivers/STM32G4xx_HAL_Driver/Inc -I../Drivers/STM32G4xx_HAL_Driver/Inc/Legacy -I../Drivers/CMSIS/Device/ST/STM32G4xx/Include -I../Drivers/CMSIS/Include -O0 -ffunction-sections -fdata-sections -Wall -fstack-usage -fcyclomatic-complexity -MMD -MP -MF"Core/Src/gpio.d" -MT"Core/Src/gpio.o" --specs=nano.specs -mfpu=fpv4-sp-d16 -mfloat-abi=hard -mthumb -o "Core/Src/gpio.o"
arm-none-eabi-gcc "../Core/Src/main.c" -mcpu=cortex-m4 -std=gnu11 -g3 -DDEBUG -DUSE_HAL_DRIVER -DSTM32G474xx -c -I../Core/Inc -I../Drivers/STM32G4xx_HAL_Driver/Inc -I../Drivers/STM32G4xx_HAL_Driver/Inc/Legacy -I../Drivers/CMSIS/Device/ST/STM32G4xx/Include -I../Drivers/CMSIS/Include -O0 -ffunction-sections -fdata-sections -Wall -fstack-usage -fcyclomatic-complexity -MMD -MP -MF"Core/Src/main.d" -MT"Core/Src/main.o" --specs=nano.specs -mfpu=fpv4-sp-d16 -mfloat-abi=hard -mthumb -o "Core/Src/main.o"
arm-none-eabi-gcc "../Core/Src/spi.c" -mcpu=cortex-m4 -std=gnu11 -g3 -DDEBUG -DUSE_HAL_DRIVER -DSTM32G474xx -c -I../Core/Inc -I../Drivers/STM32G4xx_HAL_Driver/Inc -I../Drivers/STM32G4xx_HAL_Driver/Inc/Legacy -I../Drivers/CMSIS/Device/ST/STM32G4xx/Include -I../Drivers/CMSIS/Include -O0 -ffunction-sections -fdata-sections -Wall -fstack-usage -fcyclomatic-complexity -MMD -MP -MF"Core/Src/spi.d" -MT"Core/Src/spi.o" --specs=nano.specs -mfpu=fpv4-sp-d16 -mfloat-abi=hard -mthumb -o "Core/Src/spi.o"
arm-none-eabi-gcc "../Core/Src/stm32g4xx_hal_msp.c" -mcpu=cortex-m4 -std=gnu11 -g3 -DDEBUG -DUSE_HAL_DRIVER -DSTM32G474xx -c -I../Core/Inc -I../Drivers/STM32G4xx_HAL_Driver/Inc -I../Drivers/STM32G4xx_HAL_Driver/Inc/Legacy -I../Drivers/CMSIS/Device/ST/STM32G4xx/Include -I../Drivers/CMSIS/Include -O0 -ffunction-sections -fdata-sections -Wall -fstack-usage -fcyclomatic-complexity -MMD -MP -MF"Core/Src/stm32g4xx_hal_msp.d" -MT"Core/Src/stm32g4xx_hal_msp.o" --specs=nano.specs -mfpu=fpv4-sp-d16 -mfloat-abi=hard -mthumb -o "Core/Src/stm32g4xx_hal_msp.o"
arm-none-eabi-gcc "../Core/Src/stm32g4xx_it.c" -mcpu=cortex-m4 -std=gnu11 -g3 -DDEBUG -DUSE_HAL_DRIVER -DSTM32G474xx -c -I../Core/Inc -I../Drivers/STM32G4xx_HAL_Driver/Inc -I../Drivers/STM32G4xx_HAL_Driver/Inc/Legacy -I../Drivers/CMSIS/Device/ST/STM32G4xx/Include -I../Drivers/CMSIS/Include -O0 -ffunction-sections -fdata-sections -Wall -fstack-usage -fcyclomatic-complexity -MMD -MP -MF"Core/Src/stm32g4xx_it.d" -MT"Core/Src/stm32g4xx_it.o" --specs=nano.specs -mfpu=fpv4-sp-d16 -mfloat-abi=hard -mthumb -o "Core/Src/stm32g4xx_it.o"
arm-none-eabi-gcc "../Core/Src/usart.c" -mcpu=cortex-m4 -std=gnu11 -g3 -DDEBUG -DUSE_HAL_DRIVER -DSTM32G474xx -c -I../Core/Inc -I../Drivers/STM32G4xx_HAL_Driver/Inc -I../Drivers/STM32G4xx_HAL_Driver/Inc/Legacy -I../Drivers/CMSIS/Device/ST/STM32G4xx/Include -I../Drivers/CMSIS/Include -O0 -ffunction-sections -fdata-sections -Wall -fstack-usage -fcyclomatic-complexity -MMD -MP -MF"Core/Src/usart.d" -MT"Core/Src/usart.o" --specs=nano.specs -mfpu=fpv4-sp-d16 -mfloat-abi=hard -mthumb -o "Core/Src/usart.o"
arm-none-eabi-gcc "../Core/Src/usb.c" -mcpu=cortex-m4 -std=gnu11 -g3 -DDEBUG -DUSE_HAL_DRIVER -DSTM32G474xx -c -I../Core/Inc -I../Drivers/STM32G4xx_HAL_Driver/Inc -I../Drivers/STM32G4xx_HAL_Driver/Inc/Legacy -I../Drivers/CMSIS/Device/ST/STM32G4xx/Include -I../Drivers/CMSIS/Include -O0 -ffunction-sections -fdata-sections -Wall -fstack-usage -fcyclomatic-complexity -MMD -MP -MF"Core/Src/usb.d" -MT"Core/Src/usb.o" --specs=nano.specs -mfpu=fpv4-sp-d16 -mfloat-abi=hard -mthumb -o "Core/Src/usb.o"
../Core/Src/main.c: In function 'HAL_GPIO_EXTI_Callback':
../Core/Src/main.c:64:21: warning: comparison between pointer and integer
   64 |         if(GPIO_Pin == DIO0_GPIO_Port)
      |                     ^~
../Core/Src/main.c:69:27: warning: assignment to 'uint8_t' {aka 'unsigned char'} from 'char *' makes integer from pointer without a cast [-Wint-conversion]
   69 |                  str[100] = "data :";
      |                           ^
../Core/Src/main.c:70:18: warning: implicit declaration of function 'sprintf' [-Wimplicit-function-declaration]
   70 |                  sprintf(str, "%lu\n", read_data);
      |                  ^~~~~~~
../Core/Src/main.c:30:1: note: include '<stdio.h>' or provide a declaration of 'sprintf'
   29 | #include "LoRa.h"
  +++ |+#include <stdio.h>
   30 | /* USER CODE END Includes */
../Core/Src/main.c:70:18: warning: incompatible implicit declaration of built-in function 'sprintf' [-Wbuiltin-declaration-mismatch]
   70 |                  sprintf(str, "%lu\n", read_data);
      |                  ^~~~~~~
../Core/Src/main.c:70:18: note: include '<stdio.h>' or provide a declaration of 'sprintf'
../Core/Src/main.c:70:26: warning: pointer targets in passing argument 1 of 'sprintf' differ in signedness [-Wpointer-sign]
   70 |                  sprintf(str, "%lu\n", read_data);
      |                          ^~~
      |                          |
      |                          uint8_t * {aka unsigned char *}
../Core/Src/main.c:70:26: note: expected 'char *' but argument is of type 'uint8_t *' {aka 'unsigned char *'}
../Core/Src/main.c:70:34: warning: format '%lu' expects argument of type 'long unsigned int', but argument 3 has type 'uint8_t *' {aka 'unsigned char *'} [-Wformat=]
   70 |                  sprintf(str, "%lu\n", read_data);
      |                                ~~^     ~~~~~~~~~
      |                                  |     |
      |                                  |     uint8_t * {aka unsigned char *}
      |                                  long unsigned int
      |                                %hhn
arm-none-eabi-gcc -o "yer_istasyonu.elf" @"objects.list"   -mcpu=cortex-m4 -T"C:\Users\merta\STM32CubeIDE\workspace_1.14.1\yer_istasyonu\yer_istasyonu\STM32G474CETX_FLASH.ld" --specs=nosys.specs -Wl,-Map="yer_istasyonu.map" -Wl,--gc-sections -static --specs=nano.specs -mfpu=fpv4-sp-d16 -mfloat-abi=hard -mthumb -Wl,--start-group -lc -lm -Wl,--end-group
Finished building target: yer_istasyonu.elf
 
arm-none-eabi-size  yer_istasyonu.elf 
arm-none-eabi-objdump -h -S yer_istasyonu.elf  > "yer_istasyonu.list"
   text	   data	    bss	    dec	    hex	filename
  21668	     12	   2940	  24620	   602c	yer_istasyonu.elf
Finished building: default.size.stdout
 
Finished building: yer_istasyonu.list
 
15:53:24 **** Incremental Build of configuration Debug for project yer_istasyonu ****
make -j16 all 
arm-none-eabi-gcc "../Core/Src/main.c" -mcpu=cortex-m4 -std=gnu11 -g3 -DDEBUG -DUSE_HAL_DRIVER -DSTM32G474xx -c -I../Core/Inc -I../Drivers/STM32G4xx_HAL_Driver/Inc -I../Drivers/STM32G4xx_HAL_Driver/Inc/Legacy -I../Drivers/CMSIS/Device/ST/STM32G4xx/Include -I../Drivers/CMSIS/Include -O0 -ffunction-sections -fdata-sections -Wall -fstack-usage -fcyclomatic-complexity -MMD -MP -MF"Core/Src/main.d" -MT"Core/Src/main.o" --specs=nano.specs -mfpu=fpv4-sp-d16 -mfloat-abi=hard -mthumb -o "Core/Src/main.o"
../Core/Src/main.c: In function 'HAL_GPIO_EXTI_Callback':
../Core/Src/main.c:64:21: warning: comparison between pointer and integer
   64 |         if(GPIO_Pin == DIO0_GPIO_Port)
      |                     ^~
../Core/Src/main.c:69:27: warning: assignment to 'uint8_t' {aka 'unsigned char'} from 'char *' makes integer from pointer without a cast [-Wint-conversion]
   69 |                  str[100] = "data :";
      |                           ^
../Core/Src/main.c:70:18: warning: implicit declaration of function 'sprintf' [-Wimplicit-function-declaration]
   70 |                  sprintf(str, "%lu\n", read_data);
      |                  ^~~~~~~
../Core/Src/main.c:30:1: note: include '<stdio.h>' or provide a declaration of 'sprintf'
   29 | #include "LoRa.h"
  +++ |+#include <stdio.h>
   30 | /* USER CODE END Includes */
../Core/Src/main.c:70:18: warning: incompatible implicit declaration of built-in function 'sprintf' [-Wbuiltin-declaration-mismatch]
   70 |                  sprintf(str, "%lu\n", read_data);
      |                  ^~~~~~~
../Core/Src/main.c:70:18: note: include '<stdio.h>' or provide a declaration of 'sprintf'
../Core/Src/main.c:70:26: warning: pointer targets in passing argument 1 of 'sprintf' differ in signedness [-Wpointer-sign]
   70 |                  sprintf(str, "%lu\n", read_data);
      |                          ^~~
      |                          |
      |                          uint8_t * {aka unsigned char *}
../Core/Src/main.c:70:26: note: expected 'char *' but argument is of type 'uint8_t *' {aka 'unsigned char *'}
../Core/Src/main.c:70:34: warning: format '%lu' expects argument of type 'long unsigned int', but argument 3 has type 'uint8_t *' {aka 'unsigned char *'} [-Wformat=]
   70 |                  sprintf(str, "%lu\n", read_data);
      |                                ~~^     ~~~~~~~~~
      |                                  |     |
      |                                  |     uint8_t * {aka unsigned char *}
      |                                  long unsigned int
      |                                %hhn
../Core/Src/main.c:71:18: warning: implicit declaration of function 'printf' [-Wimplicit-function-declaration]
   71 |                  printf("%lu\n",str);
      |                  ^~~~~~
../Core/Src/main.c:71:18: note: include '<stdio.h>' or provide a declaration of 'printf'
../Core/Src/main.c:71:18: warning: incompatible implicit declaration of built-in function 'printf' [-Wbuiltin-declaration-mismatch]
../Core/Src/main.c:71:18: note: include '<stdio.h>' or provide a declaration of 'printf'
../Core/Src/main.c:71:28: warning: format '%lu' expects argument of type 'long unsigned int', but argument 2 has type 'uint8_t *' {aka 'unsigned char *'} [-Wformat=]
   71 |                  printf("%lu\n",str);
      |                          ~~^    ~~~
      |                            |    |
      |                            |    uint8_t * {aka unsigned char *}
      |                            long unsigned int
      |                          %hhn
arm-none-eabi-gcc -o "yer_istasyonu.elf" @"objects.list"   -mcpu=cortex-m4 -T"C:\Users\merta\STM32CubeIDE\workspace_1.14.1\yer_istasyonu\yer_istasyonu\STM32G474CETX_FLASH.ld" --specs=nosys.specs -Wl,-Map="yer_istasyonu.map" -Wl,--gc-sections -static --specs=nano.specs -mfpu=fpv4-sp-d16 -mfloat-abi=hard -mthumb -Wl,--start-group -lc -lm -Wl,--end-group
Finished building target: yer_istasyonu.elf
 
arm-none-eabi-size  yer_istasyonu.elf 
arm-none-eabi-objdump -h -S yer_istasyonu.elf  > "yer_istasyonu.list"
   text	   data	    bss	    dec	    hex	filename
  21668	     12	   2940	  24620	   602c	yer_istasyonu.elf
Finished building: default.size.stdout
 
Finished building: yer_istasyonu.list
 
15:54:10 **** Incremental Build of configuration Debug for project yer_istasyonu ****
make -j16 all 
arm-none-eabi-size  yer_istasyonu.elf 
   text	   data	    bss	    dec	    hex	filename
  21668	     12	   2940	  24620	   602c	yer_istasyonu.elf
Finished building: default.size.stdout
 
15:59:28 **** Incremental Build of configuration Debug for project yer_istasyonu ****
make -j16 all 
arm-none-eabi-gcc "../Core/Src/main.c" -mcpu=cortex-m4 -std=gnu11 -g3 -DDEBUG -DUSE_HAL_DRIVER -DSTM32G474xx -c -I../Core/Inc -I../Drivers/STM32G4xx_HAL_Driver/Inc -I../Drivers/STM32G4xx_HAL_Driver/Inc/Legacy -I../Drivers/CMSIS/Device/ST/STM32G4xx/Include -I../Drivers/CMSIS/Include -O0 -ffunction-sections -fdata-sections -Wall -fstack-usage -fcyclomatic-complexity -MMD -MP -MF"Core/Src/main.d" -MT"Core/Src/main.o" --specs=nano.specs -mfpu=fpv4-sp-d16 -mfloat-abi=hard -mthumb -o "Core/Src/main.o"
../Core/Src/main.c: In function 'HAL_GPIO_EXTI_Callback':
../Core/Src/main.c:64:21: warning: comparison between pointer and integer
   64 |         if(GPIO_Pin == DIO0_GPIO_Port)
      |                     ^~
../Core/Src/main.c:69:27: warning: assignment to 'uint8_t' {aka 'unsigned char'} from 'char *' makes integer from pointer without a cast [-Wint-conversion]
   69 |                  str[100] = "data :";
      |                           ^
../Core/Src/main.c:70:18: warning: implicit declaration of function 'sprintf' [-Wimplicit-function-declaration]
   70 |                  sprintf(str, "%lu\n", read_data);
      |                  ^~~~~~~
../Core/Src/main.c:30:1: note: include '<stdio.h>' or provide a declaration of 'sprintf'
   29 | #include "LoRa.h"
  +++ |+#include <stdio.h>
   30 | /* USER CODE END Includes */
../Core/Src/main.c:70:18: warning: incompatible implicit declaration of built-in function 'sprintf' [-Wbuiltin-declaration-mismatch]
   70 |                  sprintf(str, "%lu\n", read_data);
      |                  ^~~~~~~
../Core/Src/main.c:70:18: note: include '<stdio.h>' or provide a declaration of 'sprintf'
../Core/Src/main.c:70:26: warning: pointer targets in passing argument 1 of 'sprintf' differ in signedness [-Wpointer-sign]
   70 |                  sprintf(str, "%lu\n", read_data);
      |                          ^~~
      |                          |
      |                          uint8_t * {aka unsigned char *}
../Core/Src/main.c:70:26: note: expected 'char *' but argument is of type 'uint8_t *' {aka 'unsigned char *'}
../Core/Src/main.c:70:34: warning: format '%lu' expects argument of type 'long unsigned int', but argument 3 has type 'uint8_t *' {aka 'unsigned char *'} [-Wformat=]
   70 |                  sprintf(str, "%lu\n", read_data);
      |                                ~~^     ~~~~~~~~~
      |                                  |     |
      |                                  |     uint8_t * {aka unsigned char *}
      |                                  long unsigned int
      |                                %hhn
../Core/Src/main.c:71:18: warning: implicit declaration of function 'printf' [-Wimplicit-function-declaration]
   71 |                  printf("%lu\n",str);
      |                  ^~~~~~
../Core/Src/main.c:71:18: note: include '<stdio.h>' or provide a declaration of 'printf'
../Core/Src/main.c:71:18: warning: incompatible implicit declaration of built-in function 'printf' [-Wbuiltin-declaration-mismatch]
../Core/Src/main.c:71:18: note: include '<stdio.h>' or provide a declaration of 'printf'
../Core/Src/main.c:71:28: warning: format '%lu' expects argument of type 'long unsigned int', but argument 2 has type 'uint8_t *' {aka 'unsigned char *'} [-Wformat=]
   71 |                  printf("%lu\n",str);
      |                          ~~^    ~~~
      |                            |    |
      |                            |    uint8_t * {aka unsigned char *}
      |                            long unsigned int
      |                          %hhn
arm-none-eabi-gcc -o "yer_istasyonu.elf" @"objects.list"   -mcpu=cortex-m4 -T"C:\Users\merta\STM32CubeIDE\workspace_1.14.1\yer_istasyonu\yer_istasyonu\STM32G474CETX_FLASH.ld" --specs=nosys.specs -Wl,-Map="yer_istasyonu.map" -Wl,--gc-sections -static --specs=nano.specs -mfpu=fpv4-sp-d16 -mfloat-abi=hard -mthumb -Wl,--start-group -lc -lm -Wl,--end-group
Finished building target: yer_istasyonu.elf
 
arm-none-eabi-size  yer_istasyonu.elf 
arm-none-eabi-objdump -h -S yer_istasyonu.elf  > "yer_istasyonu.list"
   text	   data	    bss	    dec	    hex	filename
  21668	     12	   2940	  24620	   602c	yer_istasyonu.elf
Finished building: default.size.stdout
 
Finished building: yer_istasyonu.list
 
16:06:38 **** Incremental Build of configuration Debug for project yer_istasyonu ****
make -j16 all 
arm-none-eabi-gcc "../Core/Src/main.c" -mcpu=cortex-m4 -std=gnu11 -g3 -DDEBUG -DUSE_HAL_DRIVER -DSTM32G474xx -c -I../Core/Inc -I../Drivers/STM32G4xx_HAL_Driver/Inc -I../Drivers/STM32G4xx_HAL_Driver/Inc/Legacy -I../Drivers/CMSIS/Device/ST/STM32G4xx/Include -I../Drivers/CMSIS/Include -O0 -ffunction-sections -fdata-sections -Wall -fstack-usage -fcyclomatic-complexity -MMD -MP -MF"Core/Src/main.d" -MT"Core/Src/main.o" --specs=nano.specs -mfpu=fpv4-sp-d16 -mfloat-abi=hard -mthumb -o "Core/Src/main.o"
../Core/Src/main.c: In function 'main':
../Core/Src/main.c:161:27: warning: assignment to 'uint8_t' {aka 'unsigned char'} from 'char *' makes integer from pointer without a cast [-Wint-conversion]
  161 |                  str[100] = "data :";
      |                           ^
../Core/Src/main.c:162:18: warning: implicit declaration of function 'sprintf' [-Wimplicit-function-declaration]
  162 |                  sprintf(str, "%lu\n", read_data);
      |                  ^~~~~~~
../Core/Src/main.c:30:1: note: include '<stdio.h>' or provide a declaration of 'sprintf'
   29 | #include "LoRa.h"
  +++ |+#include <stdio.h>
   30 | /* USER CODE END Includes */
../Core/Src/main.c:162:18: warning: incompatible implicit declaration of built-in function 'sprintf' [-Wbuiltin-declaration-mismatch]
  162 |                  sprintf(str, "%lu\n", read_data);
      |                  ^~~~~~~
../Core/Src/main.c:162:18: note: include '<stdio.h>' or provide a declaration of 'sprintf'
../Core/Src/main.c:162:26: warning: pointer targets in passing argument 1 of 'sprintf' differ in signedness [-Wpointer-sign]
  162 |                  sprintf(str, "%lu\n", read_data);
      |                          ^~~
      |                          |
      |                          uint8_t * {aka unsigned char *}
../Core/Src/main.c:162:26: note: expected 'char *' but argument is of type 'uint8_t *' {aka 'unsigned char *'}
../Core/Src/main.c:162:34: warning: format '%lu' expects argument of type 'long unsigned int', but argument 3 has type 'uint8_t *' {aka 'unsigned char *'} [-Wformat=]
  162 |                  sprintf(str, "%lu\n", read_data);
      |                                ~~^     ~~~~~~~~~
      |                                  |     |
      |                                  |     uint8_t * {aka unsigned char *}
      |                                  long unsigned int
      |                                %hhn
../Core/Src/main.c:163:18: warning: implicit declaration of function 'printf' [-Wimplicit-function-declaration]
  163 |                  printf("%lu\n",str);
      |                  ^~~~~~
../Core/Src/main.c:163:18: note: include '<stdio.h>' or provide a declaration of 'printf'
../Core/Src/main.c:163:18: warning: incompatible implicit declaration of built-in function 'printf' [-Wbuiltin-declaration-mismatch]
../Core/Src/main.c:163:18: note: include '<stdio.h>' or provide a declaration of 'printf'
../Core/Src/main.c:163:28: warning: format '%lu' expects argument of type 'long unsigned int', but argument 2 has type 'uint8_t *' {aka 'unsigned char *'} [-Wformat=]
  163 |                  printf("%lu\n",str);
      |                          ~~^    ~~~
      |                            |    |
      |                            |    uint8_t * {aka unsigned char *}
      |                            long unsigned int
      |                          %hhn
arm-none-eabi-gcc -o "yer_istasyonu.elf" @"objects.list"   -mcpu=cortex-m4 -T"C:\Users\merta\STM32CubeIDE\workspace_1.14.1\yer_istasyonu\yer_istasyonu\STM32G474CETX_FLASH.ld" --specs=nosys.specs -Wl,-Map="yer_istasyonu.map" -Wl,--gc-sections -static --specs=nano.specs -mfpu=fpv4-sp-d16 -mfloat-abi=hard -mthumb -Wl,--start-group -lc -lm -Wl,--end-group
Finished building target: yer_istasyonu.elf
 
arm-none-eabi-size  yer_istasyonu.elf 
arm-none-eabi-objdump -h -S yer_istasyonu.elf  > "yer_istasyonu.list"
   text	   data	    bss	    dec	    hex	filename
  26588	    104	   3376	  30068	   7574	yer_istasyonu.elf
Finished building: default.size.stdout
 
Finished building: yer_istasyonu.list
 
16:07:37 **** Incremental Build of configuration Debug for project yer_istasyonu ****
make -j16 all 
arm-none-eabi-gcc "../Core/Src/main.c" -mcpu=cortex-m4 -std=gnu11 -g3 -DDEBUG -DUSE_HAL_DRIVER -DSTM32G474xx -c -I../Core/Inc -I../Drivers/STM32G4xx_HAL_Driver/Inc -I../Drivers/STM32G4xx_HAL_Driver/Inc/Legacy -I../Drivers/CMSIS/Device/ST/STM32G4xx/Include -I../Drivers/CMSIS/Include -O0 -ffunction-sections -fdata-sections -Wall -fstack-usage -fcyclomatic-complexity -MMD -MP -MF"Core/Src/main.d" -MT"Core/Src/main.o" --specs=nano.specs -mfpu=fpv4-sp-d16 -mfloat-abi=hard -mthumb -o "Core/Src/main.o"
../Core/Src/main.c: In function 'HAL_GPIO_EXTI_Callback':
../Core/Src/main.c:64:21: warning: comparison between pointer and integer
   64 |         if(GPIO_Pin == DIO0_GPIO_Port)
      |                     ^~
../Core/Src/main.c:69:27: warning: assignment to 'uint8_t' {aka 'unsigned char'} from 'char *' makes integer from pointer without a cast [-Wint-conversion]
   69 |                  str[100] = "data :";
      |                           ^
../Core/Src/main.c:70:18: warning: implicit declaration of function 'sprintf' [-Wimplicit-function-declaration]
   70 |                  sprintf(str, "%lu\n", read_data);
      |                  ^~~~~~~
../Core/Src/main.c:30:1: note: include '<stdio.h>' or provide a declaration of 'sprintf'
   29 | #include "LoRa.h"
  +++ |+#include <stdio.h>
   30 | /* USER CODE END Includes */
../Core/Src/main.c:70:18: warning: incompatible implicit declaration of built-in function 'sprintf' [-Wbuiltin-declaration-mismatch]
   70 |                  sprintf(str, "%lu\n", read_data);
      |                  ^~~~~~~
../Core/Src/main.c:70:18: note: include '<stdio.h>' or provide a declaration of 'sprintf'
../Core/Src/main.c:70:26: warning: pointer targets in passing argument 1 of 'sprintf' differ in signedness [-Wpointer-sign]
   70 |                  sprintf(str, "%lu\n", read_data);
      |                          ^~~
      |                          |
      |                          uint8_t * {aka unsigned char *}
../Core/Src/main.c:70:26: note: expected 'char *' but argument is of type 'uint8_t *' {aka 'unsigned char *'}
../Core/Src/main.c:70:34: warning: format '%lu' expects argument of type 'long unsigned int', but argument 3 has type 'uint8_t *' {aka 'unsigned char *'} [-Wformat=]
   70 |                  sprintf(str, "%lu\n", read_data);
      |                                ~~^     ~~~~~~~~~
      |                                  |     |
      |                                  |     uint8_t * {aka unsigned char *}
      |                                  long unsigned int
      |                                %hhn
../Core/Src/main.c:71:18: warning: implicit declaration of function 'printf' [-Wimplicit-function-declaration]
   71 |                  printf("%lu\n",str);
      |                  ^~~~~~
../Core/Src/main.c:71:18: note: include '<stdio.h>' or provide a declaration of 'printf'
../Core/Src/main.c:71:18: warning: incompatible implicit declaration of built-in function 'printf' [-Wbuiltin-declaration-mismatch]
../Core/Src/main.c:71:18: note: include '<stdio.h>' or provide a declaration of 'printf'
../Core/Src/main.c:71:28: warning: format '%lu' expects argument of type 'long unsigned int', but argument 2 has type 'uint8_t *' {aka 'unsigned char *'} [-Wformat=]
   71 |                  printf("%lu\n",str);
      |                          ~~^    ~~~
      |                            |    |
      |                            |    uint8_t * {aka unsigned char *}
      |                            long unsigned int
      |                          %hhn
../Core/Src/main.c: In function 'main':
../Core/Src/main.c:161:27: warning: assignment to 'uint8_t' {aka 'unsigned char'} from 'char *' makes integer from pointer without a cast [-Wint-conversion]
  161 |                  str[100] = "data :";
      |                           ^
../Core/Src/main.c:162:18: warning: incompatible implicit declaration of built-in function 'sprintf' [-Wbuiltin-declaration-mismatch]
  162 |                  sprintf(str, "%lu\n", read_data);
      |                  ^~~~~~~
../Core/Src/main.c:162:18: note: include '<stdio.h>' or provide a declaration of 'sprintf'
../Core/Src/main.c:162:26: warning: pointer targets in passing argument 1 of 'sprintf' differ in signedness [-Wpointer-sign]
  162 |                  sprintf(str, "%lu\n", read_data);
      |                          ^~~
      |                          |
      |                          uint8_t * {aka unsigned char *}
../Core/Src/main.c:162:26: note: expected 'char *' but argument is of type 'uint8_t *' {aka 'unsigned char *'}
../Core/Src/main.c:162:34: warning: format '%lu' expects argument of type 'long unsigned int', but argument 3 has type 'uint8_t *' {aka 'unsigned char *'} [-Wformat=]
  162 |                  sprintf(str, "%lu\n", read_data);
      |                                ~~^     ~~~~~~~~~
      |                                  |     |
      |                                  |     uint8_t * {aka unsigned char *}
      |                                  long unsigned int
      |                                %hhn
../Core/Src/main.c:163:18: warning: incompatible implicit declaration of built-in function 'printf' [-Wbuiltin-declaration-mismatch]
  163 |                  printf("%lu\n",str);
      |                  ^~~~~~
../Core/Src/main.c:163:18: note: include '<stdio.h>' or provide a declaration of 'printf'
../Core/Src/main.c:163:28: warning: format '%lu' expects argument of type 'long unsigned int', but argument 2 has type 'uint8_t *' {aka 'unsigned char *'} [-Wformat=]
  163 |                  printf("%lu\n",str);
      |                          ~~^    ~~~
      |                            |    |
      |                            |    uint8_t * {aka unsigned char *}
      |                            long unsigned int
      |                          %hhn
arm-none-eabi-gcc -o "yer_istasyonu.elf" @"objects.list"   -mcpu=cortex-m4 -T"C:\Users\merta\STM32CubeIDE\workspace_1.14.1\yer_istasyonu\yer_istasyonu\STM32G474CETX_FLASH.ld" --specs=nosys.specs -Wl,-Map="yer_istasyonu.map" -Wl,--gc-sections -static --specs=nano.specs -mfpu=fpv4-sp-d16 -mfloat-abi=hard -mthumb -Wl,--start-group -lc -lm -Wl,--end-group
Finished building target: yer_istasyonu.elf
 
arm-none-eabi-size  yer_istasyonu.elf 
arm-none-eabi-objdump -h -S yer_istasyonu.elf  > "yer_istasyonu.list"
   text	   data	    bss	    dec	    hex	filename
  26588	    104	   3376	  30068	   7574	yer_istasyonu.elf
Finished building: default.size.stdout
 
Finished building: yer_istasyonu.list
 
16:08:13 **** Incremental Build of configuration Debug for project yer_istasyonu ****
make -j16 all 
arm-none-eabi-gcc "../Core/Src/main.c" -mcpu=cortex-m4 -std=gnu11 -g3 -DDEBUG -DUSE_HAL_DRIVER -DSTM32G474xx -c -I../Core/Inc -I../Drivers/STM32G4xx_HAL_Driver/Inc -I../Drivers/STM32G4xx_HAL_Driver/Inc/Legacy -I../Drivers/CMSIS/Device/ST/STM32G4xx/Include -I../Drivers/CMSIS/Include -O0 -ffunction-sections -fdata-sections -Wall -fstack-usage -fcyclomatic-complexity -MMD -MP -MF"Core/Src/main.d" -MT"Core/Src/main.o" --specs=nano.specs -mfpu=fpv4-sp-d16 -mfloat-abi=hard -mthumb -o "Core/Src/main.o"
../Core/Src/main.c: In function 'HAL_GPIO_EXTI_Callback':
../Core/Src/main.c:64:21: warning: comparison between pointer and integer
   64 |         if(GPIO_Pin == DIO0_GPIO_Port)
      |                     ^~
../Core/Src/main.c:69:27: warning: assignment to 'uint8_t' {aka 'unsigned char'} from 'char *' makes integer from pointer without a cast [-Wint-conversion]
   69 |                  str[100] = "data :";
      |                           ^
../Core/Src/main.c:70:18: warning: implicit declaration of function 'sprintf' [-Wimplicit-function-declaration]
   70 |                  sprintf(str, "%lu\n", read_data);
      |                  ^~~~~~~
../Core/Src/main.c:30:1: note: include '<stdio.h>' or provide a declaration of 'sprintf'
   29 | #include "LoRa.h"
  +++ |+#include <stdio.h>
   30 | /* USER CODE END Includes */
../Core/Src/main.c:70:18: warning: incompatible implicit declaration of built-in function 'sprintf' [-Wbuiltin-declaration-mismatch]
   70 |                  sprintf(str, "%lu\n", read_data);
      |                  ^~~~~~~
../Core/Src/main.c:70:18: note: include '<stdio.h>' or provide a declaration of 'sprintf'
../Core/Src/main.c:70:26: warning: pointer targets in passing argument 1 of 'sprintf' differ in signedness [-Wpointer-sign]
   70 |                  sprintf(str, "%lu\n", read_data);
      |                          ^~~
      |                          |
      |                          uint8_t * {aka unsigned char *}
../Core/Src/main.c:70:26: note: expected 'char *' but argument is of type 'uint8_t *' {aka 'unsigned char *'}
../Core/Src/main.c:70:34: warning: format '%lu' expects argument of type 'long unsigned int', but argument 3 has type 'uint8_t *' {aka 'unsigned char *'} [-Wformat=]
   70 |                  sprintf(str, "%lu\n", read_data);
      |                                ~~^     ~~~~~~~~~
      |                                  |     |
      |                                  |     uint8_t * {aka unsigned char *}
      |                                  long unsigned int
      |                                %hhn
../Core/Src/main.c:71:18: warning: implicit declaration of function 'printf' [-Wimplicit-function-declaration]
   71 |                  printf("%lu\n",str);
      |                  ^~~~~~
../Core/Src/main.c:71:18: note: include '<stdio.h>' or provide a declaration of 'printf'
../Core/Src/main.c:71:18: warning: incompatible implicit declaration of built-in function 'printf' [-Wbuiltin-declaration-mismatch]
../Core/Src/main.c:71:18: note: include '<stdio.h>' or provide a declaration of 'printf'
../Core/Src/main.c:71:28: warning: format '%lu' expects argument of type 'long unsigned int', but argument 2 has type 'uint8_t *' {aka 'unsigned char *'} [-Wformat=]
   71 |                  printf("%lu\n",str);
      |                          ~~^    ~~~
      |                            |    |
      |                            |    uint8_t * {aka unsigned char *}
      |                            long unsigned int
      |                          %hhn
../Core/Src/main.c: In function 'main':
../Core/Src/main.c:161:27: warning: assignment to 'uint8_t' {aka 'unsigned char'} from 'char *' makes integer from pointer without a cast [-Wint-conversion]
  161 |                  str[100] = "data :";
      |                           ^
../Core/Src/main.c:162:18: warning: incompatible implicit declaration of built-in function 'sprintf' [-Wbuiltin-declaration-mismatch]
  162 |                  sprintf(str, "%lu\n", read_data);
      |                  ^~~~~~~
../Core/Src/main.c:162:18: note: include '<stdio.h>' or provide a declaration of 'sprintf'
../Core/Src/main.c:162:26: warning: pointer targets in passing argument 1 of 'sprintf' differ in signedness [-Wpointer-sign]
  162 |                  sprintf(str, "%lu\n", read_data);
      |                          ^~~
      |                          |
      |                          uint8_t * {aka unsigned char *}
../Core/Src/main.c:162:26: note: expected 'char *' but argument is of type 'uint8_t *' {aka 'unsigned char *'}
../Core/Src/main.c:162:34: warning: format '%lu' expects argument of type 'long unsigned int', but argument 3 has type 'uint8_t *' {aka 'unsigned char *'} [-Wformat=]
  162 |                  sprintf(str, "%lu\n", read_data);
      |                                ~~^     ~~~~~~~~~
      |                                  |     |
      |                                  |     uint8_t * {aka unsigned char *}
      |                                  long unsigned int
      |                                %hhn
../Core/Src/main.c:163:18: warning: incompatible implicit declaration of built-in function 'printf' [-Wbuiltin-declaration-mismatch]
  163 |                  printf("%lu\n",str);
      |                  ^~~~~~
../Core/Src/main.c:163:18: note: include '<stdio.h>' or provide a declaration of 'printf'
../Core/Src/main.c:163:28: warning: format '%lu' expects argument of type 'long unsigned int', but argument 2 has type 'uint8_t *' {aka 'unsigned char *'} [-Wformat=]
  163 |                  printf("%lu\n",str);
      |                          ~~^    ~~~
      |                            |    |
      |                            |    uint8_t * {aka unsigned char *}
      |                            long unsigned int
      |                          %hhn
arm-none-eabi-gcc -o "yer_istasyonu.elf" @"objects.list"   -mcpu=cortex-m4 -T"C:\Users\merta\STM32CubeIDE\workspace_1.14.1\yer_istasyonu\yer_istasyonu\STM32G474CETX_FLASH.ld" --specs=nosys.specs -Wl,-Map="yer_istasyonu.map" -Wl,--gc-sections -static --specs=nano.specs -mfpu=fpv4-sp-d16 -mfloat-abi=hard -mthumb -Wl,--start-group -lc -lm -Wl,--end-group
Finished building target: yer_istasyonu.elf
 
arm-none-eabi-size  yer_istasyonu.elf 
arm-none-eabi-objdump -h -S yer_istasyonu.elf  > "yer_istasyonu.list"
   text	   data	    bss	    dec	    hex	filename
  26588	    104	   3296	  29988	   7524	yer_istasyonu.elf
Finished building: default.size.stdout
 
Finished building: yer_istasyonu.list
 
16:12:01 **** Incremental Build of configuration Debug for project yer_istasyonu ****
make -j16 all 
arm-none-eabi-size  yer_istasyonu.elf 
   text	   data	    bss	    dec	    hex	filename
  26588	    104	   3296	  29988	   7524	yer_istasyonu.elf
Finished building: default.size.stdout
 
16:13:00 **** Incremental Build of configuration Debug for project yer_istasyonu ****
make -j16 all 
arm-none-eabi-gcc "../Core/Src/main.c" -mcpu=cortex-m4 -std=gnu11 -g3 -DDEBUG -DUSE_HAL_DRIVER -DSTM32G474xx -c -I../Core/Inc -I../Drivers/STM32G4xx_HAL_Driver/Inc -I../Drivers/STM32G4xx_HAL_Driver/Inc/Legacy -I../Drivers/CMSIS/Device/ST/STM32G4xx/Include -I../Drivers/CMSIS/Include -O0 -ffunction-sections -fdata-sections -Wall -fstack-usage -fcyclomatic-complexity -MMD -MP -MF"Core/Src/main.d" -MT"Core/Src/main.o" --specs=nano.specs -mfpu=fpv4-sp-d16 -mfloat-abi=hard -mthumb -o "Core/Src/main.o"
../Core/Src/main.c: In function 'main':
../Core/Src/main.c:161:27: warning: assignment to 'uint8_t' {aka 'unsigned char'} from 'char *' makes integer from pointer without a cast [-Wint-conversion]
  161 |                  str[100] = "data :";
      |                           ^
../Core/Src/main.c:162:18: warning: implicit declaration of function 'sprintf' [-Wimplicit-function-declaration]
  162 |                  sprintf(str, "%lu\n", read_data);
      |                  ^~~~~~~
../Core/Src/main.c:30:1: note: include '<stdio.h>' or provide a declaration of 'sprintf'
   29 | #include "LoRa.h"
  +++ |+#include <stdio.h>
   30 | /* USER CODE END Includes */
../Core/Src/main.c:162:18: warning: incompatible implicit declaration of built-in function 'sprintf' [-Wbuiltin-declaration-mismatch]
  162 |                  sprintf(str, "%lu\n", read_data);
      |                  ^~~~~~~
../Core/Src/main.c:162:18: note: include '<stdio.h>' or provide a declaration of 'sprintf'
../Core/Src/main.c:162:26: warning: pointer targets in passing argument 1 of 'sprintf' differ in signedness [-Wpointer-sign]
  162 |                  sprintf(str, "%lu\n", read_data);
      |                          ^~~
      |                          |
      |                          uint8_t * {aka unsigned char *}
../Core/Src/main.c:162:26: note: expected 'char *' but argument is of type 'uint8_t *' {aka 'unsigned char *'}
../Core/Src/main.c:162:34: warning: format '%lu' expects argument of type 'long unsigned int', but argument 3 has type 'uint8_t *' {aka 'unsigned char *'} [-Wformat=]
  162 |                  sprintf(str, "%lu\n", read_data);
      |                                ~~^     ~~~~~~~~~
      |                                  |     |
      |                                  |     uint8_t * {aka unsigned char *}
      |                                  long unsigned int
      |                                %hhn
../Core/Src/main.c:163:18: warning: implicit declaration of function 'printf' [-Wimplicit-function-declaration]
  163 |                  printf("%lu\n",str);
      |                  ^~~~~~
../Core/Src/main.c:163:18: note: include '<stdio.h>' or provide a declaration of 'printf'
../Core/Src/main.c:163:18: warning: incompatible implicit declaration of built-in function 'printf' [-Wbuiltin-declaration-mismatch]
../Core/Src/main.c:163:18: note: include '<stdio.h>' or provide a declaration of 'printf'
../Core/Src/main.c:163:28: warning: format '%lu' expects argument of type 'long unsigned int', but argument 2 has type 'uint8_t *' {aka 'unsigned char *'} [-Wformat=]
  163 |                  printf("%lu\n",str);
      |                          ~~^    ~~~
      |                            |    |
      |                            |    uint8_t * {aka unsigned char *}
      |                            long unsigned int
      |                          %hhn
arm-none-eabi-gcc -o "yer_istasyonu.elf" @"objects.list"   -mcpu=cortex-m4 -T"C:\Users\merta\STM32CubeIDE\workspace_1.14.1\yer_istasyonu\yer_istasyonu\STM32G474CETX_FLASH.ld" --specs=nosys.specs -Wl,-Map="yer_istasyonu.map" -Wl,--gc-sections -static --specs=nano.specs -mfpu=fpv4-sp-d16 -mfloat-abi=hard -mthumb -Wl,--start-group -lc -lm -Wl,--end-group
Finished building target: yer_istasyonu.elf
 
arm-none-eabi-size  yer_istasyonu.elf 
arm-none-eabi-objdump -h -S yer_istasyonu.elf  > "yer_istasyonu.list"
   text	   data	    bss	    dec	    hex	filename
  26588	    104	   3296	  29988	   7524	yer_istasyonu.elf
Finished building: default.size.stdout
 
Finished building: yer_istasyonu.list
 
16:14:51 **** Incremental Build of configuration Debug for project yer_istasyonu ****
make -j16 all 
arm-none-eabi-gcc "../Core/Src/main.c" -mcpu=cortex-m4 -std=gnu11 -g3 -DDEBUG -DUSE_HAL_DRIVER -DSTM32G474xx -c -I../Core/Inc -I../Drivers/STM32G4xx_HAL_Driver/Inc -I../Drivers/STM32G4xx_HAL_Driver/Inc/Legacy -I../Drivers/CMSIS/Device/ST/STM32G4xx/Include -I../Drivers/CMSIS/Include -O0 -ffunction-sections -fdata-sections -Wall -fstack-usage -fcyclomatic-complexity -MMD -MP -MF"Core/Src/main.d" -MT"Core/Src/main.o" --specs=nano.specs -mfpu=fpv4-sp-d16 -mfloat-abi=hard -mthumb -o "Core/Src/main.o"
../Core/Src/main.c: In function 'main':
../Core/Src/main.c:161:27: warning: assignment to 'uint8_t' {aka 'unsigned char'} from 'char *' makes integer from pointer without a cast [-Wint-conversion]
  161 |                  str[100] = "data :";
      |                           ^
../Core/Src/main.c:162:18: warning: implicit declaration of function 'sprintf' [-Wimplicit-function-declaration]
  162 |                  sprintf(str, "%lu\n", read_data);
      |                  ^~~~~~~
../Core/Src/main.c:30:1: note: include '<stdio.h>' or provide a declaration of 'sprintf'
   29 | #include "LoRa.h"
  +++ |+#include <stdio.h>
   30 | /* USER CODE END Includes */
../Core/Src/main.c:162:18: warning: incompatible implicit declaration of built-in function 'sprintf' [-Wbuiltin-declaration-mismatch]
  162 |                  sprintf(str, "%lu\n", read_data);
      |                  ^~~~~~~
../Core/Src/main.c:162:18: note: include '<stdio.h>' or provide a declaration of 'sprintf'
../Core/Src/main.c:162:26: warning: pointer targets in passing argument 1 of 'sprintf' differ in signedness [-Wpointer-sign]
  162 |                  sprintf(str, "%lu\n", read_data);
      |                          ^~~
      |                          |
      |                          uint8_t * {aka unsigned char *}
../Core/Src/main.c:162:26: note: expected 'char *' but argument is of type 'uint8_t *' {aka 'unsigned char *'}
../Core/Src/main.c:162:34: warning: format '%lu' expects argument of type 'long unsigned int', but argument 3 has type 'uint8_t *' {aka 'unsigned char *'} [-Wformat=]
  162 |                  sprintf(str, "%lu\n", read_data);
      |                                ~~^     ~~~~~~~~~
      |                                  |     |
      |                                  |     uint8_t * {aka unsigned char *}
      |                                  long unsigned int
      |                                %hhn
../Core/Src/main.c:163:18: warning: implicit declaration of function 'printf' [-Wimplicit-function-declaration]
  163 |                  printf("%lu\n",str);
      |                  ^~~~~~
../Core/Src/main.c:163:18: note: include '<stdio.h>' or provide a declaration of 'printf'
../Core/Src/main.c:163:18: warning: incompatible implicit declaration of built-in function 'printf' [-Wbuiltin-declaration-mismatch]
../Core/Src/main.c:163:18: note: include '<stdio.h>' or provide a declaration of 'printf'
../Core/Src/main.c:163:28: warning: format '%lu' expects argument of type 'long unsigned int', but argument 2 has type 'uint8_t *' {aka 'unsigned char *'} [-Wformat=]
  163 |                  printf("%lu\n",str);
      |                          ~~^    ~~~
      |                            |    |
      |                            |    uint8_t * {aka unsigned char *}
      |                            long unsigned int
      |                          %hhn
arm-none-eabi-gcc -o "yer_istasyonu.elf" @"objects.list"   -mcpu=cortex-m4 -T"C:\Users\merta\STM32CubeIDE\workspace_1.14.1\yer_istasyonu\yer_istasyonu\STM32G474CETX_FLASH.ld" --specs=nosys.specs -Wl,-Map="yer_istasyonu.map" -Wl,--gc-sections -static --specs=nano.specs -mfpu=fpv4-sp-d16 -mfloat-abi=hard -mthumb -Wl,--start-group -lc -lm -Wl,--end-group
Finished building target: yer_istasyonu.elf
 
arm-none-eabi-size  yer_istasyonu.elf 
arm-none-eabi-objdump -h -S yer_istasyonu.elf  > "yer_istasyonu.list"
   text	   data	    bss	    dec	    hex	filename
  26588	    104	   3296	  29988	   7524	yer_istasyonu.elf
Finished building: default.size.stdout
 
Finished building: yer_istasyonu.list
 
16:15:11 **** Incremental Build of configuration Debug for project yer_istasyonu ****
make -j16 all 
arm-none-eabi-gcc "../Core/Src/main.c" -mcpu=cortex-m4 -std=gnu11 -g3 -DDEBUG -DUSE_HAL_DRIVER -DSTM32G474xx -c -I../Core/Inc -I../Drivers/STM32G4xx_HAL_Driver/Inc -I../Drivers/STM32G4xx_HAL_Driver/Inc/Legacy -I../Drivers/CMSIS/Device/ST/STM32G4xx/Include -I../Drivers/CMSIS/Include -O0 -ffunction-sections -fdata-sections -Wall -fstack-usage -fcyclomatic-complexity -MMD -MP -MF"Core/Src/main.d" -MT"Core/Src/main.o" --specs=nano.specs -mfpu=fpv4-sp-d16 -mfloat-abi=hard -mthumb -o "Core/Src/main.o"
../Core/Src/main.c: In function 'HAL_GPIO_EXTI_Callback':
../Core/Src/main.c:64:21: warning: comparison between pointer and integer
   64 |         if(GPIO_Pin == DIO0_GPIO_Port)
      |                     ^~
../Core/Src/main.c:69:27: warning: assignment to 'uint8_t' {aka 'unsigned char'} from 'char *' makes integer from pointer without a cast [-Wint-conversion]
   69 |                  str[100] = "data :";
      |                           ^
../Core/Src/main.c:70:18: warning: implicit declaration of function 'sprintf' [-Wimplicit-function-declaration]
   70 |                  sprintf(str, "%lu\n", read_data);
      |                  ^~~~~~~
../Core/Src/main.c:30:1: note: include '<stdio.h>' or provide a declaration of 'sprintf'
   29 | #include "LoRa.h"
  +++ |+#include <stdio.h>
   30 | /* USER CODE END Includes */
../Core/Src/main.c:70:18: warning: incompatible implicit declaration of built-in function 'sprintf' [-Wbuiltin-declaration-mismatch]
   70 |                  sprintf(str, "%lu\n", read_data);
      |                  ^~~~~~~
../Core/Src/main.c:70:18: note: include '<stdio.h>' or provide a declaration of 'sprintf'
../Core/Src/main.c:70:26: warning: pointer targets in passing argument 1 of 'sprintf' differ in signedness [-Wpointer-sign]
   70 |                  sprintf(str, "%lu\n", read_data);
      |                          ^~~
      |                          |
      |                          uint8_t * {aka unsigned char *}
../Core/Src/main.c:70:26: note: expected 'char *' but argument is of type 'uint8_t *' {aka 'unsigned char *'}
../Core/Src/main.c:70:34: warning: format '%lu' expects argument of type 'long unsigned int', but argument 3 has type 'uint8_t *' {aka 'unsigned char *'} [-Wformat=]
   70 |                  sprintf(str, "%lu\n", read_data);
      |                                ~~^     ~~~~~~~~~
      |                                  |     |
      |                                  |     uint8_t * {aka unsigned char *}
      |                                  long unsigned int
      |                                %hhn
../Core/Src/main.c:71:18: warning: implicit declaration of function 'printf' [-Wimplicit-function-declaration]
   71 |                  printf("%lu\n",str);
      |                  ^~~~~~
../Core/Src/main.c:71:18: note: include '<stdio.h>' or provide a declaration of 'printf'
../Core/Src/main.c:71:18: warning: incompatible implicit declaration of built-in function 'printf' [-Wbuiltin-declaration-mismatch]
../Core/Src/main.c:71:18: note: include '<stdio.h>' or provide a declaration of 'printf'
../Core/Src/main.c:71:28: warning: format '%lu' expects argument of type 'long unsigned int', but argument 2 has type 'uint8_t *' {aka 'unsigned char *'} [-Wformat=]
   71 |                  printf("%lu\n",str);
      |                          ~~^    ~~~
      |                            |    |
      |                            |    uint8_t * {aka unsigned char *}
      |                            long unsigned int
      |                          %hhn
../Core/Src/main.c: In function 'main':
../Core/Src/main.c:161:27: warning: assignment to 'uint8_t' {aka 'unsigned char'} from 'char *' makes integer from pointer without a cast [-Wint-conversion]
  161 |                  str[100] = "data :";
      |                           ^
../Core/Src/main.c:162:18: warning: incompatible implicit declaration of built-in function 'sprintf' [-Wbuiltin-declaration-mismatch]
  162 |                  sprintf(str, "%lu\n", read_data);
      |                  ^~~~~~~
../Core/Src/main.c:162:18: note: include '<stdio.h>' or provide a declaration of 'sprintf'
../Core/Src/main.c:162:26: warning: pointer targets in passing argument 1 of 'sprintf' differ in signedness [-Wpointer-sign]
  162 |                  sprintf(str, "%lu\n", read_data);
      |                          ^~~
      |                          |
      |                          uint8_t * {aka unsigned char *}
../Core/Src/main.c:162:26: note: expected 'char *' but argument is of type 'uint8_t *' {aka 'unsigned char *'}
../Core/Src/main.c:162:34: warning: format '%lu' expects argument of type 'long unsigned int', but argument 3 has type 'uint8_t *' {aka 'unsigned char *'} [-Wformat=]
  162 |                  sprintf(str, "%lu\n", read_data);
      |                                ~~^     ~~~~~~~~~
      |                                  |     |
      |                                  |     uint8_t * {aka unsigned char *}
      |                                  long unsigned int
      |                                %hhn
../Core/Src/main.c:163:18: warning: incompatible implicit declaration of built-in function 'printf' [-Wbuiltin-declaration-mismatch]
  163 |                  printf("%lu\n",str);
      |                  ^~~~~~
../Core/Src/main.c:163:18: note: include '<stdio.h>' or provide a declaration of 'printf'
../Core/Src/main.c:163:28: warning: format '%lu' expects argument of type 'long unsigned int', but argument 2 has type 'uint8_t *' {aka 'unsigned char *'} [-Wformat=]
  163 |                  printf("%lu\n",str);
      |                          ~~^    ~~~
      |                            |    |
      |                            |    uint8_t * {aka unsigned char *}
      |                            long unsigned int
      |                          %hhn
arm-none-eabi-gcc -o "yer_istasyonu.elf" @"objects.list"   -mcpu=cortex-m4 -T"C:\Users\merta\STM32CubeIDE\workspace_1.14.1\yer_istasyonu\yer_istasyonu\STM32G474CETX_FLASH.ld" --specs=nosys.specs -Wl,-Map="yer_istasyonu.map" -Wl,--gc-sections -static --specs=nano.specs -mfpu=fpv4-sp-d16 -mfloat-abi=hard -mthumb -Wl,--start-group -lc -lm -Wl,--end-group
Finished building target: yer_istasyonu.elf
 
arm-none-eabi-size  yer_istasyonu.elf 
arm-none-eabi-objdump -h -S yer_istasyonu.elf  > "yer_istasyonu.list"
   text	   data	    bss	    dec	    hex	filename
  26588	    104	   3296	  29988	   7524	yer_istasyonu.elf
Finished building: default.size.stdout
 
Finished building: yer_istasyonu.list
 
16:16:27 **** Incremental Build of configuration Debug for project yer_istasyonu ****
make -j16 all 
arm-none-eabi-gcc "../Core/Src/main.c" -mcpu=cortex-m4 -std=gnu11 -g3 -DDEBUG -DUSE_HAL_DRIVER -DSTM32G474xx -c -I../Core/Inc -I../Drivers/STM32G4xx_HAL_Driver/Inc -I../Drivers/STM32G4xx_HAL_Driver/Inc/Legacy -I../Drivers/CMSIS/Device/ST/STM32G4xx/Include -I../Drivers/CMSIS/Include -O0 -ffunction-sections -fdata-sections -Wall -fstack-usage -fcyclomatic-complexity -MMD -MP -MF"Core/Src/main.d" -MT"Core/Src/main.o" --specs=nano.specs -mfpu=fpv4-sp-d16 -mfloat-abi=hard -mthumb -o "Core/Src/main.o"
../Core/Src/main.c: In function 'HAL_GPIO_EXTI_Callback':
../Core/Src/main.c:65:21: warning: comparison between pointer and integer
   65 |         if(GPIO_Pin == DIO0_GPIO_Port)
      |                     ^~
../Core/Src/main.c:70:27: warning: assignment to 'uint8_t' {aka 'unsigned char'} from 'char *' makes integer from pointer without a cast [-Wint-conversion]
   70 |                  str[100] = "data :";
      |                           ^
../Core/Src/main.c:71:18: warning: implicit declaration of function 'sprintf' [-Wimplicit-function-declaration]
   71 |                  sprintf(str, "%lu\n", read_data);
      |                  ^~~~~~~
../Core/Src/main.c:30:1: note: include '<stdio.h>' or provide a declaration of 'sprintf'
   29 | #include "LoRa.h"
  +++ |+#include <stdio.h>
   30 | /* USER CODE END Includes */
../Core/Src/main.c:71:18: warning: incompatible implicit declaration of built-in function 'sprintf' [-Wbuiltin-declaration-mismatch]
   71 |                  sprintf(str, "%lu\n", read_data);
      |                  ^~~~~~~
../Core/Src/main.c:71:18: note: include '<stdio.h>' or provide a declaration of 'sprintf'
../Core/Src/main.c:71:26: warning: pointer targets in passing argument 1 of 'sprintf' differ in signedness [-Wpointer-sign]
   71 |                  sprintf(str, "%lu\n", read_data);
      |                          ^~~
      |                          |
      |                          uint8_t * {aka unsigned char *}
../Core/Src/main.c:71:26: note: expected 'char *' but argument is of type 'uint8_t *' {aka 'unsigned char *'}
../Core/Src/main.c:71:34: warning: format '%lu' expects argument of type 'long unsigned int', but argument 3 has type 'uint8_t *' {aka 'unsigned char *'} [-Wformat=]
   71 |                  sprintf(str, "%lu\n", read_data);
      |                                ~~^     ~~~~~~~~~
      |                                  |     |
      |                                  |     uint8_t * {aka unsigned char *}
      |                                  long unsigned int
      |                                %hhn
../Core/Src/main.c:72:18: warning: implicit declaration of function 'printf' [-Wimplicit-function-declaration]
   72 |                  printf("%lu\n",str);
      |                  ^~~~~~
../Core/Src/main.c:72:18: note: include '<stdio.h>' or provide a declaration of 'printf'
../Core/Src/main.c:72:18: warning: incompatible implicit declaration of built-in function 'printf' [-Wbuiltin-declaration-mismatch]
../Core/Src/main.c:72:18: note: include '<stdio.h>' or provide a declaration of 'printf'
../Core/Src/main.c:72:28: warning: format '%lu' expects argument of type 'long unsigned int', but argument 2 has type 'uint8_t *' {aka 'unsigned char *'} [-Wformat=]
   72 |                  printf("%lu\n",str);
      |                          ~~^    ~~~
      |                            |    |
      |                            |    uint8_t * {aka unsigned char *}
      |                            long unsigned int
      |                          %hhn
../Core/Src/main.c: In function 'main':
../Core/Src/main.c:160:39: warning: pointer targets in passing argument 2 of 'LoRa_receive' differ in signedness [-Wpointer-sign]
  160 |                 LoRa_receive(&myLoRa, r, 128);
      |                                       ^
      |                                       |
      |                                       char *
In file included from ../Core/Src/main.c:29:
../Core/Inc/LoRa.h:122:44: note: expected 'uint8_t *' {aka 'unsigned char *'} but argument is of type 'char *'
  122 | uint8_t LoRa_receive(LoRa* _LoRa, uint8_t* data, uint8_t length);
      |                                   ~~~~~~~~~^~~~
../Core/Src/main.c:162:27: warning: assignment to 'uint8_t' {aka 'unsigned char'} from 'char *' makes integer from pointer without a cast [-Wint-conversion]
  162 |                  str[100] = "data :";
      |                           ^
../Core/Src/main.c:163:18: warning: incompatible implicit declaration of built-in function 'sprintf' [-Wbuiltin-declaration-mismatch]
  163 |                  sprintf(str, "%lu\n", r);
      |                  ^~~~~~~
../Core/Src/main.c:163:18: note: include '<stdio.h>' or provide a declaration of 'sprintf'
../Core/Src/main.c:163:26: warning: pointer targets in passing argument 1 of 'sprintf' differ in signedness [-Wpointer-sign]
  163 |                  sprintf(str, "%lu\n", r);
      |                          ^~~
      |                          |
      |                          uint8_t * {aka unsigned char *}
../Core/Src/main.c:163:26: note: expected 'char *' but argument is of type 'uint8_t *' {aka 'unsigned char *'}
../Core/Src/main.c:163:34: warning: format '%lu' expects argument of type 'long unsigned int', but argument 3 has type 'char *' [-Wformat=]
  163 |                  sprintf(str, "%lu\n", r);
      |                                ~~^     ~
      |                                  |     |
      |                                  |     char *
      |                                  long unsigned int
      |                                %s
../Core/Src/main.c:164:18: warning: incompatible implicit declaration of built-in function 'printf' [-Wbuiltin-declaration-mismatch]
  164 |                  printf("%lu\n",str);
      |                  ^~~~~~
../Core/Src/main.c:164:18: note: include '<stdio.h>' or provide a declaration of 'printf'
../Core/Src/main.c:164:28: warning: format '%lu' expects argument of type 'long unsigned int', but argument 2 has type 'uint8_t *' {aka 'unsigned char *'} [-Wformat=]
  164 |                  printf("%lu\n",str);
      |                          ~~^    ~~~
      |                            |    |
      |                            |    uint8_t * {aka unsigned char *}
      |                            long unsigned int
      |                          %hhn
arm-none-eabi-gcc -o "yer_istasyonu.elf" @"objects.list"   -mcpu=cortex-m4 -T"C:\Users\merta\STM32CubeIDE\workspace_1.14.1\yer_istasyonu\yer_istasyonu\STM32G474CETX_FLASH.ld" --specs=nosys.specs -Wl,-Map="yer_istasyonu.map" -Wl,--gc-sections -static --specs=nano.specs -mfpu=fpv4-sp-d16 -mfloat-abi=hard -mthumb -Wl,--start-group -lc -lm -Wl,--end-group
Finished building target: yer_istasyonu.elf
 
arm-none-eabi-size  yer_istasyonu.elf 
arm-none-eabi-objdump -h -S yer_istasyonu.elf  > "yer_istasyonu.list"
   text	   data	    bss	    dec	    hex	filename
  26588	    104	   3296	  29988	   7524	yer_istasyonu.elf
Finished building: default.size.stdout
 
Finished building: yer_istasyonu.list
 
16:17:16 **** Incremental Build of configuration Debug for project yer_istasyonu ****
make -j16 all 
arm-none-eabi-size  yer_istasyonu.elf 
   text	   data	    bss	    dec	    hex	filename
  26588	    104	   3296	  29988	   7524	yer_istasyonu.elf
Finished building: default.size.stdout
 
16:18:34 **** Incremental Build of configuration Debug for project yer_istasyonu ****
make -j16 all 
arm-none-eabi-gcc "../Core/Src/main.c" -mcpu=cortex-m4 -std=gnu11 -g3 -DDEBUG -DUSE_HAL_DRIVER -DSTM32G474xx -c -I../Core/Inc -I../Drivers/STM32G4xx_HAL_Driver/Inc -I../Drivers/STM32G4xx_HAL_Driver/Inc/Legacy -I../Drivers/CMSIS/Device/ST/STM32G4xx/Include -I../Drivers/CMSIS/Include -O0 -ffunction-sections -fdata-sections -Wall -fstack-usage -fcyclomatic-complexity -MMD -MP -MF"Core/Src/main.d" -MT"Core/Src/main.o" --specs=nano.specs -mfpu=fpv4-sp-d16 -mfloat-abi=hard -mthumb -o "Core/Src/main.o"
../Core/Src/main.c: In function 'HAL_GPIO_EXTI_Callback':
../Core/Src/main.c:65:21: warning: comparison between pointer and integer
   65 |         if(GPIO_Pin == DIO0_GPIO_Port)
      |                     ^~
../Core/Src/main.c: In function 'main':
../Core/Src/main.c:160:39: warning: pointer targets in passing argument 2 of 'LoRa_receive' differ in signedness [-Wpointer-sign]
  160 |                 LoRa_receive(&myLoRa, r, 128);
      |                                       ^
      |                                       |
      |                                       char *
In file included from ../Core/Src/main.c:29:
../Core/Inc/LoRa.h:122:44: note: expected 'uint8_t *' {aka 'unsigned char *'} but argument is of type 'char *'
  122 | uint8_t LoRa_receive(LoRa* _LoRa, uint8_t* data, uint8_t length);
      |                                   ~~~~~~~~~^~~~
../Core/Src/main.c:162:27: warning: assignment to 'uint8_t' {aka 'unsigned char'} from 'char *' makes integer from pointer without a cast [-Wint-conversion]
  162 |                  str[100] = "data :";
      |                           ^
../Core/Src/main.c:163:18: warning: implicit declaration of function 'sprintf' [-Wimplicit-function-declaration]
  163 |                  sprintf(str, "%lu\n", r);
      |                  ^~~~~~~
../Core/Src/main.c:30:1: note: include '<stdio.h>' or provide a declaration of 'sprintf'
   29 | #include "LoRa.h"
  +++ |+#include <stdio.h>
   30 | /* USER CODE END Includes */
../Core/Src/main.c:163:18: warning: incompatible implicit declaration of built-in function 'sprintf' [-Wbuiltin-declaration-mismatch]
  163 |                  sprintf(str, "%lu\n", r);
      |                  ^~~~~~~
../Core/Src/main.c:163:18: note: include '<stdio.h>' or provide a declaration of 'sprintf'
../Core/Src/main.c:163:26: warning: pointer targets in passing argument 1 of 'sprintf' differ in signedness [-Wpointer-sign]
  163 |                  sprintf(str, "%lu\n", r);
      |                          ^~~
      |                          |
      |                          uint8_t * {aka unsigned char *}
../Core/Src/main.c:163:26: note: expected 'char *' but argument is of type 'uint8_t *' {aka 'unsigned char *'}
../Core/Src/main.c:163:34: warning: format '%lu' expects argument of type 'long unsigned int', but argument 3 has type 'char *' [-Wformat=]
  163 |                  sprintf(str, "%lu\n", r);
      |                                ~~^     ~
      |                                  |     |
      |                                  |     char *
      |                                  long unsigned int
      |                                %s
../Core/Src/main.c:164:18: warning: implicit declaration of function 'printf' [-Wimplicit-function-declaration]
  164 |                  printf("%lu\n",str);
      |                  ^~~~~~
../Core/Src/main.c:164:18: note: include '<stdio.h>' or provide a declaration of 'printf'
../Core/Src/main.c:164:18: warning: incompatible implicit declaration of built-in function 'printf' [-Wbuiltin-declaration-mismatch]
../Core/Src/main.c:164:18: note: include '<stdio.h>' or provide a declaration of 'printf'
../Core/Src/main.c:164:28: warning: format '%lu' expects argument of type 'long unsigned int', but argument 2 has type 'uint8_t *' {aka 'unsigned char *'} [-Wformat=]
  164 |                  printf("%lu\n",str);
      |                          ~~^    ~~~
      |                            |    |
      |                            |    uint8_t * {aka unsigned char *}
      |                            long unsigned int
      |                          %hhn
arm-none-eabi-gcc -o "yer_istasyonu.elf" @"objects.list"   -mcpu=cortex-m4 -T"C:\Users\merta\STM32CubeIDE\workspace_1.14.1\yer_istasyonu\yer_istasyonu\STM32G474CETX_FLASH.ld" --specs=nosys.specs -Wl,-Map="yer_istasyonu.map" -Wl,--gc-sections -static --specs=nano.specs -mfpu=fpv4-sp-d16 -mfloat-abi=hard -mthumb -Wl,--start-group -lc -lm -Wl,--end-group
Finished building target: yer_istasyonu.elf
 
arm-none-eabi-size  yer_istasyonu.elf 
arm-none-eabi-objdump -h -S yer_istasyonu.elf  > "yer_istasyonu.list"
   text	   data	    bss	    dec	    hex	filename
  26588	    104	   3296	  29988	   7524	yer_istasyonu.elf
Finished building: default.size.stdout
 
Finished building: yer_istasyonu.list
 
16:18:49 **** Incremental Build of configuration Debug for project yer_istasyonu ****
make -j16 all 
arm-none-eabi-size  yer_istasyonu.elf 
   text	   data	    bss	    dec	    hex	filename
  26588	    104	   3296	  29988	   7524	yer_istasyonu.elf
Finished building: default.size.stdout
 
16:31:06 **** Incremental Build of configuration Debug for project yer_istasyonu ****
make -j16 all 
arm-none-eabi-gcc "../Core/Src/main.c" -mcpu=cortex-m4 -std=gnu11 -g3 -DDEBUG -DUSE_HAL_DRIVER -DSTM32G474xx -c -I../Core/Inc -I../Drivers/STM32G4xx_HAL_Driver/Inc -I../Drivers/STM32G4xx_HAL_Driver/Inc/Legacy -I../Drivers/CMSIS/Device/ST/STM32G4xx/Include -I../Drivers/CMSIS/Include -O0 -ffunction-sections -fdata-sections -Wall -fstack-usage -fcyclomatic-complexity -MMD -MP -MF"Core/Src/main.d" -MT"Core/Src/main.o" --specs=nano.specs -mfpu=fpv4-sp-d16 -mfloat-abi=hard -mthumb -o "Core/Src/main.o"
../Core/Src/main.c: In function 'main':
../Core/Src/main.c:160:39: warning: pointer targets in passing argument 2 of 'LoRa_receive' differ in signedness [-Wpointer-sign]
  160 |                 LoRa_receive(&myLoRa, r, 20);
      |                                       ^
      |                                       |
      |                                       char *
In file included from ../Core/Src/main.c:29:
../Core/Inc/LoRa.h:122:44: note: expected 'uint8_t *' {aka 'unsigned char *'} but argument is of type 'char *'
  122 | uint8_t LoRa_receive(LoRa* _LoRa, uint8_t* data, uint8_t length);
      |                                   ~~~~~~~~~^~~~
arm-none-eabi-gcc -o "yer_istasyonu.elf" @"objects.list"   -mcpu=cortex-m4 -T"C:\Users\merta\STM32CubeIDE\workspace_1.14.1\yer_istasyonu\yer_istasyonu\STM32G474CETX_FLASH.ld" --specs=nosys.specs -Wl,-Map="yer_istasyonu.map" -Wl,--gc-sections -static --specs=nano.specs -mfpu=fpv4-sp-d16 -mfloat-abi=hard -mthumb -Wl,--start-group -lc -lm -Wl,--end-group
Finished building target: yer_istasyonu.elf
 
arm-none-eabi-size  yer_istasyonu.elf 
arm-none-eabi-objdump -h -S yer_istasyonu.elf  > "yer_istasyonu.list"
   text	   data	    bss	    dec	    hex	filename
  21488	     12	   2860	  24360	   5f28	yer_istasyonu.elf
Finished building: default.size.stdout
 
Finished building: yer_istasyonu.list
 
16:33:29 **** Incremental Build of configuration Debug for project yer_istasyonu ****
make -j16 all 
arm-none-eabi-size  yer_istasyonu.elf 
   text	   data	    bss	    dec	    hex	filename
  21488	     12	   2860	  24360	   5f28	yer_istasyonu.elf
Finished building: default.size.stdout
 
16:34:24 **** Incremental Build of configuration Debug for project yer_istasyonu ****
make -j16 all 
arm-none-eabi-size  yer_istasyonu.elf 
   text	   data	    bss	    dec	    hex	filename
[...]
  312 | uint32_t HAL_CRC_Calculate(CRC_HandleTypeDef *hcrc, uint32_t pBuffer[], uint32_t BufferLength);
      |                                                     ~~~~~~~~~^~~~~~~~~
../Core/Src/data_packet.c:30:55: warning: passing argument 2 of 'HAL_CRC_Calculate' from incompatible pointer type [-Wincompatible-pointer-types]
   30 |         transmit_data->crc = HAL_CRC_Calculate(&hcrc, buffer, 16);
      |                                                       ^~~~~~
      |                                                       |
      |                                                       uint8_t * {aka unsigned char *}
../Drivers/STM32G4xx_HAL_Driver/Inc/stm32g4xx_hal_crc.h:312:62: note: expected 'uint32_t *' {aka 'long unsigned int *'} but argument is of type 'uint8_t *' {aka 'unsigned char *'}
  312 | uint32_t HAL_CRC_Calculate(CRC_HandleTypeDef *hcrc, uint32_t pBuffer[], uint32_t BufferLength);
      |                                                     ~~~~~~~~~^~~~~~~~~
arm-none-eabi-gcc -o "yer_istasyonu.elf" @"objects.list"   -mcpu=cortex-m4 -T"C:\Users\merta\STM32CubeIDE\workspace_1.14.1\yer_istasyonu\yer_istasyonu\STM32G474CETX_FLASH.ld" --specs=nosys.specs -Wl,-Map="yer_istasyonu.map" -Wl,--gc-sections -static --specs=nano.specs -mfpu=fpv4-sp-d16 -mfloat-abi=hard -mthumb -Wl,--start-group -lc -lm -Wl,--end-group
C:/ST/STM32CubeIDE_1.14.1/STM32CubeIDE/plugins/com.st.stm32cube.ide.mcu.externaltools.gnu-tools-for-stm32.12.3.rel1.win32_1.0.100.202403111256/tools/bin/../lib/gcc/arm-none-eabi/12.3.1/../../../../arm-none-eabi/bin/ld.exe: C:/ST/STM32CubeIDE_1.14.1/STM32CubeIDE/plugins/com.st.stm32cube.ide.mcu.externaltools.gnu-tools-for-stm32.12.3.rel1.win32_1.0.100.202403111256/tools/bin/../lib/gcc/arm-none-eabi/12.3.1/../../../../arm-none-eabi/lib/thumb/v7e-m+fp/hard\libc_nano.a(libc_a-gettimeofdayr.o): in function `_gettimeofday_r':
(.text._gettimeofday_r+0xe): warning: _gettimeofday is not implemented and will always fail
Finished building target: yer_istasyonu.elf
 
arm-none-eabi-size  yer_istasyonu.elf 
arm-none-eabi-objdump -h -S yer_istasyonu.elf  > "yer_istasyonu.list"
   text	   data	    bss	    dec	    hex	filename
  28088	    104	   3264	  31456	   7ae0	yer_istasyonu.elf
Finished building: default.size.stdout
 
Finished building: yer_istasyonu.list
 
21:04:06 **** Incremental Build of configuration Debug for project yer_istasyonu ****
make -j16 all 
arm-none-eabi-gcc "../Core/Src/data_packet.c" -mcpu=cortex-m4 -std=gnu11 -g3 -DDEBUG -DUSE_HAL_DRIVER -DSTM32G474xx -c -I../Core/Inc -I../Drivers/STM32G4xx_HAL_Driver/Inc -I../Drivers/STM32G4xx_HAL_Driver/Inc/Legacy -I../Drivers/CMSIS/Device/ST/STM32G4xx/Include -I../Drivers/CMSIS/Include -O0 -ffunction-sections -fdata-sections -Wall -fstack-usage -fcyclomatic-complexity -MMD -MP -MF"Core/Src/data_packet.d" -MT"Core/Src/data_packet.o" --specs=nano.specs -mfpu=fpv4-sp-d16 -mfloat-abi=hard -mthumb -o "Core/Src/data_packet.o"
../Core/Src/data_packet.c: In function 'transmit_data_packet':
../Core/Src/data_packet.c:29:47: warning: passing argument 2 of 'HAL_CRC_Calculate' from incompatible pointer type [-Wincompatible-pointer-types]
   29 |         buffer[16] = HAL_CRC_Calculate(&hcrc, buffer, 16);
      |                                               ^~~~~~
      |                                               |
      |                                               uint8_t * {aka unsigned char *}
In file included from ../Core/Inc/stm32g4xx_hal_conf.h:240,
                 from ../Drivers/STM32G4xx_HAL_Driver/Inc/stm32g4xx_hal.h:29,
                 from ../Core/Inc/main.h:30,
                 from ../Core/Inc/data_packet.h:8,
                 from ../Core/Src/data_packet.c:1:
../Drivers/STM32G4xx_HAL_Driver/Inc/stm32g4xx_hal_crc.h:312:62: note: expected 'uint32_t *' {aka 'long unsigned int *'} but argument is of type 'uint8_t *' {aka 'unsigned char *'}
  312 | uint32_t HAL_CRC_Calculate(CRC_HandleTypeDef *hcrc, uint32_t pBuffer[], uint32_t BufferLength);
      |                                                     ~~~~~~~~~^~~~~~~~~
../Core/Src/data_packet.c:30:55: warning: passing argument 2 of 'HAL_CRC_Calculate' from incompatible pointer type [-Wincompatible-pointer-types]
   30 |         transmit_data->crc = HAL_CRC_Calculate(&hcrc, buffer, 16);
      |                                                       ^~~~~~
      |                                                       |
      |                                                       uint8_t * {aka unsigned char *}
../Drivers/STM32G4xx_HAL_Driver/Inc/stm32g4xx_hal_crc.h:312:62: note: expected 'uint32_t *' {aka 'long unsigned int *'} but argument is of type 'uint8_t *' {aka 'unsigned char *'}
  312 | uint32_t HAL_CRC_Calculate(CRC_HandleTypeDef *hcrc, uint32_t pBuffer[], uint32_t BufferLength);
      |                                                     ~~~~~~~~~^~~~~~~~~
arm-none-eabi-gcc -o "yer_istasyonu.elf" @"objects.list"   -mcpu=cortex-m4 -T"C:\Users\merta\STM32CubeIDE\workspace_1.14.1\yer_istasyonu\yer_istasyonu\STM32G474CETX_FLASH.ld" --specs=nosys.specs -Wl,-Map="yer_istasyonu.map" -Wl,--gc-sections -static --specs=nano.specs -mfpu=fpv4-sp-d16 -mfloat-abi=hard -mthumb -Wl,--start-group -lc -lm -Wl,--end-group
C:/ST/STM32CubeIDE_1.14.1/STM32CubeIDE/plugins/com.st.stm32cube.ide.mcu.externaltools.gnu-tools-for-stm32.12.3.rel1.win32_1.0.100.202403111256/tools/bin/../lib/gcc/arm-none-eabi/12.3.1/../../../../arm-none-eabi/bin/ld.exe: C:/ST/STM32CubeIDE_1.14.1/STM32CubeIDE/plugins/com.st.stm32cube.ide.mcu.externaltools.gnu-tools-for-stm32.12.3.rel1.win32_1.0.100.202403111256/tools/bin/../lib/gcc/arm-none-eabi/12.3.1/../../../../arm-none-eabi/lib/thumb/v7e-m+fp/hard\libc_nano.a(libc_a-gettimeofdayr.o): in function `_gettimeofday_r':
(.text._gettimeofday_r+0xe): warning: _gettimeofday is not implemented and will always fail
Finished building target: yer_istasyonu.elf
 
arm-none-eabi-size  yer_istasyonu.elf 
arm-none-eabi-objdump -h -S yer_istasyonu.elf  > "yer_istasyonu.list"
   text	   data	    bss	    dec	    hex	filename
  28088	    104	   3264	  31456	   7ae0	yer_istasyonu.elf
Finished building: default.size.stdout
 
Finished building: yer_istasyonu.list
 
21:06:01 **** Incremental Build of configuration Debug for project yer_istasyonu ****
make -j16 all 
arm-none-eabi-gcc "../Core/Src/data_packet.c" -mcpu=cortex-m4 -std=gnu11 -g3 -DDEBUG -DUSE_HAL_DRIVER -DSTM32G474xx -c -I../Core/Inc -I../Drivers/STM32G4xx_HAL_Driver/Inc -I../Drivers/STM32G4xx_HAL_Driver/Inc/Legacy -I../Drivers/CMSIS/Device/ST/STM32G4xx/Include -I../Drivers/CMSIS/Include -O0 -ffunction-sections -fdata-sections -Wall -fstack-usage -fcyclomatic-complexity -MMD -MP -MF"Core/Src/data_packet.d" -MT"Core/Src/data_packet.o" --specs=nano.specs -mfpu=fpv4-sp-d16 -mfloat-abi=hard -mthumb -o "Core/Src/data_packet.o"
../Core/Src/data_packet.c: In function 'transmit_data_packet':
../Core/Src/data_packet.c:29:47: warning: passing argument 2 of 'HAL_CRC_Calculate' from incompatible pointer type [-Wincompatible-pointer-types]
   29 |         buffer[16] = HAL_CRC_Calculate(&hcrc, buffer, 16);
      |                                               ^~~~~~
      |                                               |
      |                                               uint8_t * {aka unsigned char *}
In file included from ../Core/Inc/stm32g4xx_hal_conf.h:240,
                 from ../Drivers/STM32G4xx_HAL_Driver/Inc/stm32g4xx_hal.h:29,
                 from ../Core/Inc/main.h:30,
                 from ../Core/Inc/data_packet.h:8,
                 from ../Core/Src/data_packet.c:1:
../Drivers/STM32G4xx_HAL_Driver/Inc/stm32g4xx_hal_crc.h:312:62: note: expected 'uint32_t *' {aka 'long unsigned int *'} but argument is of type 'uint8_t *' {aka 'unsigned char *'}
  312 | uint32_t HAL_CRC_Calculate(CRC_HandleTypeDef *hcrc, uint32_t pBuffer[], uint32_t BufferLength);
      |                                                     ~~~~~~~~~^~~~~~~~~
../Core/Src/data_packet.c:30:55: warning: passing argument 2 of 'HAL_CRC_Calculate' from incompatible pointer type [-Wincompatible-pointer-types]
   30 |         transmit_data->crc = HAL_CRC_Calculate(&hcrc, buffer, 16);
      |                                                       ^~~~~~
      |                                                       |
      |                                                       uint8_t * {aka unsigned char *}
../Drivers/STM32G4xx_HAL_Driver/Inc/stm32g4xx_hal_crc.h:312:62: note: expected 'uint32_t *' {aka 'long unsigned int *'} but argument is of type 'uint8_t *' {aka 'unsigned char *'}
  312 | uint32_t HAL_CRC_Calculate(CRC_HandleTypeDef *hcrc, uint32_t pBuffer[], uint32_t BufferLength);
      |                                                     ~~~~~~~~~^~~~~~~~~
arm-none-eabi-gcc -o "yer_istasyonu.elf" @"objects.list"   -mcpu=cortex-m4 -T"C:\Users\merta\STM32CubeIDE\workspace_1.14.1\yer_istasyonu\yer_istasyonu\STM32G474CETX_FLASH.ld" --specs=nosys.specs -Wl,-Map="yer_istasyonu.map" -Wl,--gc-sections -static --specs=nano.specs -mfpu=fpv4-sp-d16 -mfloat-abi=hard -mthumb -Wl,--start-group -lc -lm -Wl,--end-group
C:/ST/STM32CubeIDE_1.14.1/STM32CubeIDE/plugins/com.st.stm32cube.ide.mcu.externaltools.gnu-tools-for-stm32.12.3.rel1.win32_1.0.100.202403111256/tools/bin/../lib/gcc/arm-none-eabi/12.3.1/../../../../arm-none-eabi/bin/ld.exe: C:/ST/STM32CubeIDE_1.14.1/STM32CubeIDE/plugins/com.st.stm32cube.ide.mcu.externaltools.gnu-tools-for-stm32.12.3.rel1.win32_1.0.100.202403111256/tools/bin/../lib/gcc/arm-none-eabi/12.3.1/../../../../arm-none-eabi/lib/thumb/v7e-m+fp/hard\libc_nano.a(libc_a-gettimeofdayr.o): in function `_gettimeofday_r':
(.text._gettimeofday_r+0xe): warning: _gettimeofday is not implemented and will always fail
Finished building target: yer_istasyonu.elf
 
arm-none-eabi-size  yer_istasyonu.elf 
arm-none-eabi-objdump -h -S yer_istasyonu.elf  > "yer_istasyonu.list"
   text	   data	    bss	    dec	    hex	filename
  28088	    104	   3264	  31456	   7ae0	yer_istasyonu.elf
Finished building: default.size.stdout
 
Finished building: yer_istasyonu.list
 
21:06:42 **** Incremental Build of configuration Debug for project yer_istasyonu ****
make -j16 all 
arm-none-eabi-gcc "../Core/Src/data_packet.c" -mcpu=cortex-m4 -std=gnu11 -g3 -DDEBUG -DUSE_HAL_DRIVER -DSTM32G474xx -c -I../Core/Inc -I../Drivers/STM32G4xx_HAL_Driver/Inc -I../Drivers/STM32G4xx_HAL_Driver/Inc/Legacy -I../Drivers/CMSIS/Device/ST/STM32G4xx/Include -I../Drivers/CMSIS/Include -O0 -ffunction-sections -fdata-sections -Wall -fstack-usage -fcyclomatic-complexity -MMD -MP -MF"Core/Src/data_packet.d" -MT"Core/Src/data_packet.o" --specs=nano.specs -mfpu=fpv4-sp-d16 -mfloat-abi=hard -mthumb -o "Core/Src/data_packet.o"
../Core/Src/data_packet.c: In function 'transmit_data_packet':
../Core/Src/data_packet.c:29:47: warning: passing argument 2 of 'HAL_CRC_Calculate' from incompatible pointer type [-Wincompatible-pointer-types]
   29 |         buffer[16] = HAL_CRC_Calculate(&hcrc, buffer, 16);
      |                                               ^~~~~~
      |                                               |
      |                                               uint8_t * {aka unsigned char *}
In file included from ../Core/Inc/stm32g4xx_hal_conf.h:240,
                 from ../Drivers/STM32G4xx_HAL_Driver/Inc/stm32g4xx_hal.h:29,
                 from ../Core/Inc/main.h:30,
                 from ../Core/Inc/data_packet.h:8,
                 from ../Core/Src/data_packet.c:1:
../Drivers/STM32G4xx_HAL_Driver/Inc/stm32g4xx_hal_crc.h:312:62: note: expected 'uint32_t *' {aka 'long unsigned int *'} but argument is of type 'uint8_t *' {aka 'unsigned char *'}
  312 | uint32_t HAL_CRC_Calculate(CRC_HandleTypeDef *hcrc, uint32_t pBuffer[], uint32_t BufferLength);
      |                                                     ~~~~~~~~~^~~~~~~~~
../Core/Src/data_packet.c:30:55: warning: passing argument 2 of 'HAL_CRC_Calculate' from incompatible pointer type [-Wincompatible-pointer-types]
   30 |         transmit_data->crc = HAL_CRC_Calculate(&hcrc, buffer, 16);
      |                                                       ^~~~~~
      |                                                       |
      |                                                       uint8_t * {aka unsigned char *}
../Drivers/STM32G4xx_HAL_Driver/Inc/stm32g4xx_hal_crc.h:312:62: note: expected 'uint32_t *' {aka 'long unsigned int *'} but argument is of type 'uint8_t *' {aka 'unsigned char *'}
  312 | uint32_t HAL_CRC_Calculate(CRC_HandleTypeDef *hcrc, uint32_t pBuffer[], uint32_t BufferLength);
      |                                                     ~~~~~~~~~^~~~~~~~~
arm-none-eabi-gcc -o "yer_istasyonu.elf" @"objects.list"   -mcpu=cortex-m4 -T"C:\Users\merta\STM32CubeIDE\workspace_1.14.1\yer_istasyonu\yer_istasyonu\STM32G474CETX_FLASH.ld" --specs=nosys.specs -Wl,-Map="yer_istasyonu.map" -Wl,--gc-sections -static --specs=nano.specs -mfpu=fpv4-sp-d16 -mfloat-abi=hard -mthumb -Wl,--start-group -lc -lm -Wl,--end-group
C:/ST/STM32CubeIDE_1.14.1/STM32CubeIDE/plugins/com.st.stm32cube.ide.mcu.externaltools.gnu-tools-for-stm32.12.3.rel1.win32_1.0.100.202403111256/tools/bin/../lib/gcc/arm-none-eabi/12.3.1/../../../../arm-none-eabi/bin/ld.exe: C:/ST/STM32CubeIDE_1.14.1/STM32CubeIDE/plugins/com.st.stm32cube.ide.mcu.externaltools.gnu-tools-for-stm32.12.3.rel1.win32_1.0.100.202403111256/tools/bin/../lib/gcc/arm-none-eabi/12.3.1/../../../../arm-none-eabi/lib/thumb/v7e-m+fp/hard\libc_nano.a(libc_a-gettimeofdayr.o): in function `_gettimeofday_r':
(.text._gettimeofday_r+0xe): warning: _gettimeofday is not implemented and will always fail
Finished building target: yer_istasyonu.elf
 
arm-none-eabi-size  yer_istasyonu.elf 
arm-none-eabi-objdump -h -S yer_istasyonu.elf  > "yer_istasyonu.list"
   text	   data	    bss	    dec	    hex	filename
  28088	    104	   3264	  31456	   7ae0	yer_istasyonu.elf
Finished building: default.size.stdout
 
Finished building: yer_istasyonu.list
 
21:10:23 **** Incremental Build of configuration Debug for project yer_istasyonu ****
make -j16 all 
arm-none-eabi-gcc "../Core/Src/data_packet.c" -mcpu=cortex-m4 -std=gnu11 -g3 -DDEBUG -DUSE_HAL_DRIVER -DSTM32G474xx -c -I../Core/Inc -I../Drivers/STM32G4xx_HAL_Driver/Inc -I../Drivers/STM32G4xx_HAL_Driver/Inc/Legacy -I../Drivers/CMSIS/Device/ST/STM32G4xx/Include -I../Drivers/CMSIS/Include -O0 -ffunction-sections -fdata-sections -Wall -fstack-usage -fcyclomatic-complexity -MMD -MP -MF"Core/Src/data_packet.d" -MT"Core/Src/data_packet.o" --specs=nano.specs -mfpu=fpv4-sp-d16 -mfloat-abi=hard -mthumb -o "Core/Src/data_packet.o"
../Core/Src/data_packet.c: In function 'transmit_data_packet':
../Core/Src/data_packet.c:25:44: error: 'Data_packet' {aka 'struct data_packet'} has no member named 'longitude'; did you mean 'longtitude'?
   25 |     *(float *)&buffer[12] = transmit_data->longitude;
      |                                            ^~~~~~~~~
      |                                            longtitude
../Core/Src/data_packet.c:28:45: warning: passing argument 2 of 'HAL_CRC_Calculate' from incompatible pointer type [-Wincompatible-pointer-types]
   28 |     uint16_t crc = HAL_CRC_Calculate(&hcrc, buffer, 20); // 20 byte'lık buffer için CRC hesaplanıyor
      |                                             ^~~~~~
      |                                             |
      |                                             uint8_t * {aka unsigned char *}
In file included from ../Core/Inc/stm32g4xx_hal_conf.h:240,
                 from ../Drivers/STM32G4xx_HAL_Driver/Inc/stm32g4xx_hal.h:29,
                 from ../Core/Inc/main.h:30,
                 from ../Core/Inc/data_packet.h:8,
                 from ../Core/Src/data_packet.c:1:
../Drivers/STM32G4xx_HAL_Driver/Inc/stm32g4xx_hal_crc.h:312:62: note: expected 'uint32_t *' {aka 'long unsigned int *'} but argument is of type 'uint8_t *' {aka 'unsigned char *'}
  312 | uint32_t HAL_CRC_Calculate(CRC_HandleTypeDef *hcrc, uint32_t pBuffer[], uint32_t BufferLength);
      |                                                     ~~~~~~~~~^~~~~~~~~
../Core/Src/data_packet.c:35:12: warning: returning 'uint8_t *' {aka 'unsigned char *'} from a function with return type 'uint8_t' {aka 'unsigned char'} makes integer from pointer without a cast [-Wint-conversion]
   35 |     return buffer; // Return değeri buffer
      |            ^~~~~~
make: *** [Core/Src/subdir.mk:55: Core/Src/data_packet.o] Error 1
"make -j16 all" terminated with exit code 2. Build might be incomplete.
21:11:55 **** Incremental Build of configuration Debug for project yer_istasyonu ****
make -j16 all 
arm-none-eabi-gcc "../Core/Src/data_packet.c" -mcpu=cortex-m4 -std=gnu11 -g3 -DDEBUG -DUSE_HAL_DRIVER -DSTM32G474xx -c -I../Core/Inc -I../Drivers/STM32G4xx_HAL_Driver/Inc -I../Drivers/STM32G4xx_HAL_Driver/Inc/Legacy -I../Drivers/CMSIS/Device/ST/STM32G4xx/Include -I../Drivers/CMSIS/Include -O0 -ffunction-sections -fdata-sections -Wall -fstack-usage -fcyclomatic-complexity -MMD -MP -MF"Core/Src/data_packet.d" -MT"Core/Src/data_packet.o" --specs=nano.specs -mfpu=fpv4-sp-d16 -mfloat-abi=hard -mthumb -o "Core/Src/data_packet.o"
../Core/Src/data_packet.c: In function 'transmit_data_packet':
../Core/Src/data_packet.c:28:45: warning: passing argument 2 of 'HAL_CRC_Calculate' from incompatible pointer type [-Wincompatible-pointer-types]
   28 |     uint16_t crc = HAL_CRC_Calculate(&hcrc, buffer, 20); // 20 byte'lık buffer için CRC hesaplanıyor
      |                                             ^~~~~~
      |                                             |
      |                                             uint8_t * {aka unsigned char *}
In file included from ../Core/Inc/stm32g4xx_hal_conf.h:240,
                 from ../Drivers/STM32G4xx_HAL_Driver/Inc/stm32g4xx_hal.h:29,
                 from ../Core/Inc/main.h:30,
                 from ../Core/Inc/data_packet.h:8,
                 from ../Core/Src/data_packet.c:1:
../Drivers/STM32G4xx_HAL_Driver/Inc/stm32g4xx_hal_crc.h:312:62: note: expected 'uint32_t *' {aka 'long unsigned int *'} but argument is of type 'uint8_t *' {aka 'unsigned char *'}
  312 | uint32_t HAL_CRC_Calculate(CRC_HandleTypeDef *hcrc, uint32_t pBuffer[], uint32_t BufferLength);
      |                                                     ~~~~~~~~~^~~~~~~~~
../Core/Src/data_packet.c:35:12: warning: returning 'uint8_t *' {aka 'unsigned char *'} from a function with return type 'uint8_t' {aka 'unsigned char'} makes integer from pointer without a cast [-Wint-conversion]
   35 |     return buffer; // Return değeri buffer
      |            ^~~~~~
arm-none-eabi-gcc -o "yer_istasyonu.elf" @"objects.list"   -mcpu=cortex-m4 -T"C:\Users\merta\STM32CubeIDE\workspace_1.14.1\yer_istasyonu\yer_istasyonu\STM32G474CETX_FLASH.ld" --specs=nosys.specs -Wl,-Map="yer_istasyonu.map" -Wl,--gc-sections -static --specs=nano.specs -mfpu=fpv4-sp-d16 -mfloat-abi=hard -mthumb -Wl,--start-group -lc -lm -Wl,--end-group
C:/ST/STM32CubeIDE_1.14.1/STM32CubeIDE/plugins/com.st.stm32cube.ide.mcu.externaltools.gnu-tools-for-stm32.12.3.rel1.win32_1.0.100.202403111256/tools/bin/../lib/gcc/arm-none-eabi/12.3.1/../../../../arm-none-eabi/bin/ld.exe: C:/ST/STM32CubeIDE_1.14.1/STM32CubeIDE/plugins/com.st.stm32cube.ide.mcu.externaltools.gnu-tools-for-stm32.12.3.rel1.win32_1.0.100.202403111256/tools/bin/../lib/gcc/arm-none-eabi/12.3.1/../../../../arm-none-eabi/lib/thumb/v7e-m+fp/hard\libc_nano.a(libc_a-gettimeofdayr.o): in function `_gettimeofday_r':
(.text._gettimeofday_r+0xe): warning: _gettimeofday is not implemented and will always fail
Finished building target: yer_istasyonu.elf
 
arm-none-eabi-size  yer_istasyonu.elf 
arm-none-eabi-objdump -h -S yer_istasyonu.elf  > "yer_istasyonu.list"
   text	   data	    bss	    dec	    hex	filename
  28140	    104	   3264	  31508	   7b14	yer_istasyonu.elf
Finished building: default.size.stdout
 
Finished building: yer_istasyonu.list
 
